[bundle] Running run_pursuit_b.py from /content/jobs/pursuit-b-3shapes-40000-20260915T215142Z-165d50/src/08_overlap_bench, log at /content/jobs/pursuit-b-3shapes-40000-20260915T215142Z-165d50/src/08_overlap_bench/outputs/run_pursuit_b.log
[pursuit-b] known-answer check passed: {"in_phase": 1.1102230246251565e-16, "antiphase": -1.9999999999979998, "d_apart": -0.3496110824024409, "half_coherent": 0.2499999999987501}
[pursuit-b] old-formula control: antiphase gives 1.1102230246251565e-16
[pursuit-b] oracle passed: at init this is M0 (max orbit rel err 1.07e-14, labels identical on all 3)
[pursuit-b] precomputing M0 layer-1 masks for 16000 images on cuda
[pursuit-b]   layer-1 precompute 32/16000
[pursuit-b]   layer-1 precompute 1632/16000
[pursuit-b]   layer-1 precompute 3232/16000
[pursuit-b]   layer-1 precompute 4832/16000
[pursuit-b]   layer-1 precompute 6432/16000
[pursuit-b]   layer-1 precompute 8032/16000
[pursuit-b]   layer-1 precompute 9632/16000
[pursuit-b]   layer-1 precompute 11232/16000
[pursuit-b]   layer-1 precompute 12832/16000
[pursuit-b]   layer-1 precompute 14432/16000
[pursuit-b] resumed from outputs/ckpt-3shapes-40000-resume-parent.pt at step 20000 with optimizer state -- bit-identical continuation
[pursuit-b] training 20000 steps (global 20000->40000), batch 32, lr 0.001, on cuda
/content/jobs/pursuit-b-3shapes-40000-20260915T215142Z-165d50/src/08_overlap_bench/scripts/run_pursuit_b.py:353: UserWarning: Converting a tensor with requires_grad=True to a scalar may lead to unexpected behavior.
Consider using tensor.detach() first. (Triggered internally at /pytorch/torch/csrc/autograd/generated/python_variable_methods.cpp:835.)
  curve.append({"step": global_step + 1, "loss": float(loss)})
[pursuit-b] step 20025/40000 loss -1.278591 (0.158s/step)
[pursuit-b] step 20050/40000 loss -1.294396 (0.148s/step)
[pursuit-b] step 20075/40000 loss -1.288339 (0.145s/step)
[pursuit-b] step 20100/40000 loss -1.303635 (0.143s/step)
[pursuit-b] step 20125/40000 loss -1.292972 (0.143s/step)
[pursuit-b] step 20150/40000 loss -1.287388 (0.142s/step)
[pursuit-b] step 20175/40000 loss -1.310454 (0.141s/step)
[pursuit-b] step 20200/40000 loss -1.309941 (0.141s/step)
[pursuit-b] step 20225/40000 loss -1.279123 (0.141s/step)
[pursuit-b] step 20250/40000 loss -1.290444 (0.141s/step)
[pursuit-b] step 20275/40000 loss -1.305348 (0.140s/step)
[pursuit-b] step 20300/40000 loss -1.307935 (0.140s/step)
[pursuit-b] step 20325/40000 loss -1.312871 (0.140s/step)
[pursuit-b] step 20350/40000 loss -1.251796 (0.139s/step)
[pursuit-b] step 20375/40000 loss -1.280738 (0.139s/step)
[pursuit-b] step 20400/40000 loss -1.290357 (0.139s/step)
[pursuit-b] step 20425/40000 loss -1.284877 (0.139s/step)
[pursuit-b] step 20450/40000 loss -1.292009 (0.139s/step)
[pursuit-b] step 20475/40000 loss -1.264991 (0.139s/step)
[pursuit-b] step 20500/40000 loss -1.310604 (0.139s/step)
[pursuit-b] step 20525/40000 loss -1.267805 (0.139s/step)
[pursuit-b] step 20550/40000 loss -1.290967 (0.139s/step)
[pursuit-b] step 20575/40000 loss -1.293976 (0.138s/step)
[pursuit-b] step 20600/40000 loss -1.300421 (0.138s/step)
[pursuit-b] step 20625/40000 loss -1.289966 (0.138s/step)
[pursuit-b] step 20650/40000 loss -1.279612 (0.139s/step)
[pursuit-b] step 20675/40000 loss -1.311407 (0.138s/step)
[pursuit-b] step 20700/40000 loss -1.320028 (0.138s/step)
[pursuit-b] step 20725/40000 loss -1.281777 (0.139s/step)
[pursuit-b] step 20750/40000 loss -1.297352 (0.139s/step)
[pursuit-b] step 20775/40000 loss -1.295455 (0.139s/step)
[pursuit-b] step 20800/40000 loss -1.295806 (0.139s/step)
[pursuit-b] step 20825/40000 loss -1.317228 (0.139s/step)
[pursuit-b] step 20850/40000 loss -1.247001 (0.139s/step)
[pursuit-b] step 20875/40000 loss -1.287776 (0.139s/step)
[pursuit-b] step 20900/40000 loss -1.277589 (0.139s/step)
[pursuit-b] step 20925/40000 loss -1.298979 (0.139s/step)
[pursuit-b] step 20950/40000 loss -1.281418 (0.139s/step)
[pursuit-b] step 20975/40000 loss -1.267216 (0.139s/step)
[pursuit-b] step 21000/40000 loss -1.304709 (0.139s/step)
[pursuit-b] step 21025/40000 loss -1.273296 (0.139s/step)
[pursuit-b] step 21050/40000 loss -1.308819 (0.139s/step)
[pursuit-b] step 21075/40000 loss -1.286125 (0.139s/step)
[pursuit-b] step 21100/40000 loss -1.306351 (0.139s/step)
[pursuit-b] step 21125/40000 loss -1.301739 (0.139s/step)
[pursuit-b] step 21150/40000 loss -1.295231 (0.139s/step)
[pursuit-b] step 21175/40000 loss -1.318760 (0.139s/step)
[pursuit-b] step 21200/40000 loss -1.307671 (0.139s/step)
[pursuit-b] step 21225/40000 loss -1.284029 (0.139s/step)
[pursuit-b] step 21250/40000 loss -1.283507 (0.139s/step)
[pursuit-b] step 21275/40000 loss -1.294312 (0.139s/step)
[pursuit-b] step 21300/40000 loss -1.304827 (0.139s/step)
[pursuit-b] step 21325/40000 loss -1.302736 (0.138s/step)
[pursuit-b] step 21350/40000 loss -1.246619 (0.138s/step)
[pursuit-b] step 21375/40000 loss -1.285999 (0.138s/step)
[pursuit-b] step 21400/40000 loss -1.284625 (0.138s/step)
[pursuit-b] step 21425/40000 loss -1.284199 (0.138s/step)
[pursuit-b] step 21450/40000 loss -1.287730 (0.138s/step)
[pursuit-b] step 21475/40000 loss -1.267702 (0.138s/step)
[pursuit-b] step 21500/40000 loss -1.312427 (0.138s/step)
[pursuit-b] step 21525/40000 loss -1.263783 (0.138s/step)
[pursuit-b] step 21550/40000 loss -1.295480 (0.138s/step)
[pursuit-b] step 21575/40000 loss -1.285243 (0.139s/step)
[pursuit-b] step 21600/40000 loss -1.309108 (0.139s/step)
[pursuit-b] step 21625/40000 loss -1.296408 (0.139s/step)
[pursuit-b] step 21650/40000 loss -1.285434 (0.139s/step)
[pursuit-b] step 21675/40000 loss -1.322314 (0.139s/step)
[pursuit-b] step 21700/40000 loss -1.314827 (0.139s/step)
[pursuit-b] step 21725/40000 loss -1.296168 (0.139s/step)
[pursuit-b] step 21750/40000 loss -1.294615 (0.139s/step)
[pursuit-b] step 21775/40000 loss -1.286972 (0.139s/step)
[pursuit-b] step 21800/40000 loss -1.315021 (0.139s/step)
[pursuit-b] step 21825/40000 loss -1.312482 (0.139s/step)
[pursuit-b] step 21850/40000 loss -1.256105 (0.139s/step)
[pursuit-b] step 21875/40000 loss -1.295399 (0.139s/step)
[pursuit-b] step 21900/40000 loss -1.285035 (0.139s/step)
[pursuit-b] step 21925/40000 loss -1.287205 (0.139s/step)
[pursuit-b] step 21950/40000 loss -1.272956 (0.139s/step)
[pursuit-b] step 21975/40000 loss -1.255375 (0.139s/step)
[pursuit-b] step 22000/40000 loss -1.308126 (0.139s/step)
[pursuit-b] step 22025/40000 loss -1.258301 (0.139s/step)
[pursuit-b] step 22050/40000 loss -1.305181 (0.139s/step)
[pursuit-b] step 22075/40000 loss -1.297051 (0.139s/step)
[pursuit-b] step 22100/40000 loss -1.306055 (0.139s/step)
[pursuit-b] step 22125/40000 loss -1.310113 (0.139s/step)
[pursuit-b] step 22150/40000 loss -1.285899 (0.139s/step)
[pursuit-b] step 22175/40000 loss -1.316352 (0.139s/step)
[pursuit-b] step 22200/40000 loss -1.312507 (0.139s/step)
[pursuit-b] step 22225/40000 loss -1.288459 (0.139s/step)
[pursuit-b] step 22250/40000 loss -1.277900 (0.139s/step)
[pursuit-b] step 22275/40000 loss -1.291129 (0.139s/step)
[pursuit-b] step 22300/40000 loss -1.313979 (0.139s/step)
[pursuit-b] step 22325/40000 loss -1.304854 (0.139s/step)
[pursuit-b] step 22350/40000 loss -1.261917 (0.139s/step)
[pursuit-b] step 22375/40000 loss -1.285260 (0.139s/step)
[pursuit-b] step 22400/40000 loss -1.289443 (0.139s/step)
[pursuit-b] step 22425/40000 loss -1.294619 (0.139s/step)
[pursuit-b] step 22450/40000 loss -1.242779 (0.139s/step)
[pursuit-b] step 22475/40000 loss -1.274690 (0.139s/step)
[pursuit-b] step 22500/40000 loss -1.298957 (0.139s/step)
[pursuit-b] step 22525/40000 loss -1.266909 (0.139s/step)
[pursuit-b] step 22550/40000 loss -1.314474 (0.139s/step)
[pursuit-b] step 22575/40000 loss -1.289954 (0.139s/step)
[pursuit-b] step 22600/40000 loss -1.302264 (0.139s/step)
[pursuit-b] step 22625/40000 loss -1.308427 (0.139s/step)
[pursuit-b] step 22650/40000 loss -1.291574 (0.139s/step)
[pursuit-b] step 22675/40000 loss -1.302766 (0.139s/step)
[pursuit-b] step 22700/40000 loss -1.319252 (0.139s/step)
[pursuit-b] step 22725/40000 loss -1.281978 (0.139s/step)
[pursuit-b] step 22750/40000 loss -1.253962 (0.139s/step)
[pursuit-b] step 22775/40000 loss -1.302503 (0.139s/step)
[pursuit-b] step 22800/40000 loss -1.307402 (0.139s/step)
[pursuit-b] step 22825/40000 loss -1.318077 (0.139s/step)
[pursuit-b] step 22850/40000 loss -1.260593 (0.139s/step)
[pursuit-b] step 22875/40000 loss -1.292171 (0.139s/step)
[pursuit-b] step 22900/40000 loss -1.285785 (0.139s/step)
[pursuit-b] step 22925/40000 loss -1.296193 (0.139s/step)
[pursuit-b] step 22950/40000 loss -1.271148 (0.139s/step)
[pursuit-b] step 22975/40000 loss -1.247492 (0.139s/step)
[pursuit-b] step 23000/40000 loss -1.309883 (0.139s/step)
[pursuit-b] step 23025/40000 loss -1.272484 (0.139s/step)
[pursuit-b] step 23050/40000 loss -1.305512 (0.139s/step)
[pursuit-b] step 23075/40000 loss -1.283065 (0.139s/step)
[pursuit-b] step 23100/40000 loss -1.305312 (0.139s/step)
[pursuit-b] step 23125/40000 loss -1.314598 (0.139s/step)
[pursuit-b] step 23150/40000 loss -1.283574 (0.139s/step)
[pursuit-b] step 23175/40000 loss -1.299069 (0.139s/step)
[pursuit-b] step 23200/40000 loss -1.321286 (0.139s/step)
[pursuit-b] step 23225/40000 loss -1.288789 (0.139s/step)
[pursuit-b] step 23250/40000 loss -1.286494 (0.139s/step)
[pursuit-b] step 23275/40000 loss -1.312768 (0.139s/step)
[pursuit-b] step 23300/40000 loss -1.316295 (0.139s/step)
[pursuit-b] step 23325/40000 loss -1.311970 (0.139s/step)
[pursuit-b] step 23350/40000 loss -1.272665 (0.139s/step)
[pursuit-b] step 23375/40000 loss -1.294992 (0.139s/step)
[pursuit-b] step 23400/40000 loss -1.294382 (0.139s/step)
[pursuit-b] step 23425/40000 loss -1.305622 (0.139s/step)
[pursuit-b] step 23450/40000 loss -1.267668 (0.139s/step)
[pursuit-b] step 23475/40000 loss -1.257703 (0.139s/step)
[pursuit-b] step 23500/40000 loss -1.300258 (0.139s/step)
[pursuit-b] step 23525/40000 loss -1.263726 (0.139s/step)
[pursuit-b] step 23550/40000 loss -1.292503 (0.139s/step)
[pursuit-b] step 23575/40000 loss -1.267499 (0.139s/step)
[pursuit-b] step 23600/40000 loss -1.301364 (0.139s/step)
[pursuit-b] step 23625/40000 loss -1.310524 (0.139s/step)
[pursuit-b] step 23650/40000 loss -1.295216 (0.139s/step)
[pursuit-b] step 23675/40000 loss -1.290864 (0.139s/step)
[pursuit-b] step 23700/40000 loss -1.316317 (0.139s/step)
[pursuit-b] step 23725/40000 loss -1.284541 (0.139s/step)
[pursuit-b] step 23750/40000 loss -1.276517 (0.139s/step)
[pursuit-b] step 23775/40000 loss -1.310703 (0.139s/step)
[pursuit-b] step 23800/40000 loss -1.313027 (0.139s/step)
[pursuit-b] step 23825/40000 loss -1.309769 (0.139s/step)
[pursuit-b] step 23850/40000 loss -1.258323 (0.139s/step)
[pursuit-b] step 23875/40000 loss -1.299206 (0.139s/step)
[pursuit-b] step 23900/40000 loss -1.300587 (0.139s/step)
[pursuit-b] step 23925/40000 loss -1.305191 (0.139s/step)
[pursuit-b] step 23950/40000 loss -1.276450 (0.139s/step)
[pursuit-b] step 23975/40000 loss -1.270295 (0.139s/step)
[pursuit-b] step 24000/40000 loss -1.313374 (0.139s/step)
[pursuit-b] step 24025/40000 loss -1.256872 (0.139s/step)
[pursuit-b] step 24050/40000 loss -1.307543 (0.139s/step)
[pursuit-b] step 24075/40000 loss -1.285872 (0.139s/step)
[pursuit-b] step 24100/40000 loss -1.316110 (0.139s/step)
[pursuit-b] step 24125/40000 loss -1.313756 (0.139s/step)
[pursuit-b] step 24150/40000 loss -1.308877 (0.139s/step)
[pursuit-b] step 24175/40000 loss -1.298792 (0.139s/step)
[pursuit-b] step 24200/40000 loss -1.313692 (0.139s/step)
[pursuit-b] step 24225/40000 loss -1.293061 (0.139s/step)
[pursuit-b] step 24250/40000 loss -1.291454 (0.139s/step)
[pursuit-b] step 24275/40000 loss -1.308865 (0.139s/step)
[pursuit-b] step 24300/40000 loss -1.314800 (0.139s/step)
[pursuit-b] step 24325/40000 loss -1.321776 (0.139s/step)
[pursuit-b] step 24350/40000 loss -1.268120 (0.139s/step)
[pursuit-b] step 24375/40000 loss -1.298058 (0.139s/step)
[pursuit-b] step 24400/40000 loss -1.286883 (0.139s/step)
[pursuit-b] step 24425/40000 loss -1.291266 (0.139s/step)
[pursuit-b] step 24450/40000 loss -1.287578 (0.139s/step)
[pursuit-b] step 24475/40000 loss -1.274646 (0.139s/step)
[pursuit-b] step 24500/40000 loss -1.317391 (0.139s/step)
[pursuit-b] step 24525/40000 loss -1.282789 (0.139s/step)
[pursuit-b] step 24550/40000 loss -1.315399 (0.139s/step)
[pursuit-b] step 24575/40000 loss -1.295290 (0.139s/step)
[pursuit-b] step 24600/40000 loss -1.310566 (0.139s/step)
[pursuit-b] step 24625/40000 loss -1.321030 (0.139s/step)
[pursuit-b] step 24650/40000 loss -1.309432 (0.139s/step)
[pursuit-b] step 24675/40000 loss -1.311959 (0.139s/step)
[pursuit-b] step 24700/40000 loss -1.325662 (0.139s/step)
[pursuit-b] step 24725/40000 loss -1.292621 (0.139s/step)
[pursuit-b] step 24750/40000 loss -1.298275 (0.139s/step)
[pursuit-b] step 24775/40000 loss -1.318918 (0.139s/step)
[pursuit-b] step 24800/40000 loss -1.309848 (0.139s/step)
[pursuit-b] step 24825/40000 loss -1.323443 (0.139s/step)
[pursuit-b] step 24850/40000 loss -1.275492 (0.139s/step)
[pursuit-b] step 24875/40000 loss -1.307514 (0.139s/step)
[pursuit-b] step 24900/40000 loss -1.294242 (0.139s/step)
[pursuit-b] step 24925/40000 loss -1.301804 (0.139s/step)
[pursuit-b] step 24950/40000 loss -1.294966 (0.139s/step)
[pursuit-b] step 24975/40000 loss -1.282506 (0.139s/step)
[pursuit-b] step 25000/40000 loss -1.319243 (0.139s/step)
[pursuit-b] step 25025/40000 loss -1.281884 (0.139s/step)
[pursuit-b] step 25050/40000 loss -1.319816 (0.139s/step)
[pursuit-b] step 25075/40000 loss -1.293532 (0.139s/step)
[pursuit-b] step 25100/40000 loss -1.314773 (0.139s/step)
[pursuit-b] step 25125/40000 loss -1.320590 (0.139s/step)
[pursuit-b] step 25150/40000 loss -1.310882 (0.139s/step)
[pursuit-b] step 25175/40000 loss -1.312244 (0.139s/step)
[pursuit-b] step 25200/40000 loss -1.326405 (0.139s/step)
[pursuit-b] step 25225/40000 loss -1.283009 (0.139s/step)
[pursuit-b] step 25250/40000 loss -1.300438 (0.139s/step)
[pursuit-b] step 25275/40000 loss -1.312418 (0.139s/step)
[pursuit-b] step 25300/40000 loss -1.312145 (0.139s/step)
[pursuit-b] step 25325/40000 loss -1.323815 (0.139s/step)
[pursuit-b] step 25350/40000 loss -1.273916 (0.139s/step)
[pursuit-b] step 25375/40000 loss -1.306365 (0.139s/step)
[pursuit-b] step 25400/40000 loss -1.292856 (0.139s/step)
[pursuit-b] step 25425/40000 loss -1.319454 (0.139s/step)
[pursuit-b] step 25450/40000 loss -1.296654 (0.139s/step)
[pursuit-b] step 25475/40000 loss -1.281029 (0.139s/step)
[pursuit-b] step 25500/40000 loss -1.322560 (0.139s/step)
[pursuit-b] step 25525/40000 loss -1.293960 (0.139s/step)
[pursuit-b] step 25550/40000 loss -1.323971 (0.138s/step)
[pursuit-b] step 25575/40000 loss -1.297565 (0.138s/step)
[pursuit-b] step 25600/40000 loss -1.312786 (0.139s/step)
[pursuit-b] step 25625/40000 loss -1.323369 (0.138s/step)
[pursuit-b] step 25650/40000 loss -1.319086 (0.138s/step)
[pursuit-b] step 25675/40000 loss -1.312330 (0.138s/step)
[pursuit-b] step 25700/40000 loss -1.329279 (0.138s/step)
[pursuit-b] step 25725/40000 loss -1.293594 (0.138s/step)
[pursuit-b] step 25750/40000 loss -1.291148 (0.138s/step)
[pursuit-b] step 25775/40000 loss -1.312350 (0.138s/step)
[pursuit-b] step 25800/40000 loss -1.335321 (0.138s/step)
[pursuit-b] step 25825/40000 loss -1.321717 (0.138s/step)
[pursuit-b] step 25850/40000 loss -1.281797 (0.138s/step)
[pursuit-b] step 25875/40000 loss -1.305213 (0.138s/step)
[pursuit-b] step 25900/40000 loss -1.296219 (0.138s/step)
[pursuit-b] step 25925/40000 loss -1.317455 (0.138s/step)
[pursuit-b] step 25950/40000 loss -1.293676 (0.138s/step)
[pursuit-b] step 25975/40000 loss -1.291180 (0.138s/step)
[pursuit-b] step 26000/40000 loss -1.331152 (0.138s/step)
[pursuit-b] step 26025/40000 loss -1.280366 (0.138s/step)
[pursuit-b] step 26050/40000 loss -1.323480 (0.138s/step)
[pursuit-b] step 26075/40000 loss -1.306800 (0.138s/step)
[pursuit-b] step 26100/40000 loss -1.303671 (0.138s/step)
[pursuit-b] step 26125/40000 loss -1.316455 (0.138s/step)
[pursuit-b] step 26150/40000 loss -1.301197 (0.138s/step)
[pursuit-b] step 26175/40000 loss -1.322146 (0.138s/step)
[pursuit-b] step 26200/40000 loss -1.329807 (0.138s/step)
[pursuit-b] step 26225/40000 loss -1.290704 (0.138s/step)
[pursuit-b] step 26250/40000 loss -1.295834 (0.138s/step)
[pursuit-b] step 26275/40000 loss -1.318836 (0.138s/step)
[pursuit-b] step 26300/40000 loss -1.330462 (0.138s/step)
[pursuit-b] step 26325/40000 loss -1.330641 (0.138s/step)
[pursuit-b] step 26350/40000 loss -1.285340 (0.138s/step)
[pursuit-b] step 26375/40000 loss -1.304792 (0.138s/step)
[pursuit-b] step 26400/40000 loss -1.305426 (0.138s/step)
[pursuit-b] step 26425/40000 loss -1.321198 (0.138s/step)
[pursuit-b] step 26450/40000 loss -1.299462 (0.138s/step)
[pursuit-b] step 26475/40000 loss -1.282764 (0.138s/step)
[pursuit-b] step 26500/40000 loss -1.331442 (0.138s/step)
[pursuit-b] step 26525/40000 loss -1.301506 (0.138s/step)
[pursuit-b] step 26550/40000 loss -1.323628 (0.138s/step)
[pursuit-b] step 26575/40000 loss -1.296320 (0.138s/step)
[pursuit-b] step 26600/40000 loss -1.311216 (0.138s/step)
[pursuit-b] step 26625/40000 loss -1.318256 (0.138s/step)
[pursuit-b] step 26650/40000 loss -1.313523 (0.138s/step)
[pursuit-b] step 26675/40000 loss -1.312496 (0.138s/step)
[pursuit-b] step 26700/40000 loss -1.326035 (0.138s/step)
[pursuit-b] step 26725/40000 loss -1.292446 (0.138s/step)
[pursuit-b] step 26750/40000 loss -1.297286 (0.138s/step)
[pursuit-b] step 26775/40000 loss -1.319354 (0.138s/step)
[pursuit-b] step 26800/40000 loss -1.325925 (0.138s/step)
[pursuit-b] step 26825/40000 loss -1.330232 (0.138s/step)
[pursuit-b] step 26850/40000 loss -1.278341 (0.138s/step)
[pursuit-b] step 26875/40000 loss -1.315159 (0.138s/step)
[pursuit-b] step 26900/40000 loss -1.294726 (0.138s/step)
[pursuit-b] step 26925/40000 loss -1.313559 (0.138s/step)
[pursuit-b] step 26950/40000 loss -1.297004 (0.138s/step)
[pursuit-b] step 26975/40000 loss -1.281274 (0.138s/step)
[pursuit-b] step 27000/40000 loss -1.326125 (0.138s/step)
[pursuit-b] step 27025/40000 loss -1.294072 (0.138s/step)
[pursuit-b] step 27050/40000 loss -1.313269 (0.138s/step)
[pursuit-b] step 27075/40000 loss -1.298078 (0.138s/step)
[pursuit-b] step 27100/40000 loss -1.317963 (0.138s/step)
[pursuit-b] step 27125/40000 loss -1.321920 (0.138s/step)
[pursuit-b] step 27150/40000 loss -1.314471 (0.138s/step)
[pursuit-b] step 27175/40000 loss -1.328519 (0.138s/step)
[pursuit-b] step 27200/40000 loss -1.326880 (0.138s/step)
[pursuit-b] step 27225/40000 loss -1.288458 (0.138s/step)
[pursuit-b] step 27250/40000 loss -1.296071 (0.138s/step)
[pursuit-b] step 27275/40000 loss -1.316783 (0.138s/step)
[pursuit-b] step 27300/40000 loss -1.329374 (0.138s/step)
[pursuit-b] step 27325/40000 loss -1.324920 (0.138s/step)
[pursuit-b] step 27350/40000 loss -1.281826 (0.138s/step)
[pursuit-b] step 27375/40000 loss -1.308104 (0.138s/step)
[pursuit-b] step 27400/40000 loss -1.291622 (0.138s/step)
[pursuit-b] step 27425/40000 loss -1.321859 (0.138s/step)
[pursuit-b] step 27450/40000 loss -1.294730 (0.138s/step)
[pursuit-b] step 27475/40000 loss -1.269959 (0.138s/step)
[pursuit-b] step 27500/40000 loss -1.315929 (0.138s/step)
[pursuit-b] step 27525/40000 loss -1.292395 (0.138s/step)
[pursuit-b] step 27550/40000 loss -1.325220 (0.138s/step)
[pursuit-b] step 27575/40000 loss -1.297262 (0.138s/step)
[pursuit-b] step 27600/40000 loss -1.313831 (0.138s/step)
[pursuit-b] step 27625/40000 loss -1.310321 (0.138s/step)
[pursuit-b] step 27650/40000 loss -1.304351 (0.138s/step)
[pursuit-b] step 27675/40000 loss -1.318563 (0.138s/step)
[pursuit-b] step 27700/40000 loss -1.333318 (0.138s/step)
[pursuit-b] step 27725/40000 loss -1.303141 (0.138s/step)
[pursuit-b] step 27750/40000 loss -1.308852 (0.138s/step)
[pursuit-b] step 27775/40000 loss -1.318122 (0.138s/step)
[pursuit-b] step 27800/40000 loss -1.338847 (0.138s/step)
[pursuit-b] step 27825/40000 loss -1.322669 (0.138s/step)
[pursuit-b] step 27850/40000 loss -1.291551 (0.138s/step)
[pursuit-b] step 27875/40000 loss -1.310718 (0.138s/step)
[pursuit-b] step 27900/40000 loss -1.305856 (0.138s/step)
[pursuit-b] step 27925/40000 loss -1.318042 (0.138s/step)
[pursuit-b] step 27950/40000 loss -1.304671 (0.138s/step)
[pursuit-b] step 27975/40000 loss -1.298620 (0.138s/step)
[pursuit-b] step 28000/40000 loss -1.332001 (0.138s/step)
[pursuit-b] step 28025/40000 loss -1.299158 (0.138s/step)
[pursuit-b] step 28050/40000 loss -1.335849 (0.138s/step)
[pursuit-b] step 28075/40000 loss -1.316501 (0.138s/step)
[pursuit-b] step 28100/40000 loss -1.323806 (0.138s/step)
[pursuit-b] step 28125/40000 loss -1.321098 (0.138s/step)
[pursuit-b] step 28150/40000 loss -1.319912 (0.138s/step)
[pursuit-b] step 28175/40000 loss -1.323240 (0.138s/step)
[pursuit-b] step 28200/40000 loss -1.330084 (0.138s/step)
[pursuit-b] step 28225/40000 loss -1.300402 (0.138s/step)
[pursuit-b] step 28250/40000 loss -1.316673 (0.138s/step)
[pursuit-b] step 28275/40000 loss -1.317811 (0.138s/step)
[pursuit-b] step 28300/40000 loss -1.341487 (0.138s/step)
[pursuit-b] step 28325/40000 loss -1.317657 (0.138s/step)
[pursuit-b] step 28350/40000 loss -1.262282 (0.138s/step)
[pursuit-b] step 28375/40000 loss -1.319315 (0.138s/step)
[pursuit-b] step 28400/40000 loss -1.304624 (0.138s/step)
[pursuit-b] step 28425/40000 loss -1.329656 (0.138s/step)
[pursuit-b] step 28450/40000 loss -1.299284 (0.138s/step)
[pursuit-b] step 28475/40000 loss -1.292619 (0.138s/step)
[pursuit-b] step 28500/40000 loss -1.325081 (0.138s/step)
[pursuit-b] step 28525/40000 loss -1.288487 (0.138s/step)
[pursuit-b] step 28550/40000 loss -1.329776 (0.138s/step)
[pursuit-b] step 28575/40000 loss -1.293754 (0.138s/step)
[pursuit-b] step 28600/40000 loss -1.330123 (0.138s/step)
[pursuit-b] step 28625/40000 loss -1.327960 (0.138s/step)
[pursuit-b] step 28650/40000 loss -1.317829 (0.138s/step)
[pursuit-b] step 28675/40000 loss -1.304684 (0.138s/step)
[pursuit-b] step 28700/40000 loss -1.331135 (0.138s/step)
[pursuit-b] step 28725/40000 loss -1.297614 (0.138s/step)
[pursuit-b] step 28750/40000 loss -1.309269 (0.138s/step)
[pursuit-b] step 28775/40000 loss -1.306223 (0.138s/step)
[pursuit-b] step 28800/40000 loss -1.340553 (0.138s/step)
[pursuit-b] step 28825/40000 loss -1.323664 (0.138s/step)
[pursuit-b] step 28850/40000 loss -1.292178 (0.138s/step)
[pursuit-b] step 28875/40000 loss -1.320441 (0.138s/step)
[pursuit-b] step 28900/40000 loss -1.304721 (0.138s/step)
[pursuit-b] step 28925/40000 loss -1.319634 (0.138s/step)
[pursuit-b] step 28950/40000 loss -1.305462 (0.138s/step)
[pursuit-b] step 28975/40000 loss -1.292468 (0.138s/step)
[pursuit-b] step 29000/40000 loss -1.337779 (0.138s/step)
[pursuit-b] step 29025/40000 loss -1.296378 (0.138s/step)
[pursuit-b] step 29050/40000 loss -1.335591 (0.138s/step)
[pursuit-b] step 29075/40000 loss -1.282984 (0.138s/step)
[pursuit-b] step 29100/40000 loss -1.329972 (0.138s/step)
[pursuit-b] step 29125/40000 loss -1.321460 (0.138s/step)
[pursuit-b] step 29150/40000 loss -1.312421 (0.138s/step)
[pursuit-b] step 29175/40000 loss -1.315333 (0.138s/step)
[pursuit-b] step 29200/40000 loss -1.336322 (0.138s/step)
[pursuit-b] step 29225/40000 loss -1.292894 (0.138s/step)
[pursuit-b] step 29250/40000 loss -1.318490 (0.138s/step)
[pursuit-b] step 29275/40000 loss -1.317786 (0.138s/step)
[pursuit-b] step 29300/40000 loss -1.332698 (0.138s/step)
[pursuit-b] step 29325/40000 loss -1.330956 (0.138s/step)
[pursuit-b] step 29350/40000 loss -1.292139 (0.138s/step)
[pursuit-b] step 29375/40000 loss -1.316076 (0.138s/step)
[pursuit-b] step 29400/40000 loss -1.308726 (0.138s/step)
[pursuit-b] step 29425/40000 loss -1.321412 (0.138s/step)
[pursuit-b] step 29450/40000 loss -1.305810 (0.138s/step)
[pursuit-b] step 29475/40000 loss -1.287287 (0.138s/step)
[pursuit-b] step 29500/40000 loss -1.318386 (0.138s/step)
[pursuit-b] step 29525/40000 loss -1.293411 (0.138s/step)
[pursuit-b] step 29550/40000 loss -1.337328 (0.138s/step)
[pursuit-b] step 29575/40000 loss -1.295954 (0.138s/step)
[pursuit-b] step 29600/40000 loss -1.325541 (0.138s/step)
[pursuit-b] step 29625/40000 loss -1.317394 (0.138s/step)
[pursuit-b] step 29650/40000 loss -1.315184 (0.138s/step)
[pursuit-b] step 29675/40000 loss -1.323612 (0.138s/step)
[pursuit-b] step 29700/40000 loss -1.339100 (0.138s/step)
[pursuit-b] step 29725/40000 loss -1.292099 (0.138s/step)
[pursuit-b] step 29750/40000 loss -1.309901 (0.138s/step)
[pursuit-b] step 29775/40000 loss -1.329216 (0.138s/step)
[pursuit-b] step 29800/40000 loss -1.336827 (0.138s/step)
[pursuit-b] step 29825/40000 loss -1.331239 (0.138s/step)
[pursuit-b] step 29850/40000 loss -1.291607 (0.138s/step)
[pursuit-b] step 29875/40000 loss -1.317609 (0.138s/step)
[pursuit-b] step 29900/40000 loss -1.310754 (0.138s/step)
[pursuit-b] step 29925/40000 loss -1.326650 (0.138s/step)
[pursuit-b] step 29950/40000 loss -1.309648 (0.138s/step)
[pursuit-b] step 29975/40000 loss -1.285286 (0.138s/step)
[pursuit-b] step 30000/40000 loss -1.336421 (0.138s/step)
[pursuit-b] step 30025/40000 loss -1.298191 (0.138s/step)
[pursuit-b] step 30050/40000 loss -1.333367 (0.138s/step)
[pursuit-b] step 30075/40000 loss -1.305187 (0.138s/step)
[pursuit-b] step 30100/40000 loss -1.324421 (0.138s/step)
[pursuit-b] step 30125/40000 loss -1.321939 (0.138s/step)
[pursuit-b] step 30150/40000 loss -1.308908 (0.138s/step)
[pursuit-b] step 30175/40000 loss -1.323246 (0.138s/step)
[pursuit-b] step 30200/40000 loss -1.327809 (0.138s/step)
[pursuit-b] step 30225/40000 loss -1.297103 (0.138s/step)
[pursuit-b] step 30250/40000 loss -1.318001 (0.138s/step)
[pursuit-b] step 30275/40000 loss -1.327320 (0.138s/step)
[pursuit-b] step 30300/40000 loss -1.328451 (0.138s/step)
[pursuit-b] step 30325/40000 loss -1.325854 (0.138s/step)
[pursuit-b] step 30350/40000 loss -1.286094 (0.138s/step)
[pursuit-b] step 30375/40000 loss -1.313905 (0.138s/step)
[pursuit-b] step 30400/40000 loss -1.294358 (0.138s/step)
[pursuit-b] step 30425/40000 loss -1.325475 (0.138s/step)
[pursuit-b] step 30450/40000 loss -1.323501 (0.138s/step)
[pursuit-b] step 30475/40000 loss -1.296390 (0.138s/step)
[pursuit-b] step 30500/40000 loss -1.334206 (0.138s/step)
[pursuit-b] step 30525/40000 loss -1.308023 (0.138s/step)
[pursuit-b] step 30550/40000 loss -1.336654 (0.138s/step)
[pursuit-b] step 30575/40000 loss -1.302077 (0.138s/step)
[pursuit-b] step 30600/40000 loss -1.334955 (0.138s/step)
[pursuit-b] step 30625/40000 loss -1.327964 (0.138s/step)
[pursuit-b] step 30650/40000 loss -1.319506 (0.138s/step)
[pursuit-b] step 30675/40000 loss -1.339407 (0.138s/step)
[pursuit-b] step 30700/40000 loss -1.322160 (0.138s/step)
[pursuit-b] step 30725/40000 loss -1.306156 (0.138s/step)
[pursuit-b] step 30750/40000 loss -1.332727 (0.138s/step)
[pursuit-b] step 30775/40000 loss -1.320670 (0.138s/step)
[pursuit-b] step 30800/40000 loss -1.333925 (0.138s/step)
[pursuit-b] step 30825/40000 loss -1.327632 (0.138s/step)
[pursuit-b] step 30850/40000 loss -1.284655 (0.138s/step)
[pursuit-b] step 30875/40000 loss -1.314346 (0.138s/step)
[pursuit-b] step 30900/40000 loss -1.296665 (0.138s/step)
[pursuit-b] step 30925/40000 loss -1.333851 (0.138s/step)
[pursuit-b] step 30950/40000 loss -1.311404 (0.138s/step)
[pursuit-b] step 30975/40000 loss -1.291528 (0.138s/step)
[pursuit-b] step 31000/40000 loss -1.338742 (0.138s/step)
[pursuit-b] step 31025/40000 loss -1.312901 (0.138s/step)
[pursuit-b] step 31050/40000 loss -1.329607 (0.138s/step)
[pursuit-b] step 31075/40000 loss -1.294060 (0.138s/step)
[pursuit-b] step 31100/40000 loss -1.327514 (0.138s/step)
[pursuit-b] step 31125/40000 loss -1.324868 (0.138s/step)
[pursuit-b] step 31150/40000 loss -1.322486 (0.138s/step)
[pursuit-b] step 31175/40000 loss -1.336688 (0.138s/step)
[pursuit-b] step 31200/40000 loss -1.323794 (0.138s/step)
[pursuit-b] step 31225/40000 loss -1.305339 (0.138s/step)
[pursuit-b] step 31250/40000 loss -1.326571 (0.138s/step)
[pursuit-b] step 31275/40000 loss -1.325545 (0.138s/step)
[pursuit-b] step 31300/40000 loss -1.333387 (0.138s/step)
[pursuit-b] step 31325/40000 loss -1.331344 (0.138s/step)
[pursuit-b] step 31350/40000 loss -1.297960 (0.138s/step)
[pursuit-b] step 31375/40000 loss -1.316824 (0.138s/step)
[pursuit-b] step 31400/40000 loss -1.297032 (0.138s/step)
[pursuit-b] step 31425/40000 loss -1.333624 (0.138s/step)
[pursuit-b] step 31450/40000 loss -1.312742 (0.138s/step)
[pursuit-b] step 31475/40000 loss -1.292919 (0.138s/step)
[pursuit-b] step 31500/40000 loss -1.338420 (0.138s/step)
[pursuit-b] step 31525/40000 loss -1.310579 (0.138s/step)
[pursuit-b] step 31550/40000 loss -1.336085 (0.138s/step)
[pursuit-b] step 31575/40000 loss -1.306212 (0.138s/step)
[pursuit-b] step 31600/40000 loss -1.338849 (0.138s/step)
[pursuit-b] step 31625/40000 loss -1.333422 (0.138s/step)
[pursuit-b] step 31650/40000 loss -1.320952 (0.138s/step)
[pursuit-b] step 31675/40000 loss -1.334927 (0.138s/step)
[pursuit-b] step 31700/40000 loss -1.327073 (0.138s/step)
[pursuit-b] step 31725/40000 loss -1.308960 (0.138s/step)
[pursuit-b] step 31750/40000 loss -1.322437 (0.138s/step)
[pursuit-b] step 31775/40000 loss -1.317366 (0.138s/step)
[pursuit-b] step 31800/40000 loss -1.340784 (0.138s/step)
[pursuit-b] step 31825/40000 loss -1.330746 (0.138s/step)
[pursuit-b] step 31850/40000 loss -1.300578 (0.138s/step)
[pursuit-b] step 31875/40000 loss -1.316835 (0.138s/step)
[pursuit-b] step 31900/40000 loss -1.314569 (0.138s/step)
[pursuit-b] step 31925/40000 loss -1.339952 (0.138s/step)
[pursuit-b] step 31950/40000 loss -1.297228 (0.138s/step)
[pursuit-b] step 31975/40000 loss -1.299352 (0.138s/step)
[pursuit-b] step 32000/40000 loss -1.346213 (0.138s/step)
[pursuit-b] step 32025/40000 loss -1.315418 (0.138s/step)
[pursuit-b] step 32050/40000 loss -1.340269 (0.138s/step)
[pursuit-b] step 32075/40000 loss -1.304762 (0.138s/step)
[pursuit-b] step 32100/40000 loss -1.328569 (0.138s/step)
[pursuit-b] step 32125/40000 loss -1.341300 (0.138s/step)
[pursuit-b] step 32150/40000 loss -1.331064 (0.138s/step)
[pursuit-b] step 32175/40000 loss -1.333777 (0.138s/step)
[pursuit-b] step 32200/40000 loss -1.334733 (0.138s/step)
[pursuit-b] step 32225/40000 loss -1.307816 (0.138s/step)
[pursuit-b] step 32250/40000 loss -1.335499 (0.138s/step)
[pursuit-b] step 32275/40000 loss -1.324060 (0.138s/step)
[pursuit-b] step 32300/40000 loss -1.345318 (0.138s/step)
[pursuit-b] step 32325/40000 loss -1.339010 (0.138s/step)
[pursuit-b] step 32350/40000 loss -1.309858 (0.138s/step)
[pursuit-b] step 32375/40000 loss -1.322446 (0.138s/step)
[pursuit-b] step 32400/40000 loss -1.315431 (0.138s/step)
[pursuit-b] step 32425/40000 loss -1.341004 (0.138s/step)
[pursuit-b] step 32450/40000 loss -1.319415 (0.138s/step)
[pursuit-b] step 32475/40000 loss -1.300441 (0.138s/step)
[pursuit-b] step 32500/40000 loss -1.342646 (0.138s/step)
[pursuit-b] step 32525/40000 loss -1.298890 (0.138s/step)
[pursuit-b] step 32550/40000 loss -1.342915 (0.138s/step)
[pursuit-b] step 32575/40000 loss -1.317292 (0.138s/step)
[pursuit-b] step 32600/40000 loss -1.334311 (0.138s/step)
[pursuit-b] step 32625/40000 loss -1.335876 (0.138s/step)
[pursuit-b] step 32650/40000 loss -1.332854 (0.138s/step)
[pursuit-b] step 32675/40000 loss -1.344139 (0.138s/step)
[pursuit-b] step 32700/40000 loss -1.336176 (0.138s/step)
[pursuit-b] step 32725/40000 loss -1.313306 (0.138s/step)
[pursuit-b] step 32750/40000 loss -1.323852 (0.138s/step)
[pursuit-b] step 32775/40000 loss -1.330524 (0.138s/step)
[pursuit-b] step 32800/40000 loss -1.340402 (0.138s/step)
[pursuit-b] step 32825/40000 loss -1.338680 (0.138s/step)
[pursuit-b] step 32850/40000 loss -1.290379 (0.138s/step)
[pursuit-b] step 32875/40000 loss -1.328267 (0.138s/step)
[pursuit-b] step 32900/40000 loss -1.303910 (0.138s/step)
[pursuit-b] step 32925/40000 loss -1.339361 (0.138s/step)
[pursuit-b] step 32950/40000 loss -1.305837 (0.138s/step)
[pursuit-b] step 32975/40000 loss -1.294432 (0.138s/step)
[pursuit-b] step 33000/40000 loss -1.339528 (0.138s/step)
[pursuit-b] step 33025/40000 loss -1.309308 (0.138s/step)
[pursuit-b] step 33050/40000 loss -1.340356 (0.138s/step)
[pursuit-b] step 33075/40000 loss -1.315230 (0.138s/step)
[pursuit-b] step 33100/40000 loss -1.337313 (0.138s/step)
[pursuit-b] step 33125/40000 loss -1.331677 (0.138s/step)
[pursuit-b] step 33150/40000 loss -1.321976 (0.138s/step)
[pursuit-b] step 33175/40000 loss -1.338397 (0.138s/step)
[pursuit-b] step 33200/40000 loss -1.327128 (0.138s/step)
[pursuit-b] step 33225/40000 loss -1.316373 (0.138s/step)
[pursuit-b] step 33250/40000 loss -1.326843 (0.138s/step)
[pursuit-b] step 33275/40000 loss -1.335389 (0.138s/step)
[pursuit-b] step 33300/40000 loss -1.344387 (0.137s/step)
[pursuit-b] step 33325/40000 loss -1.343062 (0.137s/step)
[pursuit-b] step 33350/40000 loss -1.309187 (0.137s/step)
[pursuit-b] step 33375/40000 loss -1.324859 (0.137s/step)
[pursuit-b] step 33400/40000 loss -1.308205 (0.137s/step)
[pursuit-b] step 33425/40000 loss -1.338007 (0.137s/step)
[pursuit-b] step 33450/40000 loss -1.314135 (0.137s/step)
[pursuit-b] step 33475/40000 loss -1.295473 (0.137s/step)
[pursuit-b] step 33500/40000 loss -1.334802 (0.137s/step)
[pursuit-b] step 33525/40000 loss -1.293872 (0.137s/step)
[pursuit-b] step 33550/40000 loss -1.334343 (0.137s/step)
[pursuit-b] step 33575/40000 loss -1.314937 (0.137s/step)
[pursuit-b] step 33600/40000 loss -1.340720 (0.137s/step)
[pursuit-b] step 33625/40000 loss -1.332432 (0.137s/step)
[pursuit-b] step 33650/40000 loss -1.307590 (0.137s/step)
[pursuit-b] step 33675/40000 loss -1.337405 (0.137s/step)
[pursuit-b] step 33700/40000 loss -1.335506 (0.137s/step)
[pursuit-b] step 33725/40000 loss -1.305847 (0.137s/step)
[pursuit-b] step 33750/40000 loss -1.322129 (0.137s/step)
[pursuit-b] step 33775/40000 loss -1.337359 (0.137s/step)
[pursuit-b] step 33800/40000 loss -1.342020 (0.137s/step)
[pursuit-b] step 33825/40000 loss -1.346438 (0.137s/step)
[pursuit-b] step 33850/40000 loss -1.305065 (0.137s/step)
[pursuit-b] step 33875/40000 loss -1.326816 (0.137s/step)
[pursuit-b] step 33900/40000 loss -1.317136 (0.137s/step)
[pursuit-b] step 33925/40000 loss -1.328528 (0.137s/step)
[pursuit-b] step 33950/40000 loss -1.330309 (0.137s/step)
[pursuit-b] step 33975/40000 loss -1.292260 (0.137s/step)
[pursuit-b] step 34000/40000 loss -1.326513 (0.137s/step)
[pursuit-b] step 34025/40000 loss -1.300969 (0.137s/step)
[pursuit-b] step 34050/40000 loss -1.334101 (0.137s/step)
[pursuit-b] step 34075/40000 loss -1.307279 (0.137s/step)
[pursuit-b] step 34100/40000 loss -1.321696 (0.137s/step)
[pursuit-b] step 34125/40000 loss -1.334168 (0.137s/step)
[pursuit-b] step 34150/40000 loss -1.310086 (0.137s/step)
[pursuit-b] step 34175/40000 loss -1.339090 (0.137s/step)
[pursuit-b] step 34200/40000 loss -1.328311 (0.137s/step)
[pursuit-b] step 34225/40000 loss -1.312620 (0.137s/step)
[pursuit-b] step 34250/40000 loss -1.310587 (0.137s/step)
[pursuit-b] step 34275/40000 loss -1.334224 (0.137s/step)
[pursuit-b] step 34300/40000 loss -1.319610 (0.137s/step)
[pursuit-b] step 34325/40000 loss -1.330761 (0.137s/step)
[pursuit-b] step 34350/40000 loss -1.296989 (0.137s/step)
[pursuit-b] step 34375/40000 loss -1.326146 (0.137s/step)
[pursuit-b] step 34400/40000 loss -1.326599 (0.137s/step)
[pursuit-b] step 34425/40000 loss -1.331896 (0.137s/step)
[pursuit-b] step 34450/40000 loss -1.319504 (0.137s/step)
[pursuit-b] step 34475/40000 loss -1.298402 (0.137s/step)
[pursuit-b] step 34500/40000 loss -1.337613 (0.137s/step)
[pursuit-b] step 34525/40000 loss -1.313326 (0.137s/step)
[pursuit-b] step 34550/40000 loss -1.342429 (0.137s/step)
[pursuit-b] step 34575/40000 loss -1.319598 (0.137s/step)
[pursuit-b] step 34600/40000 loss -1.333535 (0.137s/step)
[pursuit-b] step 34625/40000 loss -1.338786 (0.137s/step)
[pursuit-b] step 34650/40000 loss -1.326400 (0.137s/step)
[pursuit-b] step 34675/40000 loss -1.347895 (0.137s/step)
[pursuit-b] step 34700/40000 loss -1.338497 (0.137s/step)
[pursuit-b] step 34725/40000 loss -1.317650 (0.137s/step)
[pursuit-b] step 34750/40000 loss -1.318933 (0.137s/step)
[pursuit-b] step 34775/40000 loss -1.343110 (0.137s/step)
[pursuit-b] step 34800/40000 loss -1.338636 (0.137s/step)
[pursuit-b] step 34825/40000 loss -1.338427 (0.137s/step)
[pursuit-b] step 34850/40000 loss -1.305062 (0.137s/step)
[pursuit-b] step 34875/40000 loss -1.334165 (0.137s/step)
[pursuit-b] step 34900/40000 loss -1.325485 (0.137s/step)
[pursuit-b] step 34925/40000 loss -1.337689 (0.137s/step)
[pursuit-b] step 34950/40000 loss -1.320945 (0.137s/step)
[pursuit-b] step 34975/40000 loss -1.305295 (0.137s/step)
[pursuit-b] step 35000/40000 loss -1.340036 (0.137s/step)
[pursuit-b] step 35025/40000 loss -1.301500 (0.137s/step)
[pursuit-b] step 35050/40000 loss -1.341072 (0.137s/step)
[pursuit-b] step 35075/40000 loss -1.313387 (0.137s/step)
[pursuit-b] step 35100/40000 loss -1.333450 (0.137s/step)
[pursuit-b] step 35125/40000 loss -1.329680 (0.137s/step)
[pursuit-b] step 35150/40000 loss -1.333775 (0.137s/step)
[pursuit-b] step 35175/40000 loss -1.335276 (0.137s/step)
[pursuit-b] step 35200/40000 loss -1.326440 (0.137s/step)
[pursuit-b] step 35225/40000 loss -1.317455 (0.137s/step)
[pursuit-b] step 35250/40000 loss -1.311567 (0.137s/step)
[pursuit-b] step 35275/40000 loss -1.331686 (0.137s/step)
[pursuit-b] step 35300/40000 loss -1.335038 (0.137s/step)
[pursuit-b] step 35325/40000 loss -1.338158 (0.137s/step)
[pursuit-b] step 35350/40000 loss -1.307333 (0.137s/step)
[pursuit-b] step 35375/40000 loss -1.328299 (0.137s/step)
[pursuit-b] step 35400/40000 loss -1.327026 (0.137s/step)
[pursuit-b] step 35425/40000 loss -1.343910 (0.137s/step)
[pursuit-b] step 35450/40000 loss -1.333703 (0.137s/step)
[pursuit-b] step 35475/40000 loss -1.306242 (0.137s/step)
[pursuit-b] step 35500/40000 loss -1.340380 (0.137s/step)
[pursuit-b] step 35525/40000 loss -1.314067 (0.137s/step)
[pursuit-b] step 35550/40000 loss -1.337927 (0.137s/step)
[pursuit-b] step 35575/40000 loss -1.315524 (0.137s/step)
[pursuit-b] step 35600/40000 loss -1.343986 (0.137s/step)
[pursuit-b] step 35625/40000 loss -1.331296 (0.137s/step)
[pursuit-b] step 35650/40000 loss -1.338910 (0.137s/step)
[pursuit-b] step 35675/40000 loss -1.353049 (0.137s/step)
[pursuit-b] step 35700/40000 loss -1.336072 (0.137s/step)
[pursuit-b] step 35725/40000 loss -1.319702 (0.137s/step)
[pursuit-b] step 35750/40000 loss -1.331711 (0.137s/step)
[pursuit-b] step 35775/40000 loss -1.339359 (0.137s/step)
[pursuit-b] step 35800/40000 loss -1.346796 (0.137s/step)
[pursuit-b] step 35825/40000 loss -1.346002 (0.137s/step)
[pursuit-b] step 35850/40000 loss -1.316235 (0.137s/step)
[pursuit-b] step 35875/40000 loss -1.329947 (0.137s/step)
[pursuit-b] step 35900/40000 loss -1.335715 (0.137s/step)
[pursuit-b] step 35925/40000 loss -1.352314 (0.137s/step)
[pursuit-b] step 35950/40000 loss -1.338918 (0.137s/step)
[pursuit-b] step 35975/40000 loss -1.302320 (0.137s/step)
[pursuit-b] step 36000/40000 loss -1.332836 (0.137s/step)
[pursuit-b] step 36025/40000 loss -1.318900 (0.137s/step)
[pursuit-b] step 36050/40000 loss -1.336023 (0.137s/step)
[pursuit-b] step 36075/40000 loss -1.316711 (0.137s/step)
[pursuit-b] step 36100/40000 loss -1.334350 (0.137s/step)
[pursuit-b] step 36125/40000 loss -1.338787 (0.137s/step)
[pursuit-b] step 36150/40000 loss -1.330738 (0.137s/step)
[pursuit-b] step 36175/40000 loss -1.354321 (0.137s/step)
[pursuit-b] step 36200/40000 loss -1.337373 (0.137s/step)
[pursuit-b] step 36225/40000 loss -1.298272 (0.137s/step)
[pursuit-b] step 36250/40000 loss -1.319871 (0.137s/step)
[pursuit-b] step 36275/40000 loss -1.340260 (0.137s/step)
[pursuit-b] step 36300/40000 loss -1.337847 (0.137s/step)
[pursuit-b] step 36325/40000 loss -1.348982 (0.137s/step)
[pursuit-b] step 36350/40000 loss -1.296287 (0.137s/step)
[pursuit-b] step 36375/40000 loss -1.330100 (0.137s/step)
[pursuit-b] step 36400/40000 loss -1.330275 (0.137s/step)
[pursuit-b] step 36425/40000 loss -1.355206 (0.137s/step)
[pursuit-b] step 36450/40000 loss -1.335898 (0.137s/step)
[pursuit-b] step 36475/40000 loss -1.302027 (0.137s/step)
[pursuit-b] step 36500/40000 loss -1.350013 (0.137s/step)
[pursuit-b] step 36525/40000 loss -1.317908 (0.137s/step)
[pursuit-b] step 36550/40000 loss -1.346083 (0.137s/step)
[pursuit-b] step 36575/40000 loss -1.321076 (0.137s/step)
[pursuit-b] step 36600/40000 loss -1.342986 (0.137s/step)
[pursuit-b] step 36625/40000 loss -1.344020 (0.137s/step)
[pursuit-b] step 36650/40000 loss -1.332614 (0.137s/step)
[pursuit-b] step 36675/40000 loss -1.351436 (0.137s/step)
[pursuit-b] step 36700/40000 loss -1.338000 (0.137s/step)
[pursuit-b] step 36725/40000 loss -1.316357 (0.137s/step)
[pursuit-b] step 36750/40000 loss -1.329930 (0.137s/step)
[pursuit-b] step 36775/40000 loss -1.338781 (0.137s/step)
[pursuit-b] step 36800/40000 loss -1.344488 (0.137s/step)
[pursuit-b] step 36825/40000 loss -1.339940 (0.137s/step)
[pursuit-b] step 36850/40000 loss -1.317151 (0.137s/step)
[pursuit-b] step 36875/40000 loss -1.329767 (0.137s/step)
[pursuit-b] step 36900/40000 loss -1.337140 (0.137s/step)
[pursuit-b] step 36925/40000 loss -1.347360 (0.137s/step)
[pursuit-b] step 36950/40000 loss -1.333222 (0.137s/step)
[pursuit-b] step 36975/40000 loss -1.304686 (0.137s/step)
[pursuit-b] step 37000/40000 loss -1.356092 (0.137s/step)
[pursuit-b] step 37025/40000 loss -1.318976 (0.137s/step)
[pursuit-b] step 37050/40000 loss -1.343009 (0.137s/step)
[pursuit-b] step 37075/40000 loss -1.328319 (0.137s/step)
[pursuit-b] step 37100/40000 loss -1.338031 (0.137s/step)
[pursuit-b] step 37125/40000 loss -1.341252 (0.137s/step)
[pursuit-b] step 37150/40000 loss -1.335606 (0.137s/step)
[pursuit-b] step 37175/40000 loss -1.358444 (0.137s/step)
[pursuit-b] step 37200/40000 loss -1.333282 (0.137s/step)
[pursuit-b] step 37225/40000 loss -1.301662 (0.137s/step)
[pursuit-b] step 37250/40000 loss -1.328809 (0.137s/step)
[pursuit-b] step 37275/40000 loss -1.326993 (0.137s/step)
[pursuit-b] step 37300/40000 loss -1.340731 (0.137s/step)
[pursuit-b] step 37325/40000 loss -1.334057 (0.137s/step)
[pursuit-b] step 37350/40000 loss -1.312432 (0.137s/step)
[pursuit-b] step 37375/40000 loss -1.324945 (0.137s/step)
[pursuit-b] step 37400/40000 loss -1.336912 (0.137s/step)
[pursuit-b] step 37425/40000 loss -1.346675 (0.136s/step)
[pursuit-b] step 37450/40000 loss -1.338949 (0.136s/step)
[pursuit-b] step 37475/40000 loss -1.314062 (0.136s/step)
[pursuit-b] step 37500/40000 loss -1.358776 (0.136s/step)
[pursuit-b] step 37525/40000 loss -1.321445 (0.136s/step)
[pursuit-b] step 37550/40000 loss -1.351331 (0.136s/step)
[pursuit-b] step 37575/40000 loss -1.322411 (0.136s/step)
[pursuit-b] step 37600/40000 loss -1.333806 (0.136s/step)
[pursuit-b] step 37625/40000 loss -1.341003 (0.136s/step)
[pursuit-b] step 37650/40000 loss -1.336145 (0.136s/step)
[pursuit-b] step 37675/40000 loss -1.353992 (0.136s/step)
[pursuit-b] step 37700/40000 loss -1.332431 (0.136s/step)
[pursuit-b] step 37725/40000 loss -1.319715 (0.136s/step)
[pursuit-b] step 37750/40000 loss -1.320269 (0.136s/step)
[pursuit-b] step 37775/40000 loss -1.335934 (0.136s/step)
[pursuit-b] step 37800/40000 loss -1.352530 (0.136s/step)
[pursuit-b] step 37825/40000 loss -1.339394 (0.136s/step)
[pursuit-b] step 37850/40000 loss -1.313377 (0.136s/step)
[pursuit-b] step 37875/40000 loss -1.338864 (0.136s/step)
[pursuit-b] step 37900/40000 loss -1.336070 (0.136s/step)
[pursuit-b] step 37925/40000 loss -1.348945 (0.136s/step)
[pursuit-b] step 37950/40000 loss -1.346117 (0.136s/step)
[pursuit-b] step 37975/40000 loss -1.316191 (0.136s/step)
[pursuit-b] step 38000/40000 loss -1.358563 (0.136s/step)
[pursuit-b] step 38025/40000 loss -1.312584 (0.136s/step)
[pursuit-b] step 38050/40000 loss -1.349162 (0.136s/step)
[pursuit-b] step 38075/40000 loss -1.330543 (0.136s/step)
[pursuit-b] step 38100/40000 loss -1.343916 (0.136s/step)
[pursuit-b] step 38125/40000 loss -1.347524 (0.136s/step)
[pursuit-b] step 38150/40000 loss -1.335605 (0.136s/step)
[pursuit-b] step 38175/40000 loss -1.353281 (0.136s/step)
[pursuit-b] step 38200/40000 loss -1.338021 (0.136s/step)
[pursuit-b] step 38225/40000 loss -1.325758 (0.136s/step)
[pursuit-b] step 38250/40000 loss -1.327226 (0.136s/step)
[pursuit-b] step 38275/40000 loss -1.334390 (0.136s/step)
[pursuit-b] step 38300/40000 loss -1.344537 (0.136s/step)
[pursuit-b] step 38325/40000 loss -1.343181 (0.136s/step)
[pursuit-b] step 38350/40000 loss -1.320390 (0.136s/step)
[pursuit-b] step 38375/40000 loss -1.339418 (0.136s/step)
[pursuit-b] step 38400/40000 loss -1.332320 (0.136s/step)
[pursuit-b] step 38425/40000 loss -1.349502 (0.136s/step)
[pursuit-b] step 38450/40000 loss -1.342968 (0.136s/step)
[pursuit-b] step 38475/40000 loss -1.311824 (0.136s/step)
[pursuit-b] step 38500/40000 loss -1.359685 (0.136s/step)
[pursuit-b] step 38525/40000 loss -1.326921 (0.136s/step)
[pursuit-b] step 38550/40000 loss -1.355274 (0.136s/step)
[pursuit-b] step 38575/40000 loss -1.328197 (0.136s/step)
[pursuit-b] step 38600/40000 loss -1.347490 (0.136s/step)
[pursuit-b] step 38625/40000 loss -1.348042 (0.136s/step)
[pursuit-b] step 38650/40000 loss -1.344320 (0.136s/step)
[pursuit-b] step 38675/40000 loss -1.358163 (0.136s/step)
[pursuit-b] step 38700/40000 loss -1.335139 (0.136s/step)
[pursuit-b] step 38725/40000 loss -1.330180 (0.136s/step)
[pursuit-b] step 38750/40000 loss -1.341803 (0.136s/step)
[pursuit-b] step 38775/40000 loss -1.334881 (0.136s/step)
[pursuit-b] step 38800/40000 loss -1.354687 (0.136s/step)
[pursuit-b] step 38825/40000 loss -1.347413 (0.136s/step)
[pursuit-b] step 38850/40000 loss -1.315429 (0.136s/step)
[pursuit-b] step 38875/40000 loss -1.334922 (0.136s/step)
[pursuit-b] step 38900/40000 loss -1.330988 (0.136s/step)
[pursuit-b] step 38925/40000 loss -1.352886 (0.136s/step)
[pursuit-b] step 38950/40000 loss -1.336628 (0.136s/step)
[pursuit-b] step 38975/40000 loss -1.310200 (0.136s/step)
[pursuit-b] step 39000/40000 loss -1.360659 (0.136s/step)
[pursuit-b] step 39025/40000 loss -1.326259 (0.136s/step)
[pursuit-b] step 39050/40000 loss -1.347393 (0.136s/step)
[pursuit-b] step 39075/40000 loss -1.326018 (0.136s/step)
[pursuit-b] step 39100/40000 loss -1.357149 (0.136s/step)
[pursuit-b] step 39125/40000 loss -1.344140 (0.136s/step)
[pursuit-b] step 39150/40000 loss -1.331768 (0.136s/step)
[pursuit-b] step 39175/40000 loss -1.347623 (0.136s/step)
[pursuit-b] step 39200/40000 loss -1.330053 (0.136s/step)
[pursuit-b] step 39225/40000 loss -1.313183 (0.136s/step)
[pursuit-b] step 39250/40000 loss -1.338233 (0.136s/step)
[pursuit-b] step 39275/40000 loss -1.332591 (0.136s/step)
[pursuit-b] step 39300/40000 loss -1.342551 (0.136s/step)
[pursuit-b] step 39325/40000 loss -1.344231 (0.136s/step)
[pursuit-b] step 39350/40000 loss -1.307418 (0.136s/step)
[pursuit-b] step 39375/40000 loss -1.328417 (0.136s/step)
[pursuit-b] step 39400/40000 loss -1.314610 (0.136s/step)
[pursuit-b] step 39425/40000 loss -1.349506 (0.136s/step)
[pursuit-b] step 39450/40000 loss -1.322480 (0.136s/step)
[pursuit-b] step 39475/40000 loss -1.314236 (0.136s/step)
[pursuit-b] step 39500/40000 loss -1.357362 (0.136s/step)
[pursuit-b] step 39525/40000 loss -1.320635 (0.136s/step)
[pursuit-b] step 39550/40000 loss -1.356921 (0.136s/step)
[pursuit-b] step 39575/40000 loss -1.328379 (0.136s/step)
[pursuit-b] step 39600/40000 loss -1.348832 (0.136s/step)
[pursuit-b] step 39625/40000 loss -1.340627 (0.136s/step)
[pursuit-b] step 39650/40000 loss -1.325578 (0.136s/step)
[pursuit-b] step 39675/40000 loss -1.357060 (0.136s/step)
[pursuit-b] step 39700/40000 loss -1.344288 (0.136s/step)
[pursuit-b] step 39725/40000 loss -1.307531 (0.136s/step)
[pursuit-b] step 39750/40000 loss -1.342604 (0.136s/step)
[pursuit-b] step 39775/40000 loss -1.341626 (0.136s/step)
[pursuit-b] step 39800/40000 loss -1.344079 (0.136s/step)
[pursuit-b] step 39825/40000 loss -1.353589 (0.136s/step)
[pursuit-b] step 39850/40000 loss -1.317674 (0.136s/step)
[pursuit-b] step 39875/40000 loss -1.340617 (0.136s/step)
[pursuit-b] step 39900/40000 loss -1.338253 (0.136s/step)
[pursuit-b] step 39925/40000 loss -1.353990 (0.136s/step)
[pursuit-b] step 39950/40000 loss -1.342645 (0.136s/step)
[pursuit-b] step 39975/40000 loss -1.321079 (0.136s/step)
[pursuit-b] step 40000/40000 loss -1.361425 (0.136s/step)
[pursuit-b] saved trained K_2, delta_omega, and optimizer state to outputs/ckpt-3shapes-40000.pt
[pursuit-b] evaluating on val: 50 images, 10 seeds
[pursuit-b] eval seed 1: mean FG ARI +0.6845
[pursuit-b] eval seed 2: mean FG ARI +0.6991
[pursuit-b] eval seed 3: mean FG ARI +0.6959
[pursuit-b] eval seed 4: mean FG ARI +0.7026
[pursuit-b] eval seed 5: mean FG ARI +0.6941
[pursuit-b] eval seed 6: mean FG ARI +0.6840
[pursuit-b] eval seed 7: mean FG ARI +0.6958
[pursuit-b] eval seed 8: mean FG ARI +0.6927
[pursuit-b] eval seed 9: mean FG ARI +0.6881
[pursuit-b] eval seed 10: mean FG ARI +0.6971
[pursuit-b] wrote outputs/pursuit-b-3shapes-40000.json

FG ARI +0.6934 +/- 0.0058   (M0 at defaults 0.2395, cc 0.24)
P6 (above cc 0.16): True
diagnostic, above M0 at defaults 0.1209: True  (by >2 seed SD: True)
