[bundle] Running run_pursuit_b.py from /content/jobs/pursuit-b-mnist-40000-20260915T215130Z-5d9357/src/08_overlap_bench, log at /content/jobs/pursuit-b-mnist-40000-20260915T215130Z-5d9357/src/08_overlap_bench/outputs/run_pursuit_b.log
[pursuit-b] known-answer check passed: {"in_phase": 1.1102230246251565e-16, "antiphase": -1.9999999999979998, "d_apart": -0.3496110824024409, "half_coherent": 0.2499999999987501}
[pursuit-b] old-formula control: antiphase gives 1.1102230246251565e-16
[pursuit-b] oracle passed: at init this is M0 (max orbit rel err 5.92e-15, labels identical on all 3)
[pursuit-b] precomputing M0 layer-1 masks for 16000 images on cuda
[pursuit-b]   layer-1 precompute 32/16000
[pursuit-b]   layer-1 precompute 1632/16000
[pursuit-b]   layer-1 precompute 3232/16000
[pursuit-b]   layer-1 precompute 4832/16000
[pursuit-b]   layer-1 precompute 6432/16000
[pursuit-b]   layer-1 precompute 8032/16000
[pursuit-b]   layer-1 precompute 9632/16000
[pursuit-b]   layer-1 precompute 11232/16000
[pursuit-b]   layer-1 precompute 12832/16000
[pursuit-b]   layer-1 precompute 14432/16000
[pursuit-b] resumed from outputs/ckpt-mnist-40000-resume-parent.pt at step 20000 with optimizer state -- bit-identical continuation
[pursuit-b] training 20000 steps (global 20000->40000), batch 32, lr 0.001, on cuda
/content/jobs/pursuit-b-mnist-40000-20260915T215130Z-5d9357/src/08_overlap_bench/scripts/run_pursuit_b.py:353: UserWarning: Converting a tensor with requires_grad=True to a scalar may lead to unexpected behavior.
Consider using tensor.detach() first. (Triggered internally at /pytorch/torch/csrc/autograd/generated/python_variable_methods.cpp:835.)
  curve.append({"step": global_step + 1, "loss": float(loss)})
[pursuit-b] step 20025/40000 loss -1.727729 (0.144s/step)
[pursuit-b] step 20050/40000 loss -1.709289 (0.134s/step)
[pursuit-b] step 20075/40000 loss -1.837174 (0.131s/step)
[pursuit-b] step 20100/40000 loss -1.676138 (0.129s/step)
[pursuit-b] step 20125/40000 loss -1.775544 (0.128s/step)
[pursuit-b] step 20150/40000 loss -1.686005 (0.127s/step)
[pursuit-b] step 20175/40000 loss -1.852886 (0.127s/step)
[pursuit-b] step 20200/40000 loss -1.632664 (0.126s/step)
[pursuit-b] step 20225/40000 loss -1.773830 (0.126s/step)
[pursuit-b] step 20250/40000 loss -1.806530 (0.126s/step)
[pursuit-b] step 20275/40000 loss -1.768200 (0.126s/step)
[pursuit-b] step 20300/40000 loss -1.724283 (0.125s/step)
[pursuit-b] step 20325/40000 loss -1.686317 (0.125s/step)
[pursuit-b] step 20350/40000 loss -1.805469 (0.125s/step)
[pursuit-b] step 20375/40000 loss -1.762068 (0.125s/step)
[pursuit-b] step 20400/40000 loss -1.767600 (0.125s/step)
[pursuit-b] step 20425/40000 loss -1.758224 (0.125s/step)
[pursuit-b] step 20450/40000 loss -1.709748 (0.125s/step)
[pursuit-b] step 20475/40000 loss -1.742049 (0.125s/step)
[pursuit-b] step 20500/40000 loss -1.771728 (0.125s/step)
[pursuit-b] step 20525/40000 loss -1.775353 (0.125s/step)
[pursuit-b] step 20550/40000 loss -1.721987 (0.125s/step)
[pursuit-b] step 20575/40000 loss -1.822579 (0.124s/step)
[pursuit-b] step 20600/40000 loss -1.636817 (0.124s/step)
[pursuit-b] step 20625/40000 loss -1.802260 (0.124s/step)
[pursuit-b] step 20650/40000 loss -1.760804 (0.124s/step)
[pursuit-b] step 20675/40000 loss -1.874687 (0.124s/step)
[pursuit-b] step 20700/40000 loss -1.710301 (0.124s/step)
[pursuit-b] step 20725/40000 loss -1.803656 (0.124s/step)
[pursuit-b] step 20750/40000 loss -1.822561 (0.124s/step)
[pursuit-b] step 20775/40000 loss -1.791753 (0.124s/step)
[pursuit-b] step 20800/40000 loss -1.762097 (0.124s/step)
[pursuit-b] step 20825/40000 loss -1.704617 (0.124s/step)
[pursuit-b] step 20850/40000 loss -1.819720 (0.124s/step)
[pursuit-b] step 20875/40000 loss -1.805148 (0.124s/step)
[pursuit-b] step 20900/40000 loss -1.782964 (0.124s/step)
[pursuit-b] step 20925/40000 loss -1.786890 (0.124s/step)
[pursuit-b] step 20950/40000 loss -1.779423 (0.124s/step)
[pursuit-b] step 20975/40000 loss -1.752973 (0.124s/step)
[pursuit-b] step 21000/40000 loss -1.763826 (0.124s/step)
[pursuit-b] step 21025/40000 loss -1.786419 (0.124s/step)
[pursuit-b] step 21050/40000 loss -1.658522 (0.124s/step)
[pursuit-b] step 21075/40000 loss -1.822227 (0.124s/step)
[pursuit-b] step 21100/40000 loss -1.696605 (0.124s/step)
[pursuit-b] step 21125/40000 loss -1.787663 (0.124s/step)
[pursuit-b] step 21150/40000 loss -1.747161 (0.124s/step)
[pursuit-b] step 21175/40000 loss -1.867694 (0.124s/step)
[pursuit-b] step 21200/40000 loss -1.726050 (0.124s/step)
[pursuit-b] step 21225/40000 loss -1.756323 (0.124s/step)
[pursuit-b] step 21250/40000 loss -1.813911 (0.124s/step)
[pursuit-b] step 21275/40000 loss -1.774130 (0.124s/step)
[pursuit-b] step 21300/40000 loss -1.779922 (0.124s/step)
[pursuit-b] step 21325/40000 loss -1.746780 (0.124s/step)
[pursuit-b] step 21350/40000 loss -1.812461 (0.124s/step)
[pursuit-b] step 21375/40000 loss -1.797598 (0.124s/step)
[pursuit-b] step 21400/40000 loss -1.786954 (0.124s/step)
[pursuit-b] step 21425/40000 loss -1.788101 (0.124s/step)
[pursuit-b] step 21450/40000 loss -1.733189 (0.124s/step)
[pursuit-b] step 21475/40000 loss -1.775391 (0.124s/step)
[pursuit-b] step 21500/40000 loss -1.790206 (0.124s/step)
[pursuit-b] step 21525/40000 loss -1.772077 (0.124s/step)
[pursuit-b] step 21550/40000 loss -1.754340 (0.124s/step)
[pursuit-b] step 21575/40000 loss -1.840265 (0.124s/step)
[pursuit-b] step 21600/40000 loss -1.670590 (0.124s/step)
[pursuit-b] step 21625/40000 loss -1.803770 (0.124s/step)
[pursuit-b] step 21650/40000 loss -1.700002 (0.124s/step)
[pursuit-b] step 21675/40000 loss -1.864061 (0.124s/step)
[pursuit-b] step 21700/40000 loss -1.675546 (0.124s/step)
[pursuit-b] step 21725/40000 loss -1.730035 (0.124s/step)
[pursuit-b] step 21750/40000 loss -1.817516 (0.124s/step)
[pursuit-b] step 21775/40000 loss -1.774077 (0.124s/step)
[pursuit-b] step 21800/40000 loss -1.787469 (0.124s/step)
[pursuit-b] step 21825/40000 loss -1.732807 (0.124s/step)
[pursuit-b] step 21850/40000 loss -1.801520 (0.124s/step)
[pursuit-b] step 21875/40000 loss -1.800795 (0.124s/step)
[pursuit-b] step 21900/40000 loss -1.776904 (0.124s/step)
[pursuit-b] step 21925/40000 loss -1.784003 (0.124s/step)
[pursuit-b] step 21950/40000 loss -1.789247 (0.125s/step)
[pursuit-b] step 21975/40000 loss -1.755168 (0.125s/step)
[pursuit-b] step 22000/40000 loss -1.774344 (0.125s/step)
[pursuit-b] step 22025/40000 loss -1.704901 (0.125s/step)
[pursuit-b] step 22050/40000 loss -1.737156 (0.125s/step)
[pursuit-b] step 22075/40000 loss -1.837310 (0.125s/step)
[pursuit-b] step 22100/40000 loss -1.671494 (0.125s/step)
[pursuit-b] step 22125/40000 loss -1.819574 (0.125s/step)
[pursuit-b] step 22150/40000 loss -1.767579 (0.125s/step)
[pursuit-b] step 22175/40000 loss -1.869650 (0.125s/step)
[pursuit-b] step 22200/40000 loss -1.611652 (0.125s/step)
[pursuit-b] step 22225/40000 loss -1.779916 (0.125s/step)
[pursuit-b] step 22250/40000 loss -1.811204 (0.125s/step)
[pursuit-b] step 22275/40000 loss -1.803109 (0.125s/step)
[pursuit-b] step 22300/40000 loss -1.784615 (0.125s/step)
[pursuit-b] step 22325/40000 loss -1.736973 (0.125s/step)
[pursuit-b] step 22350/40000 loss -1.816057 (0.125s/step)
[pursuit-b] step 22375/40000 loss -1.800462 (0.125s/step)
[pursuit-b] step 22400/40000 loss -1.781708 (0.125s/step)
[pursuit-b] step 22425/40000 loss -1.764413 (0.125s/step)
[pursuit-b] step 22450/40000 loss -1.738234 (0.125s/step)
[pursuit-b] step 22475/40000 loss -1.717872 (0.125s/step)
[pursuit-b] step 22500/40000 loss -1.786468 (0.125s/step)
[pursuit-b] step 22525/40000 loss -1.760352 (0.125s/step)
[pursuit-b] step 22550/40000 loss -1.744899 (0.125s/step)
[pursuit-b] step 22575/40000 loss -1.832083 (0.125s/step)
[pursuit-b] step 22600/40000 loss -1.698346 (0.125s/step)
[pursuit-b] step 22625/40000 loss -1.824693 (0.125s/step)
[pursuit-b] step 22650/40000 loss -1.771443 (0.125s/step)
[pursuit-b] step 22675/40000 loss -1.872505 (0.125s/step)
[pursuit-b] step 22700/40000 loss -1.731167 (0.125s/step)
[pursuit-b] step 22725/40000 loss -1.775379 (0.125s/step)
[pursuit-b] step 22750/40000 loss -1.831418 (0.125s/step)
[pursuit-b] step 22775/40000 loss -1.783432 (0.125s/step)
[pursuit-b] step 22800/40000 loss -1.748220 (0.125s/step)
[pursuit-b] step 22825/40000 loss -1.737781 (0.125s/step)
[pursuit-b] step 22850/40000 loss -1.818423 (0.125s/step)
[pursuit-b] step 22875/40000 loss -1.792133 (0.125s/step)
[pursuit-b] step 22900/40000 loss -1.791475 (0.125s/step)
[pursuit-b] step 22925/40000 loss -1.768475 (0.125s/step)
[pursuit-b] step 22950/40000 loss -1.728559 (0.125s/step)
[pursuit-b] step 22975/40000 loss -1.742344 (0.125s/step)
[pursuit-b] step 23000/40000 loss -1.793270 (0.125s/step)
[pursuit-b] step 23025/40000 loss -1.772544 (0.125s/step)
[pursuit-b] step 23050/40000 loss -1.732679 (0.125s/step)
[pursuit-b] step 23075/40000 loss -1.851120 (0.125s/step)
[pursuit-b] step 23100/40000 loss -1.696034 (0.125s/step)
[pursuit-b] step 23125/40000 loss -1.816394 (0.125s/step)
[pursuit-b] step 23150/40000 loss -1.770340 (0.125s/step)
[pursuit-b] step 23175/40000 loss -1.877257 (0.125s/step)
[pursuit-b] step 23200/40000 loss -1.697007 (0.125s/step)
[pursuit-b] step 23225/40000 loss -1.758994 (0.125s/step)
[pursuit-b] step 23250/40000 loss -1.827409 (0.125s/step)
[pursuit-b] step 23275/40000 loss -1.780959 (0.125s/step)
[pursuit-b] step 23300/40000 loss -1.739100 (0.125s/step)
[pursuit-b] step 23325/40000 loss -1.747328 (0.125s/step)
[pursuit-b] step 23350/40000 loss -1.822515 (0.125s/step)
[pursuit-b] step 23375/40000 loss -1.791096 (0.125s/step)
[pursuit-b] step 23400/40000 loss -1.779801 (0.125s/step)
[pursuit-b] step 23425/40000 loss -1.801820 (0.125s/step)
[pursuit-b] step 23450/40000 loss -1.741456 (0.125s/step)
[pursuit-b] step 23475/40000 loss -1.757929 (0.125s/step)
[pursuit-b] step 23500/40000 loss -1.731516 (0.125s/step)
[pursuit-b] step 23525/40000 loss -1.744839 (0.125s/step)
[pursuit-b] step 23550/40000 loss -1.743491 (0.125s/step)
[pursuit-b] step 23575/40000 loss -1.840407 (0.125s/step)
[pursuit-b] step 23600/40000 loss -1.679687 (0.125s/step)
[pursuit-b] step 23625/40000 loss -1.815547 (0.125s/step)
[pursuit-b] step 23650/40000 loss -1.772223 (0.125s/step)
[pursuit-b] step 23675/40000 loss -1.872685 (0.124s/step)
[pursuit-b] step 23700/40000 loss -1.669531 (0.124s/step)
[pursuit-b] step 23725/40000 loss -1.728934 (0.124s/step)
[pursuit-b] step 23750/40000 loss -1.793128 (0.124s/step)
[pursuit-b] step 23775/40000 loss -1.766441 (0.124s/step)
[pursuit-b] step 23800/40000 loss -1.744184 (0.124s/step)
[pursuit-b] step 23825/40000 loss -1.730874 (0.124s/step)
[pursuit-b] step 23850/40000 loss -1.824470 (0.124s/step)
[pursuit-b] step 23875/40000 loss -1.801420 (0.124s/step)
[pursuit-b] step 23900/40000 loss -1.793633 (0.124s/step)
[pursuit-b] step 23925/40000 loss -1.788338 (0.124s/step)
[pursuit-b] step 23950/40000 loss -1.801425 (0.124s/step)
[pursuit-b] step 23975/40000 loss -1.771991 (0.124s/step)
[pursuit-b] step 24000/40000 loss -1.804158 (0.124s/step)
[pursuit-b] step 24025/40000 loss -1.789620 (0.124s/step)
[pursuit-b] step 24050/40000 loss -1.759453 (0.124s/step)
[pursuit-b] step 24075/40000 loss -1.843519 (0.124s/step)
[pursuit-b] step 24100/40000 loss -1.674083 (0.124s/step)
[pursuit-b] step 24125/40000 loss -1.820288 (0.124s/step)
[pursuit-b] step 24150/40000 loss -1.778502 (0.124s/step)
[pursuit-b] step 24175/40000 loss -1.867711 (0.124s/step)
[pursuit-b] step 24200/40000 loss -1.707538 (0.124s/step)
[pursuit-b] step 24225/40000 loss -1.734374 (0.124s/step)
[pursuit-b] step 24250/40000 loss -1.818665 (0.124s/step)
[pursuit-b] step 24275/40000 loss -1.792524 (0.124s/step)
[pursuit-b] step 24300/40000 loss -1.729671 (0.124s/step)
[pursuit-b] step 24325/40000 loss -1.743733 (0.124s/step)
[pursuit-b] step 24350/40000 loss -1.829742 (0.124s/step)
[pursuit-b] step 24375/40000 loss -1.765810 (0.124s/step)
[pursuit-b] step 24400/40000 loss -1.782707 (0.124s/step)
[pursuit-b] step 24425/40000 loss -1.796639 (0.124s/step)
[pursuit-b] step 24450/40000 loss -1.794042 (0.124s/step)
[pursuit-b] step 24475/40000 loss -1.742275 (0.124s/step)
[pursuit-b] step 24500/40000 loss -1.776028 (0.124s/step)
[pursuit-b] step 24525/40000 loss -1.771259 (0.124s/step)
[pursuit-b] step 24550/40000 loss -1.746697 (0.124s/step)
[pursuit-b] step 24575/40000 loss -1.842267 (0.124s/step)
[pursuit-b] step 24600/40000 loss -1.703513 (0.124s/step)
[pursuit-b] step 24625/40000 loss -1.814869 (0.124s/step)
[pursuit-b] step 24650/40000 loss -1.778231 (0.124s/step)
[pursuit-b] step 24675/40000 loss -1.876142 (0.124s/step)
[pursuit-b] step 24700/40000 loss -1.715050 (0.124s/step)
[pursuit-b] step 24725/40000 loss -1.767925 (0.124s/step)
[pursuit-b] step 24750/40000 loss -1.814466 (0.124s/step)
[pursuit-b] step 24775/40000 loss -1.799621 (0.124s/step)
[pursuit-b] step 24800/40000 loss -1.770057 (0.124s/step)
[pursuit-b] step 24825/40000 loss -1.745165 (0.124s/step)
[pursuit-b] step 24850/40000 loss -1.817427 (0.124s/step)
[pursuit-b] step 24875/40000 loss -1.762038 (0.124s/step)
[pursuit-b] step 24900/40000 loss -1.781928 (0.124s/step)
[pursuit-b] step 24925/40000 loss -1.790768 (0.124s/step)
[pursuit-b] step 24950/40000 loss -1.811769 (0.124s/step)
[pursuit-b] step 24975/40000 loss -1.770767 (0.124s/step)
[pursuit-b] step 25000/40000 loss -1.792659 (0.124s/step)
[pursuit-b] step 25025/40000 loss -1.791808 (0.124s/step)
[pursuit-b] step 25050/40000 loss -1.746316 (0.124s/step)
[pursuit-b] step 25075/40000 loss -1.844529 (0.124s/step)
[pursuit-b] step 25100/40000 loss -1.709836 (0.124s/step)
[pursuit-b] step 25125/40000 loss -1.824456 (0.124s/step)
[pursuit-b] step 25150/40000 loss -1.786184 (0.124s/step)
[pursuit-b] step 25175/40000 loss -1.877691 (0.124s/step)
[pursuit-b] step 25200/40000 loss -1.722723 (0.124s/step)
[pursuit-b] step 25225/40000 loss -1.772735 (0.124s/step)
[pursuit-b] step 25250/40000 loss -1.827100 (0.124s/step)
[pursuit-b] step 25275/40000 loss -1.816959 (0.124s/step)
[pursuit-b] step 25300/40000 loss -1.781558 (0.124s/step)
[pursuit-b] step 25325/40000 loss -1.753591 (0.124s/step)
[pursuit-b] step 25350/40000 loss -1.833229 (0.124s/step)
[pursuit-b] step 25375/40000 loss -1.769184 (0.124s/step)
[pursuit-b] step 25400/40000 loss -1.802195 (0.124s/step)
[pursuit-b] step 25425/40000 loss -1.801751 (0.124s/step)
[pursuit-b] step 25450/40000 loss -1.787337 (0.124s/step)
[pursuit-b] step 25475/40000 loss -1.764329 (0.124s/step)
[pursuit-b] step 25500/40000 loss -1.795944 (0.124s/step)
[pursuit-b] step 25525/40000 loss -1.798243 (0.124s/step)
[pursuit-b] step 25550/40000 loss -1.767662 (0.124s/step)
[pursuit-b] step 25575/40000 loss -1.855360 (0.124s/step)
[pursuit-b] step 25600/40000 loss -1.715380 (0.124s/step)
[pursuit-b] step 25625/40000 loss -1.826603 (0.124s/step)
[pursuit-b] step 25650/40000 loss -1.787725 (0.124s/step)
[pursuit-b] step 25675/40000 loss -1.892471 (0.124s/step)
[pursuit-b] step 25700/40000 loss -1.734199 (0.124s/step)
[pursuit-b] step 25725/40000 loss -1.775902 (0.124s/step)
[pursuit-b] step 25750/40000 loss -1.841319 (0.124s/step)
[pursuit-b] step 25775/40000 loss -1.808128 (0.124s/step)
[pursuit-b] step 25800/40000 loss -1.769751 (0.124s/step)
[pursuit-b] step 25825/40000 loss -1.754478 (0.124s/step)
[pursuit-b] step 25850/40000 loss -1.837695 (0.124s/step)
[pursuit-b] step 25875/40000 loss -1.807112 (0.124s/step)
[pursuit-b] step 25900/40000 loss -1.802755 (0.124s/step)
[pursuit-b] step 25925/40000 loss -1.804633 (0.124s/step)
[pursuit-b] step 25950/40000 loss -1.819236 (0.124s/step)
[pursuit-b] step 25975/40000 loss -1.782764 (0.124s/step)
[pursuit-b] step 26000/40000 loss -1.812910 (0.124s/step)
[pursuit-b] step 26025/40000 loss -1.797330 (0.124s/step)
[pursuit-b] step 26050/40000 loss -1.765274 (0.124s/step)
[pursuit-b] step 26075/40000 loss -1.851780 (0.124s/step)
[pursuit-b] step 26100/40000 loss -1.711442 (0.124s/step)
[pursuit-b] step 26125/40000 loss -1.833432 (0.124s/step)
[pursuit-b] step 26150/40000 loss -1.789554 (0.124s/step)
[pursuit-b] step 26175/40000 loss -1.894002 (0.124s/step)
[pursuit-b] step 26200/40000 loss -1.743212 (0.124s/step)
[pursuit-b] step 26225/40000 loss -1.792479 (0.124s/step)
[pursuit-b] step 26250/40000 loss -1.843666 (0.124s/step)
[pursuit-b] step 26275/40000 loss -1.820483 (0.124s/step)
[pursuit-b] step 26300/40000 loss -1.781636 (0.124s/step)
[pursuit-b] step 26325/40000 loss -1.749939 (0.124s/step)
[pursuit-b] step 26350/40000 loss -1.837307 (0.124s/step)
[pursuit-b] step 26375/40000 loss -1.816479 (0.124s/step)
[pursuit-b] step 26400/40000 loss -1.807731 (0.124s/step)
[pursuit-b] step 26425/40000 loss -1.817914 (0.124s/step)
[pursuit-b] step 26450/40000 loss -1.817700 (0.124s/step)
[pursuit-b] step 26475/40000 loss -1.778858 (0.124s/step)
[pursuit-b] step 26500/40000 loss -1.822455 (0.124s/step)
[pursuit-b] step 26525/40000 loss -1.809149 (0.124s/step)
[pursuit-b] step 26550/40000 loss -1.785844 (0.124s/step)
[pursuit-b] step 26575/40000 loss -1.849404 (0.124s/step)
[pursuit-b] step 26600/40000 loss -1.710011 (0.124s/step)
[pursuit-b] step 26625/40000 loss -1.841295 (0.124s/step)
[pursuit-b] step 26650/40000 loss -1.799995 (0.124s/step)
[pursuit-b] step 26675/40000 loss -1.889974 (0.124s/step)
[pursuit-b] step 26700/40000 loss -1.749159 (0.124s/step)
[pursuit-b] step 26725/40000 loss -1.785093 (0.124s/step)
[pursuit-b] step 26750/40000 loss -1.843165 (0.124s/step)
[pursuit-b] step 26775/40000 loss -1.788691 (0.124s/step)
[pursuit-b] step 26800/40000 loss -1.782354 (0.124s/step)
[pursuit-b] step 26825/40000 loss -1.752960 (0.124s/step)
[pursuit-b] step 26850/40000 loss -1.832051 (0.124s/step)
[pursuit-b] step 26875/40000 loss -1.825549 (0.124s/step)
[pursuit-b] step 26900/40000 loss -1.800582 (0.124s/step)
[pursuit-b] step 26925/40000 loss -1.802667 (0.124s/step)
[pursuit-b] step 26950/40000 loss -1.813088 (0.124s/step)
[pursuit-b] step 26975/40000 loss -1.714831 (0.124s/step)
[pursuit-b] step 27000/40000 loss -1.820515 (0.124s/step)
[pursuit-b] step 27025/40000 loss -1.780263 (0.124s/step)
[pursuit-b] step 27050/40000 loss -1.766881 (0.124s/step)
[pursuit-b] step 27075/40000 loss -1.857843 (0.124s/step)
[pursuit-b] step 27100/40000 loss -1.722082 (0.124s/step)
[pursuit-b] step 27125/40000 loss -1.818856 (0.124s/step)
[pursuit-b] step 27150/40000 loss -1.793842 (0.124s/step)
[pursuit-b] step 27175/40000 loss -1.876348 (0.124s/step)
[pursuit-b] step 27200/40000 loss -1.665043 (0.124s/step)
[pursuit-b] step 27225/40000 loss -1.808694 (0.124s/step)
[pursuit-b] step 27250/40000 loss -1.833077 (0.124s/step)
[pursuit-b] step 27275/40000 loss -1.807497 (0.124s/step)
[pursuit-b] step 27300/40000 loss -1.794246 (0.124s/step)
[pursuit-b] step 27325/40000 loss -1.750354 (0.124s/step)
[pursuit-b] step 27350/40000 loss -1.841204 (0.124s/step)
[pursuit-b] step 27375/40000 loss -1.816579 (0.124s/step)
[pursuit-b] step 27400/40000 loss -1.784284 (0.124s/step)
[pursuit-b] step 27425/40000 loss -1.790262 (0.124s/step)
[pursuit-b] step 27450/40000 loss -1.814296 (0.124s/step)
[pursuit-b] step 27475/40000 loss -1.749531 (0.124s/step)
[pursuit-b] step 27500/40000 loss -1.784977 (0.124s/step)
[pursuit-b] step 27525/40000 loss -1.775812 (0.124s/step)
[pursuit-b] step 27550/40000 loss -1.728554 (0.124s/step)
[pursuit-b] step 27575/40000 loss -1.850399 (0.124s/step)
[pursuit-b] step 27600/40000 loss -1.705303 (0.124s/step)
[pursuit-b] step 27625/40000 loss -1.824779 (0.124s/step)
[pursuit-b] step 27650/40000 loss -1.801245 (0.124s/step)
[pursuit-b] step 27675/40000 loss -1.868153 (0.124s/step)
[pursuit-b] step 27700/40000 loss -1.665656 (0.124s/step)
[pursuit-b] step 27725/40000 loss -1.801855 (0.124s/step)
[pursuit-b] step 27750/40000 loss -1.830436 (0.124s/step)
[pursuit-b] step 27775/40000 loss -1.815870 (0.124s/step)
[pursuit-b] step 27800/40000 loss -1.814751 (0.124s/step)
[pursuit-b] step 27825/40000 loss -1.701429 (0.124s/step)
[pursuit-b] step 27850/40000 loss -1.822144 (0.124s/step)
[pursuit-b] step 27875/40000 loss -1.804020 (0.124s/step)
[pursuit-b] step 27900/40000 loss -1.791707 (0.124s/step)
[pursuit-b] step 27925/40000 loss -1.783966 (0.124s/step)
[pursuit-b] step 27950/40000 loss -1.803378 (0.124s/step)
[pursuit-b] step 27975/40000 loss -1.722427 (0.124s/step)
[pursuit-b] step 28000/40000 loss -1.804796 (0.124s/step)
[pursuit-b] step 28025/40000 loss -1.801825 (0.124s/step)
[pursuit-b] step 28050/40000 loss -1.752817 (0.124s/step)
[pursuit-b] step 28075/40000 loss -1.845027 (0.124s/step)
[pursuit-b] step 28100/40000 loss -1.707811 (0.124s/step)
[pursuit-b] step 28125/40000 loss -1.823367 (0.124s/step)
[pursuit-b] step 28150/40000 loss -1.801862 (0.124s/step)
[pursuit-b] step 28175/40000 loss -1.872085 (0.124s/step)
[pursuit-b] step 28200/40000 loss -1.737489 (0.124s/step)
[pursuit-b] step 28225/40000 loss -1.776523 (0.124s/step)
[pursuit-b] step 28250/40000 loss -1.819262 (0.124s/step)
[pursuit-b] step 28275/40000 loss -1.794711 (0.124s/step)
[pursuit-b] step 28300/40000 loss -1.805267 (0.124s/step)
[pursuit-b] step 28325/40000 loss -1.741250 (0.124s/step)
[pursuit-b] step 28350/40000 loss -1.819393 (0.124s/step)
[pursuit-b] step 28375/40000 loss -1.819014 (0.124s/step)
[pursuit-b] step 28400/40000 loss -1.803008 (0.124s/step)
[pursuit-b] step 28425/40000 loss -1.739655 (0.124s/step)
[pursuit-b] step 28450/40000 loss -1.750682 (0.124s/step)
[pursuit-b] step 28475/40000 loss -1.789210 (0.124s/step)
[pursuit-b] step 28500/40000 loss -1.815442 (0.124s/step)
[pursuit-b] step 28525/40000 loss -1.769134 (0.124s/step)
[pursuit-b] step 28550/40000 loss -1.740009 (0.124s/step)
[pursuit-b] step 28575/40000 loss -1.848440 (0.124s/step)
[pursuit-b] step 28600/40000 loss -1.694730 (0.124s/step)
[pursuit-b] step 28625/40000 loss -1.837046 (0.124s/step)
[pursuit-b] step 28650/40000 loss -1.802359 (0.124s/step)
[pursuit-b] step 28675/40000 loss -1.865149 (0.124s/step)
[pursuit-b] step 28700/40000 loss -1.750443 (0.124s/step)
[pursuit-b] step 28725/40000 loss -1.786894 (0.124s/step)
[pursuit-b] step 28750/40000 loss -1.776334 (0.124s/step)
[pursuit-b] step 28775/40000 loss -1.817355 (0.124s/step)
[pursuit-b] step 28800/40000 loss -1.818524 (0.124s/step)
[pursuit-b] step 28825/40000 loss -1.749740 (0.124s/step)
[pursuit-b] step 28850/40000 loss -1.842839 (0.124s/step)
[pursuit-b] step 28875/40000 loss -1.824122 (0.124s/step)
[pursuit-b] step 28900/40000 loss -1.811072 (0.124s/step)
[pursuit-b] step 28925/40000 loss -1.790987 (0.124s/step)
[pursuit-b] step 28950/40000 loss -1.821425 (0.124s/step)
[pursuit-b] step 28975/40000 loss -1.754035 (0.124s/step)
[pursuit-b] step 29000/40000 loss -1.812172 (0.124s/step)
[pursuit-b] step 29025/40000 loss -1.821680 (0.124s/step)
[pursuit-b] step 29050/40000 loss -1.767204 (0.124s/step)
[pursuit-b] step 29075/40000 loss -1.851359 (0.124s/step)
[pursuit-b] step 29100/40000 loss -1.723871 (0.124s/step)
[pursuit-b] step 29125/40000 loss -1.832639 (0.124s/step)
[pursuit-b] step 29150/40000 loss -1.811917 (0.124s/step)
[pursuit-b] step 29175/40000 loss -1.876101 (0.124s/step)
[pursuit-b] step 29200/40000 loss -1.751790 (0.124s/step)
[pursuit-b] step 29225/40000 loss -1.797545 (0.124s/step)
[pursuit-b] step 29250/40000 loss -1.830670 (0.124s/step)
[pursuit-b] step 29275/40000 loss -1.826571 (0.124s/step)
[pursuit-b] step 29300/40000 loss -1.821087 (0.124s/step)
[pursuit-b] step 29325/40000 loss -1.751527 (0.124s/step)
[pursuit-b] step 29350/40000 loss -1.856357 (0.124s/step)
[pursuit-b] step 29375/40000 loss -1.822952 (0.124s/step)
[pursuit-b] step 29400/40000 loss -1.808225 (0.124s/step)
[pursuit-b] step 29425/40000 loss -1.790861 (0.124s/step)
[pursuit-b] step 29450/40000 loss -1.822119 (0.124s/step)
[pursuit-b] step 29475/40000 loss -1.787960 (0.124s/step)
[pursuit-b] step 29500/40000 loss -1.816063 (0.124s/step)
[pursuit-b] step 29525/40000 loss -1.820288 (0.124s/step)
[pursuit-b] step 29550/40000 loss -1.788850 (0.124s/step)
[pursuit-b] step 29575/40000 loss -1.853213 (0.124s/step)
[pursuit-b] step 29600/40000 loss -1.737825 (0.124s/step)
[pursuit-b] step 29625/40000 loss -1.847665 (0.124s/step)
[pursuit-b] step 29650/40000 loss -1.810806 (0.124s/step)
[pursuit-b] step 29675/40000 loss -1.887359 (0.124s/step)
[pursuit-b] step 29700/40000 loss -1.759639 (0.124s/step)
[pursuit-b] step 29725/40000 loss -1.826744 (0.124s/step)
[pursuit-b] step 29750/40000 loss -1.826557 (0.124s/step)
[pursuit-b] step 29775/40000 loss -1.820964 (0.124s/step)
[pursuit-b] step 29800/40000 loss -1.828786 (0.124s/step)
[pursuit-b] step 29825/40000 loss -1.749087 (0.124s/step)
[pursuit-b] step 29850/40000 loss -1.852754 (0.124s/step)
[pursuit-b] step 29875/40000 loss -1.828237 (0.124s/step)
[pursuit-b] step 29900/40000 loss -1.808456 (0.124s/step)
[pursuit-b] step 29925/40000 loss -1.789057 (0.124s/step)
[pursuit-b] step 29950/40000 loss -1.820497 (0.124s/step)
[pursuit-b] step 29975/40000 loss -1.762735 (0.124s/step)
[pursuit-b] step 30000/40000 loss -1.830796 (0.124s/step)
[pursuit-b] step 30025/40000 loss -1.814938 (0.124s/step)
[pursuit-b] step 30050/40000 loss -1.780484 (0.124s/step)
[pursuit-b] step 30075/40000 loss -1.853536 (0.124s/step)
[pursuit-b] step 30100/40000 loss -1.729906 (0.124s/step)
[pursuit-b] step 30125/40000 loss -1.834459 (0.124s/step)
[pursuit-b] step 30150/40000 loss -1.790300 (0.124s/step)
[pursuit-b] step 30175/40000 loss -1.875225 (0.124s/step)
[pursuit-b] step 30200/40000 loss -1.709778 (0.124s/step)
[pursuit-b] step 30225/40000 loss -1.765874 (0.124s/step)
[pursuit-b] step 30250/40000 loss -1.846147 (0.124s/step)
[pursuit-b] step 30275/40000 loss -1.829417 (0.124s/step)
[pursuit-b] step 30300/40000 loss -1.815292 (0.124s/step)
[pursuit-b] step 30325/40000 loss -1.745551 (0.124s/step)
[pursuit-b] step 30350/40000 loss -1.851444 (0.124s/step)
[pursuit-b] step 30375/40000 loss -1.815440 (0.124s/step)
[pursuit-b] step 30400/40000 loss -1.800819 (0.124s/step)
[pursuit-b] step 30425/40000 loss -1.724172 (0.124s/step)
[pursuit-b] step 30450/40000 loss -1.813727 (0.124s/step)
[pursuit-b] step 30475/40000 loss -1.790799 (0.124s/step)
[pursuit-b] step 30500/40000 loss -1.841273 (0.124s/step)
[pursuit-b] step 30525/40000 loss -1.811187 (0.124s/step)
[pursuit-b] step 30550/40000 loss -1.785672 (0.124s/step)
[pursuit-b] step 30575/40000 loss -1.858257 (0.124s/step)
[pursuit-b] step 30600/40000 loss -1.742288 (0.124s/step)
[pursuit-b] step 30625/40000 loss -1.840245 (0.124s/step)
[pursuit-b] step 30650/40000 loss -1.808173 (0.124s/step)
[pursuit-b] step 30675/40000 loss -1.887619 (0.124s/step)
[pursuit-b] step 30700/40000 loss -1.766587 (0.124s/step)
[pursuit-b] step 30725/40000 loss -1.794760 (0.124s/step)
[pursuit-b] step 30750/40000 loss -1.828983 (0.124s/step)
[pursuit-b] step 30775/40000 loss -1.828309 (0.124s/step)
[pursuit-b] step 30800/40000 loss -1.824252 (0.124s/step)
[pursuit-b] step 30825/40000 loss -1.751008 (0.124s/step)
[pursuit-b] step 30850/40000 loss -1.854709 (0.124s/step)
[pursuit-b] step 30875/40000 loss -1.827063 (0.124s/step)
[pursuit-b] step 30900/40000 loss -1.802589 (0.124s/step)
[pursuit-b] step 30925/40000 loss -1.797847 (0.124s/step)
[pursuit-b] step 30950/40000 loss -1.822093 (0.124s/step)
[pursuit-b] step 30975/40000 loss -1.791016 (0.124s/step)
[pursuit-b] step 31000/40000 loss -1.843631 (0.124s/step)
[pursuit-b] step 31025/40000 loss -1.821408 (0.124s/step)
[pursuit-b] step 31050/40000 loss -1.796377 (0.124s/step)
[pursuit-b] step 31075/40000 loss -1.865638 (0.124s/step)
[pursuit-b] step 31100/40000 loss -1.751778 (0.124s/step)
[pursuit-b] step 31125/40000 loss -1.843593 (0.124s/step)
[pursuit-b] step 31150/40000 loss -1.808048 (0.124s/step)
[pursuit-b] step 31175/40000 loss -1.890786 (0.124s/step)
[pursuit-b] step 31200/40000 loss -1.763001 (0.124s/step)
[pursuit-b] step 31225/40000 loss -1.789273 (0.124s/step)
[pursuit-b] step 31250/40000 loss -1.833512 (0.124s/step)
[pursuit-b] step 31275/40000 loss -1.838122 (0.124s/step)
[pursuit-b] step 31300/40000 loss -1.819387 (0.124s/step)
[pursuit-b] step 31325/40000 loss -1.755525 (0.124s/step)
[pursuit-b] step 31350/40000 loss -1.858565 (0.124s/step)
[pursuit-b] step 31375/40000 loss -1.829073 (0.124s/step)
[pursuit-b] step 31400/40000 loss -1.817810 (0.124s/step)
[pursuit-b] step 31425/40000 loss -1.742416 (0.124s/step)
[pursuit-b] step 31450/40000 loss -1.822888 (0.124s/step)
[pursuit-b] step 31475/40000 loss -1.775301 (0.124s/step)
[pursuit-b] step 31500/40000 loss -1.849609 (0.124s/step)
[pursuit-b] step 31525/40000 loss -1.821602 (0.124s/step)
[pursuit-b] step 31550/40000 loss -1.784344 (0.124s/step)
[pursuit-b] step 31575/40000 loss -1.857335 (0.124s/step)
[pursuit-b] step 31600/40000 loss -1.752358 (0.124s/step)
[pursuit-b] step 31625/40000 loss -1.852787 (0.124s/step)
[pursuit-b] step 31650/40000 loss -1.807695 (0.124s/step)
[pursuit-b] step 31675/40000 loss -1.875877 (0.124s/step)
[pursuit-b] step 31700/40000 loss -1.746707 (0.124s/step)
[pursuit-b] step 31725/40000 loss -1.803437 (0.124s/step)
[pursuit-b] step 31750/40000 loss -1.831421 (0.124s/step)
[pursuit-b] step 31775/40000 loss -1.829198 (0.124s/step)
[pursuit-b] step 31800/40000 loss -1.829028 (0.124s/step)
[pursuit-b] step 31825/40000 loss -1.765515 (0.124s/step)
[pursuit-b] step 31850/40000 loss -1.855639 (0.124s/step)
[pursuit-b] step 31875/40000 loss -1.830821 (0.124s/step)
[pursuit-b] step 31900/40000 loss -1.813161 (0.124s/step)
[pursuit-b] step 31925/40000 loss -1.756011 (0.124s/step)
[pursuit-b] step 31950/40000 loss -1.785032 (0.124s/step)
[pursuit-b] step 31975/40000 loss -1.798599 (0.124s/step)
[pursuit-b] step 32000/40000 loss -1.834363 (0.124s/step)
[pursuit-b] step 32025/40000 loss -1.820337 (0.124s/step)
[pursuit-b] step 32050/40000 loss -1.793160 (0.124s/step)
[pursuit-b] step 32075/40000 loss -1.858500 (0.124s/step)
[pursuit-b] step 32100/40000 loss -1.766687 (0.124s/step)
[pursuit-b] step 32125/40000 loss -1.850157 (0.124s/step)
[pursuit-b] step 32150/40000 loss -1.810436 (0.124s/step)
[pursuit-b] step 32175/40000 loss -1.884662 (0.124s/step)
[pursuit-b] step 32200/40000 loss -1.757098 (0.124s/step)
[pursuit-b] step 32225/40000 loss -1.808067 (0.124s/step)
[pursuit-b] step 32250/40000 loss -1.840686 (0.124s/step)
[pursuit-b] step 32275/40000 loss -1.822071 (0.124s/step)
[pursuit-b] step 32300/40000 loss -1.815945 (0.124s/step)
[pursuit-b] step 32325/40000 loss -1.749797 (0.124s/step)
[pursuit-b] step 32350/40000 loss -1.856496 (0.124s/step)
[pursuit-b] step 32375/40000 loss -1.818102 (0.124s/step)
[pursuit-b] step 32400/40000 loss -1.792354 (0.124s/step)
[pursuit-b] step 32425/40000 loss -1.800528 (0.124s/step)
[pursuit-b] step 32450/40000 loss -1.797400 (0.124s/step)
[pursuit-b] step 32475/40000 loss -1.801541 (0.124s/step)
[pursuit-b] step 32500/40000 loss -1.844574 (0.124s/step)
[pursuit-b] step 32525/40000 loss -1.827077 (0.124s/step)
[pursuit-b] step 32550/40000 loss -1.795591 (0.124s/step)
[pursuit-b] step 32575/40000 loss -1.860094 (0.124s/step)
[pursuit-b] step 32600/40000 loss -1.755914 (0.124s/step)
[pursuit-b] step 32625/40000 loss -1.841183 (0.124s/step)
[pursuit-b] step 32650/40000 loss -1.818649 (0.124s/step)
[pursuit-b] step 32675/40000 loss -1.862656 (0.124s/step)
[pursuit-b] step 32700/40000 loss -1.749163 (0.124s/step)
[pursuit-b] step 32725/40000 loss -1.806836 (0.124s/step)
[pursuit-b] step 32750/40000 loss -1.838102 (0.124s/step)
[pursuit-b] step 32775/40000 loss -1.835314 (0.124s/step)
[pursuit-b] step 32800/40000 loss -1.829734 (0.124s/step)
[pursuit-b] step 32825/40000 loss -1.744699 (0.124s/step)
[pursuit-b] step 32850/40000 loss -1.860745 (0.124s/step)
[pursuit-b] step 32875/40000 loss -1.829587 (0.124s/step)
[pursuit-b] step 32900/40000 loss -1.814538 (0.124s/step)
[pursuit-b] step 32925/40000 loss -1.770087 (0.124s/step)
[pursuit-b] step 32950/40000 loss -1.821727 (0.124s/step)
[pursuit-b] step 32975/40000 loss -1.798615 (0.124s/step)
[pursuit-b] step 33000/40000 loss -1.844863 (0.124s/step)
[pursuit-b] step 33025/40000 loss -1.827502 (0.124s/step)
[pursuit-b] step 33050/40000 loss -1.799111 (0.124s/step)
[pursuit-b] step 33075/40000 loss -1.861381 (0.124s/step)
[pursuit-b] step 33100/40000 loss -1.758700 (0.124s/step)
[pursuit-b] step 33125/40000 loss -1.850609 (0.124s/step)
[pursuit-b] step 33150/40000 loss -1.822192 (0.124s/step)
[pursuit-b] step 33175/40000 loss -1.880941 (0.124s/step)
[pursuit-b] step 33200/40000 loss -1.758001 (0.124s/step)
[pursuit-b] step 33225/40000 loss -1.820861 (0.124s/step)
[pursuit-b] step 33250/40000 loss -1.850039 (0.124s/step)
[pursuit-b] step 33275/40000 loss -1.821154 (0.124s/step)
[pursuit-b] step 33300/40000 loss -1.817008 (0.124s/step)
[pursuit-b] step 33325/40000 loss -1.773862 (0.124s/step)
[pursuit-b] step 33350/40000 loss -1.865262 (0.124s/step)
[pursuit-b] step 33375/40000 loss -1.834267 (0.124s/step)
[pursuit-b] step 33400/40000 loss -1.793124 (0.124s/step)
[pursuit-b] step 33425/40000 loss -1.801940 (0.124s/step)
[pursuit-b] step 33450/40000 loss -1.823812 (0.124s/step)
[pursuit-b] step 33475/40000 loss -1.802134 (0.124s/step)
[pursuit-b] step 33500/40000 loss -1.848635 (0.124s/step)
[pursuit-b] step 33525/40000 loss -1.812371 (0.124s/step)
[pursuit-b] step 33550/40000 loss -1.795370 (0.124s/step)
[pursuit-b] step 33575/40000 loss -1.867945 (0.124s/step)
[pursuit-b] step 33600/40000 loss -1.754050 (0.124s/step)
[pursuit-b] step 33625/40000 loss -1.835306 (0.124s/step)
[pursuit-b] step 33650/40000 loss -1.800516 (0.124s/step)
[pursuit-b] step 33675/40000 loss -1.882790 (0.124s/step)
[pursuit-b] step 33700/40000 loss -1.731866 (0.124s/step)
[pursuit-b] step 33725/40000 loss -1.775378 (0.124s/step)
[pursuit-b] step 33750/40000 loss -1.842025 (0.124s/step)
[pursuit-b] step 33775/40000 loss -1.838441 (0.124s/step)
[pursuit-b] step 33800/40000 loss -1.804218 (0.124s/step)
[pursuit-b] step 33825/40000 loss -1.771795 (0.124s/step)
[pursuit-b] step 33850/40000 loss -1.866232 (0.124s/step)
[pursuit-b] step 33875/40000 loss -1.826125 (0.124s/step)
[pursuit-b] step 33900/40000 loss -1.804743 (0.124s/step)
[pursuit-b] step 33925/40000 loss -1.799315 (0.124s/step)
[pursuit-b] step 33950/40000 loss -1.835183 (0.124s/step)
[pursuit-b] step 33975/40000 loss -1.734079 (0.124s/step)
[pursuit-b] step 34000/40000 loss -1.846269 (0.124s/step)
[pursuit-b] step 34025/40000 loss -1.827036 (0.124s/step)
[pursuit-b] step 34050/40000 loss -1.797369 (0.124s/step)
[pursuit-b] step 34075/40000 loss -1.862244 (0.124s/step)
[pursuit-b] step 34100/40000 loss -1.765691 (0.124s/step)
[pursuit-b] step 34125/40000 loss -1.854861 (0.124s/step)
[pursuit-b] step 34150/40000 loss -1.806750 (0.124s/step)
[pursuit-b] step 34175/40000 loss -1.891475 (0.124s/step)
[pursuit-b] step 34200/40000 loss -1.752642 (0.124s/step)
[pursuit-b] step 34225/40000 loss -1.821352 (0.124s/step)
[pursuit-b] step 34250/40000 loss -1.850803 (0.124s/step)
[pursuit-b] step 34275/40000 loss -1.843980 (0.124s/step)
[pursuit-b] step 34300/40000 loss -1.822246 (0.124s/step)
[pursuit-b] step 34325/40000 loss -1.765447 (0.124s/step)
[pursuit-b] step 34350/40000 loss -1.866646 (0.124s/step)
[pursuit-b] step 34375/40000 loss -1.846332 (0.124s/step)
[pursuit-b] step 34400/40000 loss -1.812439 (0.124s/step)
[pursuit-b] step 34425/40000 loss -1.754341 (0.124s/step)
[pursuit-b] step 34450/40000 loss -1.832045 (0.124s/step)
[pursuit-b] step 34475/40000 loss -1.806762 (0.124s/step)
[pursuit-b] step 34500/40000 loss -1.842158 (0.124s/step)
[pursuit-b] step 34525/40000 loss -1.827814 (0.124s/step)
[pursuit-b] step 34550/40000 loss -1.812580 (0.124s/step)
[pursuit-b] step 34575/40000 loss -1.868956 (0.124s/step)
[pursuit-b] step 34600/40000 loss -1.743624 (0.124s/step)
[pursuit-b] step 34625/40000 loss -1.862086 (0.124s/step)
[pursuit-b] step 34650/40000 loss -1.822500 (0.124s/step)
[pursuit-b] step 34675/40000 loss -1.890130 (0.124s/step)
[pursuit-b] step 34700/40000 loss -1.767359 (0.124s/step)
[pursuit-b] step 34725/40000 loss -1.825942 (0.124s/step)
[pursuit-b] step 34750/40000 loss -1.859808 (0.124s/step)
[pursuit-b] step 34775/40000 loss -1.840553 (0.124s/step)
[pursuit-b] step 34800/40000 loss -1.835792 (0.124s/step)
[pursuit-b] step 34825/40000 loss -1.773116 (0.124s/step)
[pursuit-b] step 34850/40000 loss -1.869562 (0.124s/step)
[pursuit-b] step 34875/40000 loss -1.843897 (0.124s/step)
[pursuit-b] step 34900/40000 loss -1.823213 (0.124s/step)
[pursuit-b] step 34925/40000 loss -1.795233 (0.124s/step)
[pursuit-b] step 34950/40000 loss -1.792822 (0.124s/step)
[pursuit-b] step 34975/40000 loss -1.805847 (0.124s/step)
[pursuit-b] step 35000/40000 loss -1.848288 (0.124s/step)
[pursuit-b] step 35025/40000 loss -1.815482 (0.124s/step)
[pursuit-b] step 35050/40000 loss -1.805149 (0.124s/step)
[pursuit-b] step 35075/40000 loss -1.855580 (0.124s/step)
[pursuit-b] step 35100/40000 loss -1.766378 (0.124s/step)
[pursuit-b] step 35125/40000 loss -1.854250 (0.124s/step)
[pursuit-b] step 35150/40000 loss -1.818312 (0.124s/step)
[pursuit-b] step 35175/40000 loss -1.888067 (0.124s/step)
[pursuit-b] step 35200/40000 loss -1.784121 (0.124s/step)
[pursuit-b] step 35225/40000 loss -1.824625 (0.124s/step)
[pursuit-b] step 35250/40000 loss -1.852159 (0.124s/step)
[pursuit-b] step 35275/40000 loss -1.842853 (0.124s/step)
[pursuit-b] step 35300/40000 loss -1.833370 (0.124s/step)
[pursuit-b] step 35325/40000 loss -1.783716 (0.124s/step)
[pursuit-b] step 35350/40000 loss -1.869067 (0.124s/step)
[pursuit-b] step 35375/40000 loss -1.843823 (0.124s/step)
[pursuit-b] step 35400/40000 loss -1.826218 (0.124s/step)
[pursuit-b] step 35425/40000 loss -1.825825 (0.124s/step)
[pursuit-b] step 35450/40000 loss -1.839568 (0.124s/step)
[pursuit-b] step 35475/40000 loss -1.804618 (0.124s/step)
[pursuit-b] step 35500/40000 loss -1.847928 (0.124s/step)
[pursuit-b] step 35525/40000 loss -1.826231 (0.124s/step)
[pursuit-b] step 35550/40000 loss -1.792747 (0.124s/step)
[pursuit-b] step 35575/40000 loss -1.869398 (0.124s/step)
[pursuit-b] step 35600/40000 loss -1.773599 (0.124s/step)
[pursuit-b] step 35625/40000 loss -1.866772 (0.124s/step)
[pursuit-b] step 35650/40000 loss -1.829385 (0.124s/step)
[pursuit-b] step 35675/40000 loss -1.889442 (0.124s/step)
[pursuit-b] step 35700/40000 loss -1.787678 (0.124s/step)
[pursuit-b] step 35725/40000 loss -1.827228 (0.124s/step)
[pursuit-b] step 35750/40000 loss -1.849760 (0.124s/step)
[pursuit-b] step 35775/40000 loss -1.842000 (0.124s/step)
[pursuit-b] step 35800/40000 loss -1.829740 (0.124s/step)
[pursuit-b] step 35825/40000 loss -1.776254 (0.124s/step)
[pursuit-b] step 35850/40000 loss -1.872682 (0.124s/step)
[pursuit-b] step 35875/40000 loss -1.850831 (0.124s/step)
[pursuit-b] step 35900/40000 loss -1.829875 (0.124s/step)
[pursuit-b] step 35925/40000 loss -1.806215 (0.124s/step)
[pursuit-b] step 35950/40000 loss -1.838338 (0.124s/step)
[pursuit-b] step 35975/40000 loss -1.802559 (0.124s/step)
[pursuit-b] step 36000/40000 loss -1.847673 (0.124s/step)
[pursuit-b] step 36025/40000 loss -1.829329 (0.124s/step)
[pursuit-b] step 36050/40000 loss -1.809001 (0.124s/step)
[pursuit-b] step 36075/40000 loss -1.873734 (0.124s/step)
[pursuit-b] step 36100/40000 loss -1.781838 (0.124s/step)
[pursuit-b] step 36125/40000 loss -1.866581 (0.124s/step)
[pursuit-b] step 36150/40000 loss -1.827939 (0.124s/step)
[pursuit-b] step 36175/40000 loss -1.890077 (0.124s/step)
[pursuit-b] step 36200/40000 loss -1.785400 (0.124s/step)
[pursuit-b] step 36225/40000 loss -1.828732 (0.124s/step)
[pursuit-b] step 36250/40000 loss -1.831692 (0.124s/step)
[pursuit-b] step 36275/40000 loss -1.841497 (0.124s/step)
[pursuit-b] step 36300/40000 loss -1.820693 (0.124s/step)
[pursuit-b] step 36325/40000 loss -1.768467 (0.124s/step)
[pursuit-b] step 36350/40000 loss -1.872009 (0.124s/step)
[pursuit-b] step 36375/40000 loss -1.843266 (0.124s/step)
[pursuit-b] step 36400/40000 loss -1.821825 (0.124s/step)
[pursuit-b] step 36425/40000 loss -1.783047 (0.124s/step)
[pursuit-b] step 36450/40000 loss -1.805141 (0.124s/step)
[pursuit-b] step 36475/40000 loss -1.806760 (0.124s/step)
[pursuit-b] step 36500/40000 loss -1.839107 (0.124s/step)
[pursuit-b] step 36525/40000 loss -1.831543 (0.124s/step)
[pursuit-b] step 36550/40000 loss -1.802361 (0.124s/step)
[pursuit-b] step 36575/40000 loss -1.871159 (0.124s/step)
[pursuit-b] step 36600/40000 loss -1.797940 (0.124s/step)
[pursuit-b] step 36625/40000 loss -1.851103 (0.124s/step)
[pursuit-b] step 36650/40000 loss -1.820878 (0.124s/step)
[pursuit-b] step 36675/40000 loss -1.886687 (0.124s/step)
[pursuit-b] step 36700/40000 loss -1.791646 (0.124s/step)
[pursuit-b] step 36725/40000 loss -1.827896 (0.124s/step)
[pursuit-b] step 36750/40000 loss -1.854366 (0.124s/step)
[pursuit-b] step 36775/40000 loss -1.775337 (0.124s/step)
[pursuit-b] step 36800/40000 loss -1.846738 (0.124s/step)
[pursuit-b] step 36825/40000 loss -1.785057 (0.124s/step)
[pursuit-b] step 36850/40000 loss -1.870616 (0.124s/step)
[pursuit-b] step 36875/40000 loss -1.842722 (0.124s/step)
[pursuit-b] step 36900/40000 loss -1.829467 (0.124s/step)
[pursuit-b] step 36925/40000 loss -1.817891 (0.124s/step)
[pursuit-b] step 36950/40000 loss -1.830423 (0.124s/step)
[pursuit-b] step 36975/40000 loss -1.820278 (0.124s/step)
[pursuit-b] step 37000/40000 loss -1.847754 (0.124s/step)
[pursuit-b] step 37025/40000 loss -1.833140 (0.124s/step)
[pursuit-b] step 37050/40000 loss -1.812849 (0.124s/step)
[pursuit-b] step 37075/40000 loss -1.872965 (0.124s/step)
[pursuit-b] step 37100/40000 loss -1.782558 (0.124s/step)
[pursuit-b] step 37125/40000 loss -1.866482 (0.124s/step)
[pursuit-b] step 37150/40000 loss -1.823495 (0.124s/step)
[pursuit-b] step 37175/40000 loss -1.891412 (0.124s/step)
[pursuit-b] step 37200/40000 loss -1.775279 (0.124s/step)
[pursuit-b] step 37225/40000 loss -1.842109 (0.124s/step)
[pursuit-b] step 37250/40000 loss -1.852683 (0.124s/step)
[pursuit-b] step 37275/40000 loss -1.843980 (0.124s/step)
[pursuit-b] step 37300/40000 loss -1.836057 (0.124s/step)
[pursuit-b] step 37325/40000 loss -1.788440 (0.124s/step)
[pursuit-b] step 37350/40000 loss -1.877372 (0.124s/step)
[pursuit-b] step 37375/40000 loss -1.830226 (0.124s/step)
[pursuit-b] step 37400/40000 loss -1.826420 (0.124s/step)
[pursuit-b] step 37425/40000 loss -1.741807 (0.124s/step)
[pursuit-b] step 37450/40000 loss -1.772238 (0.124s/step)
[pursuit-b] step 37475/40000 loss -1.808455 (0.124s/step)
[pursuit-b] step 37500/40000 loss -1.844818 (0.124s/step)
[pursuit-b] step 37525/40000 loss -1.832770 (0.124s/step)
[pursuit-b] step 37550/40000 loss -1.782850 (0.124s/step)
[pursuit-b] step 37575/40000 loss -1.869394 (0.124s/step)
[pursuit-b] step 37600/40000 loss -1.783344 (0.124s/step)
[pursuit-b] step 37625/40000 loss -1.862411 (0.124s/step)
[pursuit-b] step 37650/40000 loss -1.831734 (0.124s/step)
[pursuit-b] step 37675/40000 loss -1.880004 (0.124s/step)
[pursuit-b] step 37700/40000 loss -1.798641 (0.124s/step)
[pursuit-b] step 37725/40000 loss -1.837513 (0.124s/step)
[pursuit-b] step 37750/40000 loss -1.854607 (0.124s/step)
[pursuit-b] step 37775/40000 loss -1.851339 (0.124s/step)
[pursuit-b] step 37800/40000 loss -1.771723 (0.124s/step)
[pursuit-b] step 37825/40000 loss -1.774184 (0.124s/step)
[pursuit-b] step 37850/40000 loss -1.878721 (0.124s/step)
[pursuit-b] step 37875/40000 loss -1.847475 (0.124s/step)
[pursuit-b] step 37900/40000 loss -1.826721 (0.124s/step)
[pursuit-b] step 37925/40000 loss -1.784352 (0.124s/step)
[pursuit-b] step 37950/40000 loss -1.839481 (0.124s/step)
[pursuit-b] step 37975/40000 loss -1.821197 (0.124s/step)
[pursuit-b] step 38000/40000 loss -1.858177 (0.124s/step)
[pursuit-b] step 38025/40000 loss -1.834493 (0.124s/step)
[pursuit-b] step 38050/40000 loss -1.811103 (0.124s/step)
[pursuit-b] step 38075/40000 loss -1.875367 (0.124s/step)
[pursuit-b] step 38100/40000 loss -1.793100 (0.124s/step)
[pursuit-b] step 38125/40000 loss -1.866838 (0.124s/step)
[pursuit-b] step 38150/40000 loss -1.835871 (0.124s/step)
[pursuit-b] step 38175/40000 loss -1.893014 (0.124s/step)
[pursuit-b] step 38200/40000 loss -1.804368 (0.124s/step)
[pursuit-b] step 38225/40000 loss -1.843901 (0.124s/step)
[pursuit-b] step 38250/40000 loss -1.850416 (0.124s/step)
[pursuit-b] step 38275/40000 loss -1.859455 (0.124s/step)
[pursuit-b] step 38300/40000 loss -1.794597 (0.124s/step)
[pursuit-b] step 38325/40000 loss -1.793984 (0.124s/step)
[pursuit-b] step 38350/40000 loss -1.869672 (0.124s/step)
[pursuit-b] step 38375/40000 loss -1.850076 (0.124s/step)
[pursuit-b] step 38400/40000 loss -1.831688 (0.124s/step)
[pursuit-b] step 38425/40000 loss -1.838160 (0.124s/step)
[pursuit-b] step 38450/40000 loss -1.840273 (0.124s/step)
[pursuit-b] step 38475/40000 loss -1.821134 (0.124s/step)
[pursuit-b] step 38500/40000 loss -1.860849 (0.124s/step)
[pursuit-b] step 38525/40000 loss -1.836733 (0.124s/step)
[pursuit-b] step 38550/40000 loss -1.825926 (0.124s/step)
[pursuit-b] step 38575/40000 loss -1.875168 (0.124s/step)
[pursuit-b] step 38600/40000 loss -1.787400 (0.124s/step)
[pursuit-b] step 38625/40000 loss -1.869871 (0.124s/step)
[pursuit-b] step 38650/40000 loss -1.838217 (0.124s/step)
[pursuit-b] step 38675/40000 loss -1.896087 (0.124s/step)
[pursuit-b] step 38700/40000 loss -1.804557 (0.124s/step)
[pursuit-b] step 38725/40000 loss -1.842070 (0.124s/step)
[pursuit-b] step 38750/40000 loss -1.859093 (0.124s/step)
[pursuit-b] step 38775/40000 loss -1.853720 (0.124s/step)
[pursuit-b] step 38800/40000 loss -1.848553 (0.124s/step)
[pursuit-b] step 38825/40000 loss -1.780001 (0.124s/step)
[pursuit-b] step 38850/40000 loss -1.873630 (0.124s/step)
[pursuit-b] step 38875/40000 loss -1.851861 (0.124s/step)
[pursuit-b] step 38900/40000 loss -1.830835 (0.124s/step)
[pursuit-b] step 38925/40000 loss -1.831319 (0.124s/step)
[pursuit-b] step 38950/40000 loss -1.836535 (0.124s/step)
[pursuit-b] step 38975/40000 loss -1.822303 (0.124s/step)
[pursuit-b] step 39000/40000 loss -1.860262 (0.124s/step)
[pursuit-b] step 39025/40000 loss -1.843335 (0.124s/step)
[pursuit-b] step 39050/40000 loss -1.828427 (0.124s/step)
[pursuit-b] step 39075/40000 loss -1.878419 (0.124s/step)
[pursuit-b] step 39100/40000 loss -1.796077 (0.124s/step)
[pursuit-b] step 39125/40000 loss -1.871878 (0.124s/step)
[pursuit-b] step 39150/40000 loss -1.835145 (0.124s/step)
[pursuit-b] step 39175/40000 loss -1.895738 (0.124s/step)
[pursuit-b] step 39200/40000 loss -1.804155 (0.124s/step)
[pursuit-b] step 39225/40000 loss -1.841652 (0.124s/step)
[pursuit-b] step 39250/40000 loss -1.864598 (0.124s/step)
[pursuit-b] step 39275/40000 loss -1.850631 (0.124s/step)
[pursuit-b] step 39300/40000 loss -1.847152 (0.124s/step)
[pursuit-b] step 39325/40000 loss -1.784226 (0.124s/step)
[pursuit-b] step 39350/40000 loss -1.863146 (0.124s/step)
[pursuit-b] step 39375/40000 loss -1.857958 (0.124s/step)
[pursuit-b] step 39400/40000 loss -1.828330 (0.124s/step)
[pursuit-b] step 39425/40000 loss -1.827223 (0.124s/step)
[pursuit-b] step 39450/40000 loss -1.840872 (0.124s/step)
[pursuit-b] step 39475/40000 loss -1.825432 (0.124s/step)
[pursuit-b] step 39500/40000 loss -1.860393 (0.124s/step)
[pursuit-b] step 39525/40000 loss -1.844704 (0.124s/step)
[pursuit-b] step 39550/40000 loss -1.818698 (0.124s/step)
[pursuit-b] step 39575/40000 loss -1.874093 (0.124s/step)
[pursuit-b] step 39600/40000 loss -1.799205 (0.124s/step)
[pursuit-b] step 39625/40000 loss -1.878233 (0.124s/step)
[pursuit-b] step 39650/40000 loss -1.837822 (0.124s/step)
[pursuit-b] step 39675/40000 loss -1.899391 (0.124s/step)
[pursuit-b] step 39700/40000 loss -1.796440 (0.124s/step)
[pursuit-b] step 39725/40000 loss -1.847318 (0.124s/step)
[pursuit-b] step 39750/40000 loss -1.848551 (0.124s/step)
[pursuit-b] step 39775/40000 loss -1.852656 (0.124s/step)
[pursuit-b] step 39800/40000 loss -1.849702 (0.124s/step)
[pursuit-b] step 39825/40000 loss -1.781536 (0.124s/step)
[pursuit-b] step 39850/40000 loss -1.880019 (0.124s/step)
[pursuit-b] step 39875/40000 loss -1.854484 (0.124s/step)
[pursuit-b] step 39900/40000 loss -1.823132 (0.124s/step)
[pursuit-b] step 39925/40000 loss -1.825955 (0.124s/step)
[pursuit-b] step 39950/40000 loss -1.845608 (0.124s/step)
[pursuit-b] step 39975/40000 loss -1.815435 (0.124s/step)
[pursuit-b] step 40000/40000 loss -1.849854 (0.124s/step)
[pursuit-b] saved trained K_2, delta_omega, and optimizer state to outputs/ckpt-mnist-40000.pt
[pursuit-b] evaluating on val: 50 images, 10 seeds
[pursuit-b] eval seed 1: mean FG ARI +0.5763
[pursuit-b] eval seed 2: mean FG ARI +0.5756
[pursuit-b] eval seed 3: mean FG ARI +0.5763
[pursuit-b] eval seed 4: mean FG ARI +0.5779
[pursuit-b] eval seed 5: mean FG ARI +0.5778
[pursuit-b] eval seed 6: mean FG ARI +0.5765
[pursuit-b] eval seed 7: mean FG ARI +0.5763
[pursuit-b] eval seed 8: mean FG ARI +0.5763
[pursuit-b] eval seed 9: mean FG ARI +0.5765
[pursuit-b] eval seed 10: mean FG ARI +0.5759
[pursuit-b] wrote outputs/pursuit-b-mnist-40000.json

FG ARI +0.5765 +/- 0.0007   (M0 at defaults 0.1355, cc 0.02)
P6 (above cc 0.16): True
diagnostic, above M0 at defaults 0.1209: True  (by >2 seed SD: True)
