[bundle] Running run_pursuit_b.py from /content/jobs/pursuit-b-mnist-20000-20260915T204700Z-e22be2/src/08_overlap_bench, log at /content/jobs/pursuit-b-mnist-20000-20260915T204700Z-e22be2/src/08_overlap_bench/outputs/run_pursuit_b.log
[pursuit-b] known-answer check passed: {"in_phase": 1.1102230246251565e-16, "antiphase": -1.9999999999979998, "d_apart": -0.3496110824024409, "half_coherent": 0.2499999999987501}
[pursuit-b] old-formula control: antiphase gives 1.1102230246251565e-16
[pursuit-b] oracle passed: at init this is M0 (max orbit rel err 5.92e-15, labels identical on all 3)
[pursuit-b] precomputing M0 layer-1 masks for 16000 images on cuda
[pursuit-b]   layer-1 precompute 32/16000
[pursuit-b]   layer-1 precompute 1632/16000
[pursuit-b]   layer-1 precompute 3232/16000
[pursuit-b]   layer-1 precompute 4832/16000
[pursuit-b]   layer-1 precompute 6432/16000
[pursuit-b]   layer-1 precompute 8032/16000
[pursuit-b]   layer-1 precompute 9632/16000
[pursuit-b]   layer-1 precompute 11232/16000
[pursuit-b]   layer-1 precompute 12832/16000
[pursuit-b]   layer-1 precompute 14432/16000
[pursuit-b] training 20000 steps (global 0->20000), batch 32, lr 0.001, on cuda
/content/jobs/pursuit-b-mnist-20000-20260915T204700Z-e22be2/src/08_overlap_bench/scripts/run_pursuit_b.py:345: UserWarning: Converting a tensor with requires_grad=True to a scalar may lead to unexpected behavior.
Consider using tensor.detach() first. (Triggered internally at /pytorch/torch/csrc/autograd/generated/python_variable_methods.cpp:835.)
  curve.append({"step": 0, "loss": float(loss), "before_first_update": True})
[pursuit-b] step 25/20000 loss -1.072683 (0.144s/step)
[pursuit-b] step 50/20000 loss -1.330559 (0.133s/step)
[pursuit-b] step 75/20000 loss -1.554680 (0.130s/step)
[pursuit-b] step 100/20000 loss -1.271499 (0.128s/step)
[pursuit-b] step 125/20000 loss -1.333857 (0.127s/step)
[pursuit-b] step 150/20000 loss -1.383519 (0.127s/step)
[pursuit-b] step 175/20000 loss -1.551515 (0.126s/step)
[pursuit-b] step 200/20000 loss -1.344630 (0.126s/step)
[pursuit-b] step 225/20000 loss -1.540056 (0.125s/step)
[pursuit-b] step 250/20000 loss -1.522000 (0.125s/step)
[pursuit-b] step 275/20000 loss -1.516676 (0.125s/step)
[pursuit-b] step 300/20000 loss -1.487511 (0.124s/step)
[pursuit-b] step 325/20000 loss -1.513038 (0.124s/step)
[pursuit-b] step 350/20000 loss -1.575598 (0.124s/step)
[pursuit-b] step 375/20000 loss -1.494947 (0.124s/step)
[pursuit-b] step 400/20000 loss -1.587095 (0.124s/step)
[pursuit-b] step 425/20000 loss -1.416512 (0.124s/step)
[pursuit-b] step 450/20000 loss -1.600604 (0.124s/step)
[pursuit-b] step 475/20000 loss -1.528284 (0.124s/step)
[pursuit-b] step 500/20000 loss -1.533717 (0.124s/step)
[pursuit-b] step 525/20000 loss -1.591914 (0.124s/step)
[pursuit-b] step 550/20000 loss -1.564735 (0.124s/step)
[pursuit-b] step 575/20000 loss -1.628065 (0.123s/step)
[pursuit-b] step 600/20000 loss -1.448991 (0.123s/step)
[pursuit-b] step 625/20000 loss -1.584563 (0.123s/step)
[pursuit-b] step 650/20000 loss -1.504702 (0.123s/step)
[pursuit-b] step 675/20000 loss -1.600710 (0.123s/step)
[pursuit-b] step 700/20000 loss -1.462812 (0.123s/step)
[pursuit-b] step 725/20000 loss -1.647123 (0.123s/step)
[pursuit-b] step 750/20000 loss -1.664679 (0.123s/step)
[pursuit-b] step 775/20000 loss -1.556729 (0.123s/step)
[pursuit-b] step 800/20000 loss -1.574015 (0.123s/step)
[pursuit-b] step 825/20000 loss -1.528776 (0.123s/step)
[pursuit-b] step 850/20000 loss -1.614364 (0.123s/step)
[pursuit-b] step 875/20000 loss -1.576335 (0.123s/step)
[pursuit-b] step 900/20000 loss -1.574677 (0.123s/step)
[pursuit-b] step 925/20000 loss -1.619446 (0.123s/step)
[pursuit-b] step 950/20000 loss -1.558462 (0.123s/step)
[pursuit-b] step 975/20000 loss -1.448353 (0.123s/step)
[pursuit-b] step 1000/20000 loss -1.551918 (0.123s/step)
[pursuit-b] step 1025/20000 loss -1.452017 (0.123s/step)
[pursuit-b] step 1050/20000 loss -1.556829 (0.123s/step)
[pursuit-b] step 1075/20000 loss -1.617737 (0.123s/step)
[pursuit-b] step 1100/20000 loss -1.426134 (0.123s/step)
[pursuit-b] step 1125/20000 loss -1.516371 (0.123s/step)
[pursuit-b] step 1150/20000 loss -1.431722 (0.123s/step)
[pursuit-b] step 1175/20000 loss -1.500549 (0.123s/step)
[pursuit-b] step 1200/20000 loss -1.373506 (0.123s/step)
[pursuit-b] step 1225/20000 loss -1.501969 (0.123s/step)
[pursuit-b] step 1250/20000 loss -1.487152 (0.123s/step)
[pursuit-b] step 1275/20000 loss -1.517891 (0.123s/step)
[pursuit-b] step 1300/20000 loss -1.599330 (0.123s/step)
[pursuit-b] step 1325/20000 loss -1.415745 (0.123s/step)
[pursuit-b] step 1350/20000 loss -1.611455 (0.123s/step)
[pursuit-b] step 1375/20000 loss -1.565443 (0.123s/step)
[pursuit-b] step 1400/20000 loss -1.653777 (0.123s/step)
[pursuit-b] step 1425/20000 loss -1.650263 (0.123s/step)
[pursuit-b] step 1450/20000 loss -1.535805 (0.123s/step)
[pursuit-b] step 1475/20000 loss -1.426384 (0.123s/step)
[pursuit-b] step 1500/20000 loss -1.643910 (0.123s/step)
[pursuit-b] step 1525/20000 loss -1.634939 (0.123s/step)
[pursuit-b] step 1550/20000 loss -1.570198 (0.124s/step)
[pursuit-b] step 1575/20000 loss -1.636022 (0.124s/step)
[pursuit-b] step 1600/20000 loss -1.415408 (0.124s/step)
[pursuit-b] step 1625/20000 loss -1.576096 (0.124s/step)
[pursuit-b] step 1650/20000 loss -1.492717 (0.124s/step)
[pursuit-b] step 1675/20000 loss -1.704784 (0.124s/step)
[pursuit-b] step 1700/20000 loss -1.476106 (0.124s/step)
[pursuit-b] step 1725/20000 loss -1.651454 (0.124s/step)
[pursuit-b] step 1750/20000 loss -1.671065 (0.123s/step)
[pursuit-b] step 1775/20000 loss -1.560308 (0.123s/step)
[pursuit-b] step 1800/20000 loss -1.686529 (0.123s/step)
[pursuit-b] step 1825/20000 loss -1.458169 (0.123s/step)
[pursuit-b] step 1850/20000 loss -1.611555 (0.123s/step)
[pursuit-b] step 1875/20000 loss -1.626911 (0.123s/step)
[pursuit-b] step 1900/20000 loss -1.664167 (0.123s/step)
[pursuit-b] step 1925/20000 loss -1.666237 (0.123s/step)
[pursuit-b] step 1950/20000 loss -1.593297 (0.123s/step)
[pursuit-b] step 1975/20000 loss -1.586911 (0.123s/step)
[pursuit-b] step 2000/20000 loss -1.553403 (0.123s/step)
[pursuit-b] step 2025/20000 loss -1.600615 (0.123s/step)
[pursuit-b] step 2050/20000 loss -1.506234 (0.123s/step)
[pursuit-b] step 2075/20000 loss -1.685644 (0.123s/step)
[pursuit-b] step 2100/20000 loss -1.490953 (0.123s/step)
[pursuit-b] step 2125/20000 loss -1.666605 (0.123s/step)
[pursuit-b] step 2150/20000 loss -1.521539 (0.123s/step)
[pursuit-b] step 2175/20000 loss -1.672871 (0.123s/step)
[pursuit-b] step 2200/20000 loss -1.562962 (0.123s/step)
[pursuit-b] step 2225/20000 loss -1.654418 (0.123s/step)
[pursuit-b] step 2250/20000 loss -1.654651 (0.123s/step)
[pursuit-b] step 2275/20000 loss -1.627213 (0.123s/step)
[pursuit-b] step 2300/20000 loss -1.659980 (0.123s/step)
[pursuit-b] step 2325/20000 loss -1.533550 (0.123s/step)
[pursuit-b] step 2350/20000 loss -1.672253 (0.123s/step)
[pursuit-b] step 2375/20000 loss -1.672956 (0.123s/step)
[pursuit-b] step 2400/20000 loss -1.656245 (0.123s/step)
[pursuit-b] step 2425/20000 loss -1.573913 (0.123s/step)
[pursuit-b] step 2450/20000 loss -1.560290 (0.123s/step)
[pursuit-b] step 2475/20000 loss -1.576595 (0.123s/step)
[pursuit-b] step 2500/20000 loss -1.528938 (0.123s/step)
[pursuit-b] step 2525/20000 loss -1.601606 (0.123s/step)
[pursuit-b] step 2550/20000 loss -1.648393 (0.123s/step)
[pursuit-b] step 2575/20000 loss -1.709857 (0.123s/step)
[pursuit-b] step 2600/20000 loss -1.503132 (0.123s/step)
[pursuit-b] step 2625/20000 loss -1.709966 (0.123s/step)
[pursuit-b] step 2650/20000 loss -1.639706 (0.123s/step)
[pursuit-b] step 2675/20000 loss -1.735553 (0.123s/step)
[pursuit-b] step 2700/20000 loss -1.546102 (0.123s/step)
[pursuit-b] step 2725/20000 loss -1.660492 (0.123s/step)
[pursuit-b] step 2750/20000 loss -1.678159 (0.123s/step)
[pursuit-b] step 2775/20000 loss -1.648474 (0.123s/step)
[pursuit-b] step 2800/20000 loss -1.596097 (0.123s/step)
[pursuit-b] step 2825/20000 loss -1.485793 (0.123s/step)
[pursuit-b] step 2850/20000 loss -1.613790 (0.123s/step)
[pursuit-b] step 2875/20000 loss -1.639069 (0.123s/step)
[pursuit-b] step 2900/20000 loss -1.608223 (0.123s/step)
[pursuit-b] step 2925/20000 loss -1.604631 (0.123s/step)
[pursuit-b] step 2950/20000 loss -1.598238 (0.123s/step)
[pursuit-b] step 2975/20000 loss -1.528350 (0.123s/step)
[pursuit-b] step 3000/20000 loss -1.689491 (0.123s/step)
[pursuit-b] step 3025/20000 loss -1.580391 (0.123s/step)
[pursuit-b] step 3050/20000 loss -1.593783 (0.123s/step)
[pursuit-b] step 3075/20000 loss -1.651969 (0.123s/step)
[pursuit-b] step 3100/20000 loss -1.536916 (0.123s/step)
[pursuit-b] step 3125/20000 loss -1.548689 (0.123s/step)
[pursuit-b] step 3150/20000 loss -1.474212 (0.123s/step)
[pursuit-b] step 3175/20000 loss -1.775106 (0.123s/step)
[pursuit-b] step 3200/20000 loss -1.488597 (0.123s/step)
[pursuit-b] step 3225/20000 loss -1.665762 (0.123s/step)
[pursuit-b] step 3250/20000 loss -1.702564 (0.123s/step)
[pursuit-b] step 3275/20000 loss -1.619766 (0.123s/step)
[pursuit-b] step 3300/20000 loss -1.612257 (0.123s/step)
[pursuit-b] step 3325/20000 loss -1.535675 (0.123s/step)
[pursuit-b] step 3350/20000 loss -1.657916 (0.123s/step)
[pursuit-b] step 3375/20000 loss -1.695836 (0.123s/step)
[pursuit-b] step 3400/20000 loss -1.704136 (0.123s/step)
[pursuit-b] step 3425/20000 loss -1.643703 (0.123s/step)
[pursuit-b] step 3450/20000 loss -1.682197 (0.123s/step)
[pursuit-b] step 3475/20000 loss -1.494031 (0.123s/step)
[pursuit-b] step 3500/20000 loss -1.667865 (0.123s/step)
[pursuit-b] step 3525/20000 loss -1.673742 (0.123s/step)
[pursuit-b] step 3550/20000 loss -1.666860 (0.123s/step)
[pursuit-b] step 3575/20000 loss -1.727166 (0.123s/step)
[pursuit-b] step 3600/20000 loss -1.605610 (0.123s/step)
[pursuit-b] step 3625/20000 loss -1.724573 (0.123s/step)
[pursuit-b] step 3650/20000 loss -1.647219 (0.123s/step)
[pursuit-b] step 3675/20000 loss -1.784772 (0.123s/step)
[pursuit-b] step 3700/20000 loss -1.495229 (0.123s/step)
[pursuit-b] step 3725/20000 loss -1.670296 (0.123s/step)
[pursuit-b] step 3750/20000 loss -1.682528 (0.123s/step)
[pursuit-b] step 3775/20000 loss -1.685029 (0.123s/step)
[pursuit-b] step 3800/20000 loss -1.641000 (0.123s/step)
[pursuit-b] step 3825/20000 loss -1.655813 (0.123s/step)
[pursuit-b] step 3850/20000 loss -1.721557 (0.123s/step)
[pursuit-b] step 3875/20000 loss -1.721234 (0.123s/step)
[pursuit-b] step 3900/20000 loss -1.657819 (0.123s/step)
[pursuit-b] step 3925/20000 loss -1.663081 (0.123s/step)
[pursuit-b] step 3950/20000 loss -1.706490 (0.123s/step)
[pursuit-b] step 3975/20000 loss -1.620281 (0.123s/step)
[pursuit-b] step 4000/20000 loss -1.667618 (0.123s/step)
[pursuit-b] step 4025/20000 loss -1.643182 (0.123s/step)
[pursuit-b] step 4050/20000 loss -1.700599 (0.123s/step)
[pursuit-b] step 4075/20000 loss -1.751933 (0.123s/step)
[pursuit-b] step 4100/20000 loss -1.626318 (0.123s/step)
[pursuit-b] step 4125/20000 loss -1.722857 (0.123s/step)
[pursuit-b] step 4150/20000 loss -1.673011 (0.123s/step)
[pursuit-b] step 4175/20000 loss -1.783279 (0.123s/step)
[pursuit-b] step 4200/20000 loss -1.566292 (0.123s/step)
[pursuit-b] step 4225/20000 loss -1.682181 (0.123s/step)
[pursuit-b] step 4250/20000 loss -1.730553 (0.123s/step)
[pursuit-b] step 4275/20000 loss -1.696543 (0.123s/step)
[pursuit-b] step 4300/20000 loss -1.660290 (0.123s/step)
[pursuit-b] step 4325/20000 loss -1.635631 (0.123s/step)
[pursuit-b] step 4350/20000 loss -1.716547 (0.123s/step)
[pursuit-b] step 4375/20000 loss -1.724730 (0.123s/step)
[pursuit-b] step 4400/20000 loss -1.733449 (0.123s/step)
[pursuit-b] step 4425/20000 loss -1.721416 (0.123s/step)
[pursuit-b] step 4450/20000 loss -1.704991 (0.123s/step)
[pursuit-b] step 4475/20000 loss -1.641240 (0.123s/step)
[pursuit-b] step 4500/20000 loss -1.700935 (0.123s/step)
[pursuit-b] step 4525/20000 loss -1.690728 (0.124s/step)
[pursuit-b] step 4550/20000 loss -1.664321 (0.124s/step)
[pursuit-b] step 4575/20000 loss -1.761356 (0.124s/step)
[pursuit-b] step 4600/20000 loss -1.637338 (0.124s/step)
[pursuit-b] step 4625/20000 loss -1.733691 (0.124s/step)
[pursuit-b] step 4650/20000 loss -1.715254 (0.124s/step)
[pursuit-b] step 4675/20000 loss -1.794762 (0.124s/step)
[pursuit-b] step 4700/20000 loss -1.527316 (0.124s/step)
[pursuit-b] step 4725/20000 loss -1.711275 (0.124s/step)
[pursuit-b] step 4750/20000 loss -1.737161 (0.124s/step)
[pursuit-b] step 4775/20000 loss -1.701694 (0.124s/step)
[pursuit-b] step 4800/20000 loss -1.678569 (0.124s/step)
[pursuit-b] step 4825/20000 loss -1.596225 (0.124s/step)
[pursuit-b] step 4850/20000 loss -1.718698 (0.124s/step)
[pursuit-b] step 4875/20000 loss -1.695096 (0.124s/step)
[pursuit-b] step 4900/20000 loss -1.720031 (0.124s/step)
[pursuit-b] step 4925/20000 loss -1.714331 (0.124s/step)
[pursuit-b] step 4950/20000 loss -1.732526 (0.124s/step)
[pursuit-b] step 4975/20000 loss -1.633474 (0.124s/step)
[pursuit-b] step 5000/20000 loss -1.718282 (0.124s/step)
[pursuit-b] step 5025/20000 loss -1.714372 (0.124s/step)
[pursuit-b] step 5050/20000 loss -1.647834 (0.124s/step)
[pursuit-b] step 5075/20000 loss -1.779904 (0.124s/step)
[pursuit-b] step 5100/20000 loss -1.602909 (0.124s/step)
[pursuit-b] step 5125/20000 loss -1.582855 (0.124s/step)
[pursuit-b] step 5150/20000 loss -1.624685 (0.124s/step)
[pursuit-b] step 5175/20000 loss -1.786493 (0.124s/step)
[pursuit-b] step 5200/20000 loss -1.381691 (0.124s/step)
[pursuit-b] step 5225/20000 loss -1.653892 (0.124s/step)
[pursuit-b] step 5250/20000 loss -1.711165 (0.124s/step)
[pursuit-b] step 5275/20000 loss -1.546137 (0.124s/step)
[pursuit-b] step 5300/20000 loss -1.586531 (0.124s/step)
[pursuit-b] step 5325/20000 loss -1.544379 (0.124s/step)
[pursuit-b] step 5350/20000 loss -1.696677 (0.124s/step)
[pursuit-b] step 5375/20000 loss -1.586938 (0.124s/step)
[pursuit-b] step 5400/20000 loss -1.679093 (0.124s/step)
[pursuit-b] step 5425/20000 loss -1.690091 (0.124s/step)
[pursuit-b] step 5450/20000 loss -1.719622 (0.124s/step)
[pursuit-b] step 5475/20000 loss -1.581217 (0.124s/step)
[pursuit-b] step 5500/20000 loss -1.661184 (0.124s/step)
[pursuit-b] step 5525/20000 loss -1.689734 (0.124s/step)
[pursuit-b] step 5550/20000 loss -1.630100 (0.124s/step)
[pursuit-b] step 5575/20000 loss -1.756215 (0.124s/step)
[pursuit-b] step 5600/20000 loss -1.521737 (0.124s/step)
[pursuit-b] step 5625/20000 loss -1.640762 (0.124s/step)
[pursuit-b] step 5650/20000 loss -1.654866 (0.124s/step)
[pursuit-b] step 5675/20000 loss -1.789892 (0.124s/step)
[pursuit-b] step 5700/20000 loss -1.503022 (0.124s/step)
[pursuit-b] step 5725/20000 loss -1.664977 (0.124s/step)
[pursuit-b] step 5750/20000 loss -1.733526 (0.124s/step)
[pursuit-b] step 5775/20000 loss -1.637942 (0.124s/step)
[pursuit-b] step 5800/20000 loss -1.665872 (0.124s/step)
[pursuit-b] step 5825/20000 loss -1.620387 (0.124s/step)
[pursuit-b] step 5850/20000 loss -1.727387 (0.124s/step)
[pursuit-b] step 5875/20000 loss -1.656319 (0.124s/step)
[pursuit-b] step 5900/20000 loss -1.711413 (0.124s/step)
[pursuit-b] step 5925/20000 loss -1.682390 (0.124s/step)
[pursuit-b] step 5950/20000 loss -1.734764 (0.124s/step)
[pursuit-b] step 5975/20000 loss -1.617325 (0.124s/step)
[pursuit-b] step 6000/20000 loss -1.691610 (0.124s/step)
[pursuit-b] step 6025/20000 loss -1.701342 (0.124s/step)
[pursuit-b] step 6050/20000 loss -1.632240 (0.124s/step)
[pursuit-b] step 6075/20000 loss -1.777220 (0.124s/step)
[pursuit-b] step 6100/20000 loss -1.611223 (0.124s/step)
[pursuit-b] step 6125/20000 loss -1.704066 (0.124s/step)
[pursuit-b] step 6150/20000 loss -1.655483 (0.124s/step)
[pursuit-b] step 6175/20000 loss -1.808064 (0.124s/step)
[pursuit-b] step 6200/20000 loss -1.605067 (0.124s/step)
[pursuit-b] step 6225/20000 loss -1.680036 (0.124s/step)
[pursuit-b] step 6250/20000 loss -1.734783 (0.124s/step)
[pursuit-b] step 6275/20000 loss -1.678525 (0.124s/step)
[pursuit-b] step 6300/20000 loss -1.681667 (0.124s/step)
[pursuit-b] step 6325/20000 loss -1.621714 (0.124s/step)
[pursuit-b] step 6350/20000 loss -1.741624 (0.124s/step)
[pursuit-b] step 6375/20000 loss -1.712257 (0.124s/step)
[pursuit-b] step 6400/20000 loss -1.719896 (0.124s/step)
[pursuit-b] step 6425/20000 loss -1.698831 (0.124s/step)
[pursuit-b] step 6450/20000 loss -1.756516 (0.124s/step)
[pursuit-b] step 6475/20000 loss -1.666429 (0.124s/step)
[pursuit-b] step 6500/20000 loss -1.695035 (0.124s/step)
[pursuit-b] step 6525/20000 loss -1.710055 (0.124s/step)
[pursuit-b] step 6550/20000 loss -1.646479 (0.124s/step)
[pursuit-b] step 6575/20000 loss -1.784360 (0.124s/step)
[pursuit-b] step 6600/20000 loss -1.573257 (0.124s/step)
[pursuit-b] step 6625/20000 loss -1.728258 (0.124s/step)
[pursuit-b] step 6650/20000 loss -1.699687 (0.124s/step)
[pursuit-b] step 6675/20000 loss -1.821390 (0.124s/step)
[pursuit-b] step 6700/20000 loss -1.609119 (0.124s/step)
[pursuit-b] step 6725/20000 loss -1.703609 (0.124s/step)
[pursuit-b] step 6750/20000 loss -1.730168 (0.124s/step)
[pursuit-b] step 6775/20000 loss -1.682190 (0.124s/step)
[pursuit-b] step 6800/20000 loss -1.649755 (0.124s/step)
[pursuit-b] step 6825/20000 loss -1.634287 (0.124s/step)
[pursuit-b] step 6850/20000 loss -1.746408 (0.124s/step)
[pursuit-b] step 6875/20000 loss -1.716918 (0.124s/step)
[pursuit-b] step 6900/20000 loss -1.701203 (0.124s/step)
[pursuit-b] step 6925/20000 loss -1.600207 (0.124s/step)
[pursuit-b] step 6950/20000 loss -1.658724 (0.124s/step)
[pursuit-b] step 6975/20000 loss -1.670868 (0.124s/step)
[pursuit-b] step 7000/20000 loss -1.708826 (0.124s/step)
[pursuit-b] step 7025/20000 loss -1.710404 (0.124s/step)
[pursuit-b] step 7050/20000 loss -1.629790 (0.124s/step)
[pursuit-b] step 7075/20000 loss -1.786362 (0.124s/step)
[pursuit-b] step 7100/20000 loss -1.622808 (0.124s/step)
[pursuit-b] step 7125/20000 loss -1.733135 (0.124s/step)
[pursuit-b] step 7150/20000 loss -1.692994 (0.124s/step)
[pursuit-b] step 7175/20000 loss -1.802516 (0.124s/step)
[pursuit-b] step 7200/20000 loss -1.588336 (0.124s/step)
[pursuit-b] step 7225/20000 loss -1.706523 (0.124s/step)
[pursuit-b] step 7250/20000 loss -1.748480 (0.124s/step)
[pursuit-b] step 7275/20000 loss -1.723235 (0.124s/step)
[pursuit-b] step 7300/20000 loss -1.731243 (0.124s/step)
[pursuit-b] step 7325/20000 loss -1.647181 (0.124s/step)
[pursuit-b] step 7350/20000 loss -1.761343 (0.124s/step)
[pursuit-b] step 7375/20000 loss -1.716501 (0.124s/step)
[pursuit-b] step 7400/20000 loss -1.709374 (0.124s/step)
[pursuit-b] step 7425/20000 loss -1.633537 (0.124s/step)
[pursuit-b] step 7450/20000 loss -1.686274 (0.124s/step)
[pursuit-b] step 7475/20000 loss -1.633041 (0.124s/step)
[pursuit-b] step 7500/20000 loss -1.679501 (0.124s/step)
[pursuit-b] step 7525/20000 loss -1.681124 (0.124s/step)
[pursuit-b] step 7550/20000 loss -1.658395 (0.124s/step)
[pursuit-b] step 7575/20000 loss -1.765205 (0.124s/step)
[pursuit-b] step 7600/20000 loss -1.579350 (0.124s/step)
[pursuit-b] step 7625/20000 loss -1.753089 (0.124s/step)
[pursuit-b] step 7650/20000 loss -1.722375 (0.124s/step)
[pursuit-b] step 7675/20000 loss -1.796300 (0.124s/step)
[pursuit-b] step 7700/20000 loss -1.629130 (0.124s/step)
[pursuit-b] step 7725/20000 loss -1.722349 (0.124s/step)
[pursuit-b] step 7750/20000 loss -1.678222 (0.124s/step)
[pursuit-b] step 7775/20000 loss -1.670583 (0.124s/step)
[pursuit-b] step 7800/20000 loss -1.735144 (0.124s/step)
[pursuit-b] step 7825/20000 loss -1.576433 (0.124s/step)
[pursuit-b] step 7850/20000 loss -1.739576 (0.124s/step)
[pursuit-b] step 7875/20000 loss -1.701504 (0.124s/step)
[pursuit-b] step 7900/20000 loss -1.725276 (0.124s/step)
[pursuit-b] step 7925/20000 loss -1.692758 (0.124s/step)
[pursuit-b] step 7950/20000 loss -1.686338 (0.124s/step)
[pursuit-b] step 7975/20000 loss -1.590592 (0.125s/step)
[pursuit-b] step 8000/20000 loss -1.718111 (0.125s/step)
[pursuit-b] step 8025/20000 loss -1.629304 (0.125s/step)
[pursuit-b] step 8050/20000 loss -1.685927 (0.125s/step)
[pursuit-b] step 8075/20000 loss -1.742291 (0.125s/step)
[pursuit-b] step 8100/20000 loss -1.615905 (0.125s/step)
[pursuit-b] step 8125/20000 loss -1.715954 (0.125s/step)
[pursuit-b] step 8150/20000 loss -1.712614 (0.125s/step)
[pursuit-b] step 8175/20000 loss -1.809718 (0.125s/step)
[pursuit-b] step 8200/20000 loss -1.645370 (0.125s/step)
[pursuit-b] step 8225/20000 loss -1.731782 (0.125s/step)
[pursuit-b] step 8250/20000 loss -1.602435 (0.125s/step)
[pursuit-b] step 8275/20000 loss -1.716414 (0.125s/step)
[pursuit-b] step 8300/20000 loss -1.660579 (0.125s/step)
[pursuit-b] step 8325/20000 loss -1.607255 (0.125s/step)
[pursuit-b] step 8350/20000 loss -1.700286 (0.125s/step)
[pursuit-b] step 8375/20000 loss -1.723040 (0.125s/step)
[pursuit-b] step 8400/20000 loss -1.743735 (0.125s/step)
[pursuit-b] step 8425/20000 loss -1.660268 (0.125s/step)
[pursuit-b] step 8450/20000 loss -1.767251 (0.125s/step)
[pursuit-b] step 8475/20000 loss -1.709266 (0.125s/step)
[pursuit-b] step 8500/20000 loss -1.733664 (0.125s/step)
[pursuit-b] step 8525/20000 loss -1.703313 (0.125s/step)
[pursuit-b] step 8550/20000 loss -1.691796 (0.125s/step)
[pursuit-b] step 8575/20000 loss -1.720487 (0.125s/step)
[pursuit-b] step 8600/20000 loss -1.608678 (0.125s/step)
[pursuit-b] step 8625/20000 loss -1.724107 (0.125s/step)
[pursuit-b] step 8650/20000 loss -1.708498 (0.125s/step)
[pursuit-b] step 8675/20000 loss -1.779589 (0.125s/step)
[pursuit-b] step 8700/20000 loss -1.624092 (0.125s/step)
[pursuit-b] step 8725/20000 loss -1.707666 (0.125s/step)
[pursuit-b] step 8750/20000 loss -1.735236 (0.125s/step)
[pursuit-b] step 8775/20000 loss -1.696277 (0.125s/step)
[pursuit-b] step 8800/20000 loss -1.725368 (0.125s/step)
[pursuit-b] step 8825/20000 loss -1.612817 (0.125s/step)
[pursuit-b] step 8850/20000 loss -1.748212 (0.125s/step)
[pursuit-b] step 8875/20000 loss -1.722675 (0.125s/step)
[pursuit-b] step 8900/20000 loss -1.746484 (0.125s/step)
[pursuit-b] step 8925/20000 loss -1.715892 (0.125s/step)
[pursuit-b] step 8950/20000 loss -1.721935 (0.125s/step)
[pursuit-b] step 8975/20000 loss -1.644459 (0.125s/step)
[pursuit-b] step 9000/20000 loss -1.688045 (0.125s/step)
[pursuit-b] step 9025/20000 loss -1.739353 (0.125s/step)
[pursuit-b] step 9050/20000 loss -1.677926 (0.125s/step)
[pursuit-b] step 9075/20000 loss -1.763018 (0.125s/step)
[pursuit-b] step 9100/20000 loss -1.613111 (0.125s/step)
[pursuit-b] step 9125/20000 loss -1.723068 (0.125s/step)
[pursuit-b] step 9150/20000 loss -1.711963 (0.125s/step)
[pursuit-b] step 9175/20000 loss -1.800983 (0.125s/step)
[pursuit-b] step 9200/20000 loss -1.512251 (0.125s/step)
[pursuit-b] step 9225/20000 loss -1.720979 (0.125s/step)
[pursuit-b] step 9250/20000 loss -1.759423 (0.125s/step)
[pursuit-b] step 9275/20000 loss -1.712236 (0.125s/step)
[pursuit-b] step 9300/20000 loss -1.730069 (0.125s/step)
[pursuit-b] step 9325/20000 loss -1.620463 (0.125s/step)
[pursuit-b] step 9350/20000 loss -1.732871 (0.125s/step)
[pursuit-b] step 9375/20000 loss -1.740836 (0.125s/step)
[pursuit-b] step 9400/20000 loss -1.752386 (0.125s/step)
[pursuit-b] step 9425/20000 loss -1.727865 (0.125s/step)
[pursuit-b] step 9450/20000 loss -1.722186 (0.125s/step)
[pursuit-b] step 9475/20000 loss -1.655090 (0.125s/step)
[pursuit-b] step 9500/20000 loss -1.740467 (0.125s/step)
[pursuit-b] step 9525/20000 loss -1.720326 (0.125s/step)
[pursuit-b] step 9550/20000 loss -1.629260 (0.125s/step)
[pursuit-b] step 9575/20000 loss -1.767420 (0.125s/step)
[pursuit-b] step 9600/20000 loss -1.589304 (0.125s/step)
[pursuit-b] step 9625/20000 loss -1.714995 (0.125s/step)
[pursuit-b] step 9650/20000 loss -1.690513 (0.125s/step)
[pursuit-b] step 9675/20000 loss -1.756217 (0.125s/step)
[pursuit-b] step 9700/20000 loss -1.536405 (0.125s/step)
[pursuit-b] step 9725/20000 loss -1.712078 (0.125s/step)
[pursuit-b] step 9750/20000 loss -1.700066 (0.125s/step)
[pursuit-b] step 9775/20000 loss -1.717980 (0.125s/step)
[pursuit-b] step 9800/20000 loss -1.716520 (0.125s/step)
[pursuit-b] step 9825/20000 loss -1.679114 (0.125s/step)
[pursuit-b] step 9850/20000 loss -1.774604 (0.125s/step)
[pursuit-b] step 9875/20000 loss -1.722222 (0.125s/step)
[pursuit-b] step 9900/20000 loss -1.711867 (0.125s/step)
[pursuit-b] step 9925/20000 loss -1.641193 (0.125s/step)
[pursuit-b] step 9950/20000 loss -1.718111 (0.125s/step)
[pursuit-b] step 9975/20000 loss -1.694298 (0.125s/step)
[pursuit-b] step 10000/20000 loss -1.665373 (0.125s/step)
[pursuit-b] step 10025/20000 loss -1.721283 (0.125s/step)
[pursuit-b] step 10050/20000 loss -1.657150 (0.125s/step)
[pursuit-b] step 10075/20000 loss -1.798254 (0.125s/step)
[pursuit-b] step 10100/20000 loss -1.603817 (0.125s/step)
[pursuit-b] step 10125/20000 loss -1.720821 (0.125s/step)
[pursuit-b] step 10150/20000 loss -1.720938 (0.125s/step)
[pursuit-b] step 10175/20000 loss -1.818792 (0.125s/step)
[pursuit-b] step 10200/20000 loss -1.532518 (0.125s/step)
[pursuit-b] step 10225/20000 loss -1.727427 (0.125s/step)
[pursuit-b] step 10250/20000 loss -1.727947 (0.125s/step)
[pursuit-b] step 10275/20000 loss -1.741342 (0.125s/step)
[pursuit-b] step 10300/20000 loss -1.749400 (0.125s/step)
[pursuit-b] step 10325/20000 loss -1.642743 (0.125s/step)
[pursuit-b] step 10350/20000 loss -1.761632 (0.125s/step)
[pursuit-b] step 10375/20000 loss -1.745547 (0.125s/step)
[pursuit-b] step 10400/20000 loss -1.749264 (0.125s/step)
[pursuit-b] step 10425/20000 loss -1.697400 (0.125s/step)
[pursuit-b] step 10450/20000 loss -1.760074 (0.125s/step)
[pursuit-b] step 10475/20000 loss -1.661497 (0.125s/step)
[pursuit-b] step 10500/20000 loss -1.724698 (0.125s/step)
[pursuit-b] step 10525/20000 loss -1.731851 (0.125s/step)
[pursuit-b] step 10550/20000 loss -1.629011 (0.125s/step)
[pursuit-b] step 10575/20000 loss -1.807613 (0.125s/step)
[pursuit-b] step 10600/20000 loss -1.639632 (0.125s/step)
[pursuit-b] step 10625/20000 loss -1.715222 (0.125s/step)
[pursuit-b] step 10650/20000 loss -1.690149 (0.125s/step)
[pursuit-b] step 10675/20000 loss -1.822202 (0.125s/step)
[pursuit-b] step 10700/20000 loss -1.513040 (0.125s/step)
[pursuit-b] step 10725/20000 loss -1.702523 (0.125s/step)
[pursuit-b] step 10750/20000 loss -1.763929 (0.125s/step)
[pursuit-b] step 10775/20000 loss -1.714917 (0.125s/step)
[pursuit-b] step 10800/20000 loss -1.707933 (0.125s/step)
[pursuit-b] step 10825/20000 loss -1.646186 (0.125s/step)
[pursuit-b] step 10850/20000 loss -1.737441 (0.125s/step)
[pursuit-b] step 10875/20000 loss -1.681231 (0.125s/step)
[pursuit-b] step 10900/20000 loss -1.724511 (0.125s/step)
[pursuit-b] step 10925/20000 loss -1.723682 (0.125s/step)
[pursuit-b] step 10950/20000 loss -1.752818 (0.125s/step)
[pursuit-b] step 10975/20000 loss -1.688829 (0.125s/step)
[pursuit-b] step 11000/20000 loss -1.678918 (0.125s/step)
[pursuit-b] step 11025/20000 loss -1.722683 (0.125s/step)
[pursuit-b] step 11050/20000 loss -1.648188 (0.125s/step)
[pursuit-b] step 11075/20000 loss -1.805983 (0.125s/step)
[pursuit-b] step 11100/20000 loss -1.649228 (0.125s/step)
[pursuit-b] step 11125/20000 loss -1.728970 (0.125s/step)
[pursuit-b] step 11150/20000 loss -1.712662 (0.125s/step)
[pursuit-b] step 11175/20000 loss -1.774681 (0.125s/step)
[pursuit-b] step 11200/20000 loss -1.541667 (0.125s/step)
[pursuit-b] step 11225/20000 loss -1.722995 (0.125s/step)
[pursuit-b] step 11250/20000 loss -1.766988 (0.125s/step)
[pursuit-b] step 11275/20000 loss -1.723273 (0.125s/step)
[pursuit-b] step 11300/20000 loss -1.727661 (0.125s/step)
[pursuit-b] step 11325/20000 loss -1.586201 (0.125s/step)
[pursuit-b] step 11350/20000 loss -1.763928 (0.125s/step)
[pursuit-b] step 11375/20000 loss -1.709249 (0.125s/step)
[pursuit-b] step 11400/20000 loss -1.735819 (0.125s/step)
[pursuit-b] step 11425/20000 loss -1.741025 (0.125s/step)
[pursuit-b] step 11450/20000 loss -1.771101 (0.125s/step)
[pursuit-b] step 11475/20000 loss -1.653063 (0.125s/step)
[pursuit-b] step 11500/20000 loss -1.726779 (0.125s/step)
[pursuit-b] step 11525/20000 loss -1.739009 (0.125s/step)
[pursuit-b] step 11550/20000 loss -1.655991 (0.125s/step)
[pursuit-b] step 11575/20000 loss -1.814301 (0.125s/step)
[pursuit-b] step 11600/20000 loss -1.634035 (0.125s/step)
[pursuit-b] step 11625/20000 loss -1.750000 (0.125s/step)
[pursuit-b] step 11650/20000 loss -1.730819 (0.125s/step)
[pursuit-b] step 11675/20000 loss -1.830849 (0.125s/step)
[pursuit-b] step 11700/20000 loss -1.589279 (0.125s/step)
[pursuit-b] step 11725/20000 loss -1.756217 (0.125s/step)
[pursuit-b] step 11750/20000 loss -1.751808 (0.125s/step)
[pursuit-b] step 11775/20000 loss -1.755682 (0.125s/step)
[pursuit-b] step 11800/20000 loss -1.746459 (0.125s/step)
[pursuit-b] step 11825/20000 loss -1.695242 (0.125s/step)
[pursuit-b] step 11850/20000 loss -1.767354 (0.125s/step)
[pursuit-b] step 11875/20000 loss -1.773660 (0.125s/step)
[pursuit-b] step 11900/20000 loss -1.749612 (0.125s/step)
[pursuit-b] step 11925/20000 loss -1.749757 (0.125s/step)
[pursuit-b] step 11950/20000 loss -1.747885 (0.125s/step)
[pursuit-b] step 11975/20000 loss -1.671609 (0.125s/step)
[pursuit-b] step 12000/20000 loss -1.725975 (0.125s/step)
[pursuit-b] step 12025/20000 loss -1.740422 (0.125s/step)
[pursuit-b] step 12050/20000 loss -1.708452 (0.125s/step)
[pursuit-b] step 12075/20000 loss -1.796821 (0.125s/step)
[pursuit-b] step 12100/20000 loss -1.689594 (0.125s/step)
[pursuit-b] step 12125/20000 loss -1.707123 (0.125s/step)
[pursuit-b] step 12150/20000 loss -1.658907 (0.125s/step)
[pursuit-b] step 12175/20000 loss -1.826133 (0.125s/step)
[pursuit-b] step 12200/20000 loss -1.670537 (0.125s/step)
[pursuit-b] step 12225/20000 loss -1.754536 (0.125s/step)
[pursuit-b] step 12250/20000 loss -1.707987 (0.125s/step)
[pursuit-b] step 12275/20000 loss -1.748013 (0.125s/step)
[pursuit-b] step 12300/20000 loss -1.766667 (0.125s/step)
[pursuit-b] step 12325/20000 loss -1.640321 (0.125s/step)
[pursuit-b] step 12350/20000 loss -1.767160 (0.125s/step)
[pursuit-b] step 12375/20000 loss -1.764170 (0.125s/step)
[pursuit-b] step 12400/20000 loss -1.736221 (0.125s/step)
[pursuit-b] step 12425/20000 loss -1.755430 (0.125s/step)
[pursuit-b] step 12450/20000 loss -1.767235 (0.125s/step)
[pursuit-b] step 12475/20000 loss -1.713984 (0.125s/step)
[pursuit-b] step 12500/20000 loss -1.732346 (0.125s/step)
[pursuit-b] step 12525/20000 loss -1.731124 (0.125s/step)
[pursuit-b] step 12550/20000 loss -1.632686 (0.125s/step)
[pursuit-b] step 12575/20000 loss -1.827269 (0.125s/step)
[pursuit-b] step 12600/20000 loss -1.628964 (0.125s/step)
[pursuit-b] step 12625/20000 loss -1.774442 (0.125s/step)
[pursuit-b] step 12650/20000 loss -1.742461 (0.125s/step)
[pursuit-b] step 12675/20000 loss -1.846358 (0.125s/step)
[pursuit-b] step 12700/20000 loss -1.674317 (0.125s/step)
[pursuit-b] step 12725/20000 loss -1.754910 (0.125s/step)
[pursuit-b] step 12750/20000 loss -1.774188 (0.125s/step)
[pursuit-b] step 12775/20000 loss -1.761131 (0.125s/step)
[pursuit-b] step 12800/20000 loss -1.763346 (0.125s/step)
[pursuit-b] step 12825/20000 loss -1.609008 (0.125s/step)
[pursuit-b] step 12850/20000 loss -1.759694 (0.125s/step)
[pursuit-b] step 12875/20000 loss -1.780915 (0.125s/step)
[pursuit-b] step 12900/20000 loss -1.760476 (0.125s/step)
[pursuit-b] step 12925/20000 loss -1.751898 (0.125s/step)
[pursuit-b] step 12950/20000 loss -1.775908 (0.125s/step)
[pursuit-b] step 12975/20000 loss -1.715050 (0.125s/step)
[pursuit-b] step 13000/20000 loss -1.745507 (0.125s/step)
[pursuit-b] step 13025/20000 loss -1.683502 (0.125s/step)
[pursuit-b] step 13050/20000 loss -1.646674 (0.125s/step)
[pursuit-b] step 13075/20000 loss -1.810227 (0.125s/step)
[pursuit-b] step 13100/20000 loss -1.623616 (0.125s/step)
[pursuit-b] step 13125/20000 loss -1.765529 (0.125s/step)
[pursuit-b] step 13150/20000 loss -1.740017 (0.125s/step)
[pursuit-b] step 13175/20000 loss -1.845359 (0.125s/step)
[pursuit-b] step 13200/20000 loss -1.612946 (0.125s/step)
[pursuit-b] step 13225/20000 loss -1.760825 (0.125s/step)
[pursuit-b] step 13250/20000 loss -1.761135 (0.125s/step)
[pursuit-b] step 13275/20000 loss -1.724776 (0.125s/step)
[pursuit-b] step 13300/20000 loss -1.773767 (0.125s/step)
[pursuit-b] step 13325/20000 loss -1.647707 (0.125s/step)
[pursuit-b] step 13350/20000 loss -1.795747 (0.125s/step)
[pursuit-b] step 13375/20000 loss -1.733080 (0.125s/step)
[pursuit-b] step 13400/20000 loss -1.755847 (0.125s/step)
[pursuit-b] step 13425/20000 loss -1.749530 (0.125s/step)
[pursuit-b] step 13450/20000 loss -1.718866 (0.125s/step)
[pursuit-b] step 13475/20000 loss -1.699009 (0.125s/step)
[pursuit-b] step 13500/20000 loss -1.730558 (0.125s/step)
[pursuit-b] step 13525/20000 loss -1.690684 (0.125s/step)
[pursuit-b] step 13550/20000 loss -1.675247 (0.125s/step)
[pursuit-b] step 13575/20000 loss -1.820265 (0.125s/step)
[pursuit-b] step 13600/20000 loss -1.670013 (0.125s/step)
[pursuit-b] step 13625/20000 loss -1.782022 (0.125s/step)
[pursuit-b] step 13650/20000 loss -1.734701 (0.125s/step)
[pursuit-b] step 13675/20000 loss -1.820216 (0.125s/step)
[pursuit-b] step 13700/20000 loss -1.620368 (0.125s/step)
[pursuit-b] step 13725/20000 loss -1.760223 (0.125s/step)
[pursuit-b] step 13750/20000 loss -1.779361 (0.125s/step)
[pursuit-b] step 13775/20000 loss -1.724739 (0.125s/step)
[pursuit-b] step 13800/20000 loss -1.751789 (0.125s/step)
[pursuit-b] step 13825/20000 loss -1.703973 (0.125s/step)
[pursuit-b] step 13850/20000 loss -1.799999 (0.125s/step)
[pursuit-b] step 13875/20000 loss -1.716316 (0.125s/step)
[pursuit-b] step 13900/20000 loss -1.752671 (0.125s/step)
[pursuit-b] step 13925/20000 loss -1.658320 (0.125s/step)
[pursuit-b] step 13950/20000 loss -1.729911 (0.125s/step)
[pursuit-b] step 13975/20000 loss -1.708855 (0.125s/step)
[pursuit-b] step 14000/20000 loss -1.767740 (0.125s/step)
[pursuit-b] step 14025/20000 loss -1.683517 (0.125s/step)
[pursuit-b] step 14050/20000 loss -1.682448 (0.125s/step)
[pursuit-b] step 14075/20000 loss -1.833353 (0.125s/step)
[pursuit-b] step 14100/20000 loss -1.643441 (0.125s/step)
[pursuit-b] step 14125/20000 loss -1.735976 (0.125s/step)
[pursuit-b] step 14150/20000 loss -1.761107 (0.125s/step)
[pursuit-b] step 14175/20000 loss -1.858204 (0.125s/step)
[pursuit-b] step 14200/20000 loss -1.613909 (0.125s/step)
[pursuit-b] step 14225/20000 loss -1.775233 (0.125s/step)
[pursuit-b] step 14250/20000 loss -1.763764 (0.125s/step)
[pursuit-b] step 14275/20000 loss -1.741783 (0.125s/step)
[pursuit-b] step 14300/20000 loss -1.729705 (0.125s/step)
[pursuit-b] step 14325/20000 loss -1.712891 (0.125s/step)
[pursuit-b] step 14350/20000 loss -1.793309 (0.125s/step)
[pursuit-b] step 14375/20000 loss -1.796197 (0.125s/step)
[pursuit-b] step 14400/20000 loss -1.732211 (0.125s/step)
[pursuit-b] step 14425/20000 loss -1.744502 (0.125s/step)
[pursuit-b] step 14450/20000 loss -1.753021 (0.125s/step)
[pursuit-b] step 14475/20000 loss -1.675638 (0.125s/step)
[pursuit-b] step 14500/20000 loss -1.775792 (0.125s/step)
[pursuit-b] step 14525/20000 loss -1.696952 (0.125s/step)
[pursuit-b] step 14550/20000 loss -1.662147 (0.125s/step)
[pursuit-b] step 14575/20000 loss -1.836759 (0.125s/step)
[pursuit-b] step 14600/20000 loss -1.685730 (0.125s/step)
[pursuit-b] step 14625/20000 loss -1.771295 (0.125s/step)
[pursuit-b] step 14650/20000 loss -1.749917 (0.125s/step)
[pursuit-b] step 14675/20000 loss -1.845778 (0.125s/step)
[pursuit-b] step 14700/20000 loss -1.647847 (0.125s/step)
[pursuit-b] step 14725/20000 loss -1.792547 (0.125s/step)
[pursuit-b] step 14750/20000 loss -1.802854 (0.125s/step)
[pursuit-b] step 14775/20000 loss -1.758569 (0.125s/step)
[pursuit-b] step 14800/20000 loss -1.763601 (0.125s/step)
[pursuit-b] step 14825/20000 loss -1.694802 (0.125s/step)
[pursuit-b] step 14850/20000 loss -1.790173 (0.125s/step)
[pursuit-b] step 14875/20000 loss -1.783842 (0.125s/step)
[pursuit-b] step 14900/20000 loss -1.766631 (0.125s/step)
[pursuit-b] step 14925/20000 loss -1.683689 (0.125s/step)
[pursuit-b] step 14950/20000 loss -1.789712 (0.125s/step)
[pursuit-b] step 14975/20000 loss -1.727881 (0.125s/step)
[pursuit-b] step 15000/20000 loss -1.771078 (0.125s/step)
[pursuit-b] step 15025/20000 loss -1.706749 (0.125s/step)
[pursuit-b] step 15050/20000 loss -1.714198 (0.125s/step)
[pursuit-b] step 15075/20000 loss -1.816359 (0.125s/step)
[pursuit-b] step 15100/20000 loss -1.684169 (0.125s/step)
[pursuit-b] step 15125/20000 loss -1.789029 (0.125s/step)
[pursuit-b] step 15150/20000 loss -1.767628 (0.125s/step)
[pursuit-b] step 15175/20000 loss -1.859503 (0.125s/step)
[pursuit-b] step 15200/20000 loss -1.602031 (0.125s/step)
[pursuit-b] step 15225/20000 loss -1.780005 (0.125s/step)
[pursuit-b] step 15250/20000 loss -1.812440 (0.125s/step)
[pursuit-b] step 15275/20000 loss -1.762702 (0.125s/step)
[pursuit-b] step 15300/20000 loss -1.742038 (0.125s/step)
[pursuit-b] step 15325/20000 loss -1.703764 (0.125s/step)
[pursuit-b] step 15350/20000 loss -1.804562 (0.125s/step)
[pursuit-b] step 15375/20000 loss -1.799224 (0.125s/step)
[pursuit-b] step 15400/20000 loss -1.775213 (0.125s/step)
[pursuit-b] step 15425/20000 loss -1.738137 (0.125s/step)
[pursuit-b] step 15450/20000 loss -1.721822 (0.125s/step)
[pursuit-b] step 15475/20000 loss -1.723276 (0.125s/step)
[pursuit-b] step 15500/20000 loss -1.786601 (0.125s/step)
[pursuit-b] step 15525/20000 loss -1.697760 (0.125s/step)
[pursuit-b] step 15550/20000 loss -1.741484 (0.125s/step)
[pursuit-b] step 15575/20000 loss -1.834158 (0.125s/step)
[pursuit-b] step 15600/20000 loss -1.727063 (0.125s/step)
[pursuit-b] step 15625/20000 loss -1.780310 (0.125s/step)
[pursuit-b] step 15650/20000 loss -1.751199 (0.125s/step)
[pursuit-b] step 15675/20000 loss -1.861516 (0.125s/step)
[pursuit-b] step 15700/20000 loss -1.641454 (0.125s/step)
[pursuit-b] step 15725/20000 loss -1.730023 (0.125s/step)
[pursuit-b] step 15750/20000 loss -1.805681 (0.125s/step)
[pursuit-b] step 15775/20000 loss -1.763518 (0.125s/step)
[pursuit-b] step 15800/20000 loss -1.735028 (0.125s/step)
[pursuit-b] step 15825/20000 loss -1.694890 (0.125s/step)
[pursuit-b] step 15850/20000 loss -1.768402 (0.125s/step)
[pursuit-b] step 15875/20000 loss -1.782553 (0.125s/step)
[pursuit-b] step 15900/20000 loss -1.749746 (0.125s/step)
[pursuit-b] step 15925/20000 loss -1.749215 (0.125s/step)
[pursuit-b] step 15950/20000 loss -1.696919 (0.125s/step)
[pursuit-b] step 15975/20000 loss -1.677696 (0.125s/step)
[pursuit-b] step 16000/20000 loss -1.781769 (0.125s/step)
[pursuit-b] step 16025/20000 loss -1.731952 (0.125s/step)
[pursuit-b] step 16050/20000 loss -1.692619 (0.125s/step)
[pursuit-b] step 16075/20000 loss -1.830564 (0.125s/step)
[pursuit-b] step 16100/20000 loss -1.700775 (0.125s/step)
[pursuit-b] step 16125/20000 loss -1.788275 (0.125s/step)
[pursuit-b] step 16150/20000 loss -1.746278 (0.125s/step)
[pursuit-b] step 16175/20000 loss -1.855359 (0.125s/step)
[pursuit-b] step 16200/20000 loss -1.641543 (0.125s/step)
[pursuit-b] step 16225/20000 loss -1.770036 (0.125s/step)
[pursuit-b] step 16250/20000 loss -1.807571 (0.125s/step)
[pursuit-b] step 16275/20000 loss -1.764770 (0.125s/step)
[pursuit-b] step 16300/20000 loss -1.782351 (0.125s/step)
[pursuit-b] step 16325/20000 loss -1.684161 (0.125s/step)
[pursuit-b] step 16350/20000 loss -1.801403 (0.125s/step)
[pursuit-b] step 16375/20000 loss -1.751608 (0.125s/step)
[pursuit-b] step 16400/20000 loss -1.761635 (0.125s/step)
[pursuit-b] step 16425/20000 loss -1.759644 (0.125s/step)
[pursuit-b] step 16450/20000 loss -1.725698 (0.125s/step)
[pursuit-b] step 16475/20000 loss -1.722396 (0.125s/step)
[pursuit-b] step 16500/20000 loss -1.790985 (0.125s/step)
[pursuit-b] step 16525/20000 loss -1.731505 (0.125s/step)
[pursuit-b] step 16550/20000 loss -1.733230 (0.125s/step)
[pursuit-b] step 16575/20000 loss -1.837608 (0.125s/step)
[pursuit-b] step 16600/20000 loss -1.700754 (0.125s/step)
[pursuit-b] step 16625/20000 loss -1.778552 (0.125s/step)
[pursuit-b] step 16650/20000 loss -1.751721 (0.125s/step)
[pursuit-b] step 16675/20000 loss -1.860206 (0.125s/step)
[pursuit-b] step 16700/20000 loss -1.623483 (0.125s/step)
[pursuit-b] step 16725/20000 loss -1.779157 (0.125s/step)
[pursuit-b] step 16750/20000 loss -1.801199 (0.125s/step)
[pursuit-b] step 16775/20000 loss -1.790989 (0.125s/step)
[pursuit-b] step 16800/20000 loss -1.766262 (0.125s/step)
[pursuit-b] step 16825/20000 loss -1.724336 (0.125s/step)
[pursuit-b] step 16850/20000 loss -1.808980 (0.125s/step)
[pursuit-b] step 16875/20000 loss -1.777343 (0.125s/step)
[pursuit-b] step 16900/20000 loss -1.774355 (0.125s/step)
[pursuit-b] step 16925/20000 loss -1.761223 (0.125s/step)
[pursuit-b] step 16950/20000 loss -1.703481 (0.125s/step)
[pursuit-b] step 16975/20000 loss -1.753724 (0.125s/step)
[pursuit-b] step 17000/20000 loss -1.801082 (0.125s/step)
[pursuit-b] step 17025/20000 loss -1.772616 (0.125s/step)
[pursuit-b] step 17050/20000 loss -1.745683 (0.125s/step)
[pursuit-b] step 17075/20000 loss -1.828611 (0.125s/step)
[pursuit-b] step 17100/20000 loss -1.710684 (0.125s/step)
[pursuit-b] step 17125/20000 loss -1.808517 (0.125s/step)
[pursuit-b] step 17150/20000 loss -1.756004 (0.125s/step)
[pursuit-b] step 17175/20000 loss -1.852366 (0.125s/step)
[pursuit-b] step 17200/20000 loss -1.624630 (0.125s/step)
[pursuit-b] step 17225/20000 loss -1.759651 (0.125s/step)
[pursuit-b] step 17250/20000 loss -1.807276 (0.125s/step)
[pursuit-b] step 17275/20000 loss -1.792049 (0.125s/step)
[pursuit-b] step 17300/20000 loss -1.788857 (0.125s/step)
[pursuit-b] step 17325/20000 loss -1.721412 (0.125s/step)
[pursuit-b] step 17350/20000 loss -1.782657 (0.125s/step)
[pursuit-b] step 17375/20000 loss -1.734984 (0.125s/step)
[pursuit-b] step 17400/20000 loss -1.751843 (0.125s/step)
[pursuit-b] step 17425/20000 loss -1.758631 (0.125s/step)
[pursuit-b] step 17450/20000 loss -1.785401 (0.125s/step)
[pursuit-b] step 17475/20000 loss -1.739447 (0.125s/step)
[pursuit-b] step 17500/20000 loss -1.795035 (0.125s/step)
[pursuit-b] step 17525/20000 loss -1.762872 (0.125s/step)
[pursuit-b] step 17550/20000 loss -1.707239 (0.125s/step)
[pursuit-b] step 17575/20000 loss -1.832296 (0.125s/step)
[pursuit-b] step 17600/20000 loss -1.713120 (0.125s/step)
[pursuit-b] step 17625/20000 loss -1.746955 (0.125s/step)
[pursuit-b] step 17650/20000 loss -1.747547 (0.125s/step)
[pursuit-b] step 17675/20000 loss -1.868284 (0.125s/step)
[pursuit-b] step 17700/20000 loss -1.659459 (0.125s/step)
[pursuit-b] step 17725/20000 loss -1.730585 (0.125s/step)
[pursuit-b] step 17750/20000 loss -1.788764 (0.125s/step)
[pursuit-b] step 17775/20000 loss -1.766792 (0.125s/step)
[pursuit-b] step 17800/20000 loss -1.762649 (0.125s/step)
[pursuit-b] step 17825/20000 loss -1.698344 (0.125s/step)
[pursuit-b] step 17850/20000 loss -1.808271 (0.125s/step)
[pursuit-b] step 17875/20000 loss -1.747901 (0.125s/step)
[pursuit-b] step 17900/20000 loss -1.627706 (0.125s/step)
[pursuit-b] step 17925/20000 loss -1.755107 (0.125s/step)
[pursuit-b] step 17950/20000 loss -1.760592 (0.125s/step)
[pursuit-b] step 17975/20000 loss -1.715187 (0.125s/step)
[pursuit-b] step 18000/20000 loss -1.675668 (0.125s/step)
[pursuit-b] step 18025/20000 loss -1.700026 (0.125s/step)
[pursuit-b] step 18050/20000 loss -1.724680 (0.125s/step)
[pursuit-b] step 18075/20000 loss -1.809921 (0.125s/step)
[pursuit-b] step 18100/20000 loss -1.688928 (0.125s/step)
[pursuit-b] step 18125/20000 loss -1.798724 (0.125s/step)
[pursuit-b] step 18150/20000 loss -1.762017 (0.125s/step)
[pursuit-b] step 18175/20000 loss -1.860793 (0.125s/step)
[pursuit-b] step 18200/20000 loss -1.628515 (0.125s/step)
[pursuit-b] step 18225/20000 loss -1.783292 (0.125s/step)
[pursuit-b] step 18250/20000 loss -1.817737 (0.125s/step)
[pursuit-b] step 18275/20000 loss -1.729239 (0.125s/step)
[pursuit-b] step 18300/20000 loss -1.785029 (0.125s/step)
[pursuit-b] step 18325/20000 loss -1.709232 (0.125s/step)
[pursuit-b] step 18350/20000 loss -1.819159 (0.125s/step)
[pursuit-b] step 18375/20000 loss -1.764134 (0.125s/step)
[pursuit-b] step 18400/20000 loss -1.767591 (0.125s/step)
[pursuit-b] step 18425/20000 loss -1.753950 (0.125s/step)
[pursuit-b] step 18450/20000 loss -1.776054 (0.125s/step)
[pursuit-b] step 18475/20000 loss -1.738716 (0.125s/step)
[pursuit-b] step 18500/20000 loss -1.766673 (0.125s/step)
[pursuit-b] step 18525/20000 loss -1.762702 (0.125s/step)
[pursuit-b] step 18550/20000 loss -1.725527 (0.125s/step)
[pursuit-b] step 18575/20000 loss -1.834750 (0.125s/step)
[pursuit-b] step 18600/20000 loss -1.642184 (0.125s/step)
[pursuit-b] step 18625/20000 loss -1.807997 (0.125s/step)
[pursuit-b] step 18650/20000 loss -1.763357 (0.125s/step)
[pursuit-b] step 18675/20000 loss -1.874001 (0.125s/step)
[pursuit-b] step 18700/20000 loss -1.683916 (0.125s/step)
[pursuit-b] step 18725/20000 loss -1.780639 (0.125s/step)
[pursuit-b] step 18750/20000 loss -1.809575 (0.125s/step)
[pursuit-b] step 18775/20000 loss -1.772103 (0.125s/step)
[pursuit-b] step 18800/20000 loss -1.778747 (0.125s/step)
[pursuit-b] step 18825/20000 loss -1.731294 (0.125s/step)
[pursuit-b] step 18850/20000 loss -1.823612 (0.125s/step)
[pursuit-b] step 18875/20000 loss -1.771674 (0.125s/step)
[pursuit-b] step 18900/20000 loss -1.772715 (0.125s/step)
[pursuit-b] step 18925/20000 loss -1.768732 (0.125s/step)
[pursuit-b] step 18950/20000 loss -1.761718 (0.125s/step)
[pursuit-b] step 18975/20000 loss -1.751457 (0.125s/step)
[pursuit-b] step 19000/20000 loss -1.785335 (0.125s/step)
[pursuit-b] step 19025/20000 loss -1.787272 (0.125s/step)
[pursuit-b] step 19050/20000 loss -1.753835 (0.125s/step)
[pursuit-b] step 19075/20000 loss -1.842870 (0.125s/step)
[pursuit-b] step 19100/20000 loss -1.709173 (0.125s/step)
[pursuit-b] step 19125/20000 loss -1.788035 (0.125s/step)
[pursuit-b] step 19150/20000 loss -1.760991 (0.125s/step)
[pursuit-b] step 19175/20000 loss -1.857034 (0.125s/step)
[pursuit-b] step 19200/20000 loss -1.688015 (0.125s/step)
[pursuit-b] step 19225/20000 loss -1.794443 (0.125s/step)
[pursuit-b] step 19250/20000 loss -1.794930 (0.125s/step)
[pursuit-b] step 19275/20000 loss -1.796972 (0.125s/step)
[pursuit-b] step 19300/20000 loss -1.754130 (0.125s/step)
[pursuit-b] step 19325/20000 loss -1.711034 (0.125s/step)
[pursuit-b] step 19350/20000 loss -1.773329 (0.125s/step)
[pursuit-b] step 19375/20000 loss -1.734178 (0.125s/step)
[pursuit-b] step 19400/20000 loss -1.778416 (0.125s/step)
[pursuit-b] step 19425/20000 loss -1.716067 (0.125s/step)
[pursuit-b] step 19450/20000 loss -1.730259 (0.125s/step)
[pursuit-b] step 19475/20000 loss -1.750302 (0.125s/step)
[pursuit-b] step 19500/20000 loss -1.791359 (0.125s/step)
[pursuit-b] step 19525/20000 loss -1.784118 (0.125s/step)
[pursuit-b] step 19550/20000 loss -1.733027 (0.125s/step)
[pursuit-b] step 19575/20000 loss -1.843380 (0.125s/step)
[pursuit-b] step 19600/20000 loss -1.652701 (0.125s/step)
[pursuit-b] step 19625/20000 loss -1.800567 (0.125s/step)
[pursuit-b] step 19650/20000 loss -1.709251 (0.125s/step)
[pursuit-b] step 19675/20000 loss -1.864694 (0.125s/step)
[pursuit-b] step 19700/20000 loss -1.678680 (0.125s/step)
[pursuit-b] step 19725/20000 loss -1.791680 (0.125s/step)
[pursuit-b] step 19750/20000 loss -1.816487 (0.125s/step)
[pursuit-b] step 19775/20000 loss -1.782966 (0.125s/step)
[pursuit-b] step 19800/20000 loss -1.779740 (0.125s/step)
[pursuit-b] step 19825/20000 loss -1.666731 (0.125s/step)
[pursuit-b] step 19850/20000 loss -1.808671 (0.125s/step)
[pursuit-b] step 19875/20000 loss -1.763345 (0.125s/step)
[pursuit-b] step 19900/20000 loss -1.785026 (0.125s/step)
[pursuit-b] step 19925/20000 loss -1.705850 (0.125s/step)
[pursuit-b] step 19950/20000 loss -1.655437 (0.125s/step)
[pursuit-b] step 19975/20000 loss -1.730266 (0.125s/step)
[pursuit-b] step 20000/20000 loss -1.749120 (0.125s/step)
[pursuit-b] saved trained K_2, delta_omega, and optimizer state to outputs/ckpt-mnist-20000.pt
[pursuit-b] evaluating on val: 50 images, 10 seeds
[pursuit-b] eval seed 1: mean FG ARI +0.4782
[pursuit-b] eval seed 2: mean FG ARI +0.4776
[pursuit-b] eval seed 3: mean FG ARI +0.4780
[pursuit-b] eval seed 4: mean FG ARI +0.4794
[pursuit-b] eval seed 5: mean FG ARI +0.4756
[pursuit-b] eval seed 6: mean FG ARI +0.4789
[pursuit-b] eval seed 7: mean FG ARI +0.4792
[pursuit-b] eval seed 8: mean FG ARI +0.4751
[pursuit-b] eval seed 9: mean FG ARI +0.4790
[pursuit-b] eval seed 10: mean FG ARI +0.4793
[pursuit-b] wrote outputs/pursuit-b-mnist-20000.json

FG ARI +0.4780 +/- 0.0015   (M0 at defaults 0.1355, cc 0.02)
P6 (above cc 0.16): True
diagnostic, above M0 at defaults 0.1209: True  (by >2 seed SD: True)
