[bundle] Running run_pursuit_b.py from /content/jobs/pursuit-b-3shapes-20000-20260915T204311Z-b4beaa/src/08_overlap_bench, log at /content/jobs/pursuit-b-3shapes-20000-20260915T204311Z-b4beaa/src/08_overlap_bench/outputs/run_pursuit_b.log
[pursuit-b] known-answer check passed: {"in_phase": 1.1102230246251565e-16, "antiphase": -1.9999999999979998, "d_apart": -0.3496110824024409, "half_coherent": 0.2499999999987501}
[pursuit-b] old-formula control: antiphase gives 1.1102230246251565e-16
[pursuit-b] oracle passed: at init this is M0 (max orbit rel err 1.07e-14, labels identical on all 3)
[pursuit-b] precomputing M0 layer-1 masks for 16000 images on cuda
[pursuit-b]   layer-1 precompute 32/16000
[pursuit-b]   layer-1 precompute 1632/16000
[pursuit-b]   layer-1 precompute 3232/16000
[pursuit-b]   layer-1 precompute 4832/16000
[pursuit-b]   layer-1 precompute 6432/16000
[pursuit-b]   layer-1 precompute 8032/16000
[pursuit-b]   layer-1 precompute 9632/16000
[pursuit-b]   layer-1 precompute 11232/16000
[pursuit-b]   layer-1 precompute 12832/16000
[pursuit-b]   layer-1 precompute 14432/16000
[pursuit-b] training 20000 steps (global 0->20000), batch 32, lr 0.001, on cuda
/content/jobs/pursuit-b-3shapes-20000-20260915T204311Z-b4beaa/src/08_overlap_bench/scripts/run_pursuit_b.py:345: UserWarning: Converting a tensor with requires_grad=True to a scalar may lead to unexpected behavior.
Consider using tensor.detach() first. (Triggered internally at /pytorch/torch/csrc/autograd/generated/python_variable_methods.cpp:835.)
  curve.append({"step": 0, "loss": float(loss), "before_first_update": True})
[pursuit-b] step 25/20000 loss -0.875041 (0.158s/step)
[pursuit-b] step 50/20000 loss -0.872430 (0.148s/step)
[pursuit-b] step 75/20000 loss -1.008465 (0.145s/step)
[pursuit-b] step 100/20000 loss -1.031673 (0.143s/step)
[pursuit-b] step 125/20000 loss -1.163254 (0.143s/step)
[pursuit-b] step 150/20000 loss -1.055661 (0.142s/step)
[pursuit-b] step 175/20000 loss -1.030063 (0.141s/step)
[pursuit-b] step 200/20000 loss -1.081428 (0.141s/step)
[pursuit-b] step 225/20000 loss -1.044912 (0.140s/step)
[pursuit-b] step 250/20000 loss -1.003352 (0.140s/step)
[pursuit-b] step 275/20000 loss -1.129562 (0.140s/step)
[pursuit-b] step 300/20000 loss -1.107576 (0.140s/step)
[pursuit-b] step 325/20000 loss -1.084138 (0.140s/step)
[pursuit-b] step 350/20000 loss -0.984554 (0.139s/step)
[pursuit-b] step 375/20000 loss -1.045085 (0.139s/step)
[pursuit-b] step 400/20000 loss -1.081117 (0.139s/step)
[pursuit-b] step 425/20000 loss -1.107769 (0.139s/step)
[pursuit-b] step 450/20000 loss -1.106929 (0.139s/step)
[pursuit-b] step 475/20000 loss -1.093156 (0.139s/step)
[pursuit-b] step 500/20000 loss -1.050890 (0.139s/step)
[pursuit-b] step 525/20000 loss -1.105723 (0.138s/step)
[pursuit-b] step 550/20000 loss -1.099793 (0.138s/step)
[pursuit-b] step 575/20000 loss -1.115627 (0.138s/step)
[pursuit-b] step 600/20000 loss -1.149949 (0.138s/step)
[pursuit-b] step 625/20000 loss -1.151870 (0.138s/step)
[pursuit-b] step 650/20000 loss -1.067996 (0.138s/step)
[pursuit-b] step 675/20000 loss -1.138686 (0.138s/step)
[pursuit-b] step 700/20000 loss -1.144920 (0.138s/step)
[pursuit-b] step 725/20000 loss -1.098412 (0.138s/step)
[pursuit-b] step 750/20000 loss -1.064626 (0.138s/step)
[pursuit-b] step 775/20000 loss -1.185401 (0.138s/step)
[pursuit-b] step 800/20000 loss -1.169965 (0.138s/step)
[pursuit-b] step 825/20000 loss -1.165330 (0.138s/step)
[pursuit-b] step 850/20000 loss -1.115374 (0.138s/step)
[pursuit-b] step 875/20000 loss -1.080354 (0.138s/step)
[pursuit-b] step 900/20000 loss -1.106687 (0.138s/step)
[pursuit-b] step 925/20000 loss -1.166596 (0.138s/step)
[pursuit-b] step 950/20000 loss -1.131677 (0.138s/step)
[pursuit-b] step 975/20000 loss -1.138591 (0.138s/step)
[pursuit-b] step 1000/20000 loss -1.109620 (0.138s/step)
[pursuit-b] step 1025/20000 loss -1.170237 (0.138s/step)
[pursuit-b] step 1050/20000 loss -1.170048 (0.138s/step)
[pursuit-b] step 1075/20000 loss -1.070220 (0.138s/step)
[pursuit-b] step 1100/20000 loss -1.152972 (0.138s/step)
[pursuit-b] step 1125/20000 loss -1.210170 (0.138s/step)
[pursuit-b] step 1150/20000 loss -1.094963 (0.138s/step)
[pursuit-b] step 1175/20000 loss -1.161084 (0.138s/step)
[pursuit-b] step 1200/20000 loss -1.168178 (0.138s/step)
[pursuit-b] step 1225/20000 loss -1.124326 (0.138s/step)
[pursuit-b] step 1250/20000 loss -1.134011 (0.138s/step)
[pursuit-b] step 1275/20000 loss -1.184957 (0.138s/step)
[pursuit-b] step 1300/20000 loss -1.180025 (0.138s/step)
[pursuit-b] step 1325/20000 loss -1.148666 (0.138s/step)
[pursuit-b] step 1350/20000 loss -1.119979 (0.138s/step)
[pursuit-b] step 1375/20000 loss -1.088057 (0.138s/step)
[pursuit-b] step 1400/20000 loss -1.132734 (0.138s/step)
[pursuit-b] step 1425/20000 loss -1.177562 (0.138s/step)
[pursuit-b] step 1450/20000 loss -1.154042 (0.138s/step)
[pursuit-b] step 1475/20000 loss -1.170127 (0.138s/step)
[pursuit-b] step 1500/20000 loss -1.157542 (0.138s/step)
[pursuit-b] step 1525/20000 loss -1.171916 (0.138s/step)
[pursuit-b] step 1550/20000 loss -1.182964 (0.137s/step)
[pursuit-b] step 1575/20000 loss -1.148559 (0.137s/step)
[pursuit-b] step 1600/20000 loss -1.170476 (0.137s/step)
[pursuit-b] step 1625/20000 loss -1.218036 (0.137s/step)
[pursuit-b] step 1650/20000 loss -1.123035 (0.137s/step)
[pursuit-b] step 1675/20000 loss -1.182714 (0.137s/step)
[pursuit-b] step 1700/20000 loss -1.202816 (0.137s/step)
[pursuit-b] step 1725/20000 loss -1.136517 (0.137s/step)
[pursuit-b] step 1750/20000 loss -1.139138 (0.137s/step)
[pursuit-b] step 1775/20000 loss -1.188836 (0.137s/step)
[pursuit-b] step 1800/20000 loss -1.200118 (0.137s/step)
[pursuit-b] step 1825/20000 loss -1.150963 (0.137s/step)
[pursuit-b] step 1850/20000 loss -1.143012 (0.137s/step)
[pursuit-b] step 1875/20000 loss -1.126354 (0.137s/step)
[pursuit-b] step 1900/20000 loss -1.167644 (0.137s/step)
[pursuit-b] step 1925/20000 loss -1.191471 (0.137s/step)
[pursuit-b] step 1950/20000 loss -1.171828 (0.137s/step)
[pursuit-b] step 1975/20000 loss -1.161380 (0.137s/step)
[pursuit-b] step 2000/20000 loss -1.179866 (0.137s/step)
[pursuit-b] step 2025/20000 loss -1.167457 (0.137s/step)
[pursuit-b] step 2050/20000 loss -1.168464 (0.137s/step)
[pursuit-b] step 2075/20000 loss -1.158023 (0.137s/step)
[pursuit-b] step 2100/20000 loss -1.166298 (0.137s/step)
[pursuit-b] step 2125/20000 loss -1.208062 (0.137s/step)
[pursuit-b] step 2150/20000 loss -1.138746 (0.137s/step)
[pursuit-b] step 2175/20000 loss -1.149601 (0.137s/step)
[pursuit-b] step 2200/20000 loss -1.184079 (0.137s/step)
[pursuit-b] step 2225/20000 loss -1.127502 (0.137s/step)
[pursuit-b] step 2250/20000 loss -1.143676 (0.137s/step)
[pursuit-b] step 2275/20000 loss -1.175734 (0.137s/step)
[pursuit-b] step 2300/20000 loss -1.198696 (0.137s/step)
[pursuit-b] step 2325/20000 loss -1.159655 (0.137s/step)
[pursuit-b] step 2350/20000 loss -1.127003 (0.137s/step)
[pursuit-b] step 2375/20000 loss -1.132548 (0.137s/step)
[pursuit-b] step 2400/20000 loss -1.170193 (0.137s/step)
[pursuit-b] step 2425/20000 loss -1.201821 (0.137s/step)
[pursuit-b] step 2450/20000 loss -1.143927 (0.137s/step)
[pursuit-b] step 2475/20000 loss -1.184056 (0.137s/step)
[pursuit-b] step 2500/20000 loss -1.193995 (0.137s/step)
[pursuit-b] step 2525/20000 loss -1.132913 (0.137s/step)
[pursuit-b] step 2550/20000 loss -1.167232 (0.137s/step)
[pursuit-b] step 2575/20000 loss -1.173394 (0.137s/step)
[pursuit-b] step 2600/20000 loss -1.171458 (0.137s/step)
[pursuit-b] step 2625/20000 loss -1.231988 (0.137s/step)
[pursuit-b] step 2650/20000 loss -1.166011 (0.137s/step)
[pursuit-b] step 2675/20000 loss -1.173647 (0.137s/step)
[pursuit-b] step 2700/20000 loss -1.190658 (0.137s/step)
[pursuit-b] step 2725/20000 loss -1.136828 (0.137s/step)
[pursuit-b] step 2750/20000 loss -1.165767 (0.137s/step)
[pursuit-b] step 2775/20000 loss -1.202055 (0.137s/step)
[pursuit-b] step 2800/20000 loss -1.206437 (0.137s/step)
[pursuit-b] step 2825/20000 loss -1.170281 (0.137s/step)
[pursuit-b] step 2850/20000 loss -1.143153 (0.137s/step)
[pursuit-b] step 2875/20000 loss -1.149914 (0.137s/step)
[pursuit-b] step 2900/20000 loss -1.157791 (0.137s/step)
[pursuit-b] step 2925/20000 loss -1.187822 (0.137s/step)
[pursuit-b] step 2950/20000 loss -1.165839 (0.137s/step)
[pursuit-b] step 2975/20000 loss -1.163362 (0.137s/step)
[pursuit-b] step 3000/20000 loss -1.154171 (0.137s/step)
[pursuit-b] step 3025/20000 loss -1.187218 (0.137s/step)
[pursuit-b] step 3050/20000 loss -1.190970 (0.137s/step)
[pursuit-b] step 3075/20000 loss -1.166392 (0.137s/step)
[pursuit-b] step 3100/20000 loss -1.167210 (0.137s/step)
[pursuit-b] step 3125/20000 loss -1.250089 (0.137s/step)
[pursuit-b] step 3150/20000 loss -1.143634 (0.137s/step)
[pursuit-b] step 3175/20000 loss -1.187141 (0.137s/step)
[pursuit-b] step 3200/20000 loss -1.200636 (0.137s/step)
[pursuit-b] step 3225/20000 loss -1.157305 (0.137s/step)
[pursuit-b] step 3250/20000 loss -1.162512 (0.137s/step)
[pursuit-b] step 3275/20000 loss -1.190735 (0.137s/step)
[pursuit-b] step 3300/20000 loss -1.204576 (0.137s/step)
[pursuit-b] step 3325/20000 loss -1.183763 (0.137s/step)
[pursuit-b] step 3350/20000 loss -1.152039 (0.137s/step)
[pursuit-b] step 3375/20000 loss -1.148941 (0.137s/step)
[pursuit-b] step 3400/20000 loss -1.169340 (0.137s/step)
[pursuit-b] step 3425/20000 loss -1.208764 (0.137s/step)
[pursuit-b] step 3450/20000 loss -1.188941 (0.137s/step)
[pursuit-b] step 3475/20000 loss -1.174785 (0.137s/step)
[pursuit-b] step 3500/20000 loss -1.159978 (0.137s/step)
[pursuit-b] step 3525/20000 loss -1.154046 (0.137s/step)
[pursuit-b] step 3550/20000 loss -1.182200 (0.137s/step)
[pursuit-b] step 3575/20000 loss -1.201617 (0.137s/step)
[pursuit-b] step 3600/20000 loss -1.178438 (0.137s/step)
[pursuit-b] step 3625/20000 loss -1.202686 (0.137s/step)
[pursuit-b] step 3650/20000 loss -1.153074 (0.137s/step)
[pursuit-b] step 3675/20000 loss -1.170512 (0.137s/step)
[pursuit-b] step 3700/20000 loss -1.217896 (0.137s/step)
[pursuit-b] step 3725/20000 loss -1.124173 (0.137s/step)
[pursuit-b] step 3750/20000 loss -1.163330 (0.137s/step)
[pursuit-b] step 3775/20000 loss -1.189931 (0.137s/step)
[pursuit-b] step 3800/20000 loss -1.174145 (0.137s/step)
[pursuit-b] step 3825/20000 loss -1.194812 (0.137s/step)
[pursuit-b] step 3850/20000 loss -1.143251 (0.137s/step)
[pursuit-b] step 3875/20000 loss -1.145888 (0.137s/step)
[pursuit-b] step 3900/20000 loss -1.177079 (0.137s/step)
[pursuit-b] step 3925/20000 loss -1.230496 (0.137s/step)
[pursuit-b] step 3950/20000 loss -1.176445 (0.137s/step)
[pursuit-b] step 3975/20000 loss -1.153287 (0.137s/step)
[pursuit-b] step 4000/20000 loss -1.196122 (0.137s/step)
[pursuit-b] step 4025/20000 loss -1.179457 (0.137s/step)
[pursuit-b] step 4050/20000 loss -1.209296 (0.137s/step)
[pursuit-b] step 4075/20000 loss -1.185682 (0.137s/step)
[pursuit-b] step 4100/20000 loss -1.165237 (0.137s/step)
[pursuit-b] step 4125/20000 loss -1.234466 (0.137s/step)
[pursuit-b] step 4150/20000 loss -1.150308 (0.137s/step)
[pursuit-b] step 4175/20000 loss -1.177911 (0.137s/step)
[pursuit-b] step 4200/20000 loss -1.212702 (0.137s/step)
[pursuit-b] step 4225/20000 loss -1.154923 (0.137s/step)
[pursuit-b] step 4250/20000 loss -1.177226 (0.137s/step)
[pursuit-b] step 4275/20000 loss -1.191910 (0.137s/step)
[pursuit-b] step 4300/20000 loss -1.193219 (0.137s/step)
[pursuit-b] step 4325/20000 loss -1.172128 (0.137s/step)
[pursuit-b] step 4350/20000 loss -1.144534 (0.137s/step)
[pursuit-b] step 4375/20000 loss -1.134698 (0.137s/step)
[pursuit-b] step 4400/20000 loss -1.172717 (0.137s/step)
[pursuit-b] step 4425/20000 loss -1.208350 (0.137s/step)
[pursuit-b] step 4450/20000 loss -1.148974 (0.137s/step)
[pursuit-b] step 4475/20000 loss -1.185241 (0.137s/step)
[pursuit-b] step 4500/20000 loss -1.204347 (0.137s/step)
[pursuit-b] step 4525/20000 loss -1.172623 (0.137s/step)
[pursuit-b] step 4550/20000 loss -1.226074 (0.137s/step)
[pursuit-b] step 4575/20000 loss -1.205897 (0.137s/step)
[pursuit-b] step 4600/20000 loss -1.179929 (0.137s/step)
[pursuit-b] step 4625/20000 loss -1.247133 (0.137s/step)
[pursuit-b] step 4650/20000 loss -1.188587 (0.137s/step)
[pursuit-b] step 4675/20000 loss -1.178591 (0.137s/step)
[pursuit-b] step 4700/20000 loss -1.212326 (0.137s/step)
[pursuit-b] step 4725/20000 loss -1.155396 (0.137s/step)
[pursuit-b] step 4750/20000 loss -1.199451 (0.137s/step)
[pursuit-b] step 4775/20000 loss -1.211804 (0.137s/step)
[pursuit-b] step 4800/20000 loss -1.197889 (0.137s/step)
[pursuit-b] step 4825/20000 loss -1.198006 (0.137s/step)
[pursuit-b] step 4850/20000 loss -1.165873 (0.137s/step)
[pursuit-b] step 4875/20000 loss -1.164717 (0.137s/step)
[pursuit-b] step 4900/20000 loss -1.176356 (0.137s/step)
[pursuit-b] step 4925/20000 loss -1.216546 (0.137s/step)
[pursuit-b] step 4950/20000 loss -1.162539 (0.137s/step)
[pursuit-b] step 4975/20000 loss -1.187472 (0.137s/step)
[pursuit-b] step 5000/20000 loss -1.183642 (0.137s/step)
[pursuit-b] step 5025/20000 loss -1.190498 (0.137s/step)
[pursuit-b] step 5050/20000 loss -1.231214 (0.137s/step)
[pursuit-b] step 5075/20000 loss -1.188312 (0.137s/step)
[pursuit-b] step 5100/20000 loss -1.163490 (0.137s/step)
[pursuit-b] step 5125/20000 loss -1.245749 (0.137s/step)
[pursuit-b] step 5150/20000 loss -1.176114 (0.137s/step)
[pursuit-b] step 5175/20000 loss -1.207579 (0.137s/step)
[pursuit-b] step 5200/20000 loss -1.239900 (0.137s/step)
[pursuit-b] step 5225/20000 loss -1.164012 (0.137s/step)
[pursuit-b] step 5250/20000 loss -1.188139 (0.137s/step)
[pursuit-b] step 5275/20000 loss -1.207210 (0.137s/step)
[pursuit-b] step 5300/20000 loss -1.206439 (0.137s/step)
[pursuit-b] step 5325/20000 loss -1.205598 (0.137s/step)
[pursuit-b] step 5350/20000 loss -1.158710 (0.137s/step)
[pursuit-b] step 5375/20000 loss -1.168967 (0.137s/step)
[pursuit-b] step 5400/20000 loss -1.173623 (0.137s/step)
[pursuit-b] step 5425/20000 loss -1.219010 (0.137s/step)
[pursuit-b] step 5450/20000 loss -1.172515 (0.137s/step)
[pursuit-b] step 5475/20000 loss -1.160013 (0.137s/step)
[pursuit-b] step 5500/20000 loss -1.187473 (0.137s/step)
[pursuit-b] step 5525/20000 loss -1.193703 (0.137s/step)
[pursuit-b] step 5550/20000 loss -1.212040 (0.137s/step)
[pursuit-b] step 5575/20000 loss -1.201358 (0.137s/step)
[pursuit-b] step 5600/20000 loss -1.192146 (0.137s/step)
[pursuit-b] step 5625/20000 loss -1.257351 (0.137s/step)
[pursuit-b] step 5650/20000 loss -1.188529 (0.137s/step)
[pursuit-b] step 5675/20000 loss -1.195171 (0.137s/step)
[pursuit-b] step 5700/20000 loss -1.228698 (0.137s/step)
[pursuit-b] step 5725/20000 loss -1.185770 (0.137s/step)
[pursuit-b] step 5750/20000 loss -1.206465 (0.137s/step)
[pursuit-b] step 5775/20000 loss -1.229410 (0.137s/step)
[pursuit-b] step 5800/20000 loss -1.219704 (0.137s/step)
[pursuit-b] step 5825/20000 loss -1.219626 (0.137s/step)
[pursuit-b] step 5850/20000 loss -1.169933 (0.137s/step)
[pursuit-b] step 5875/20000 loss -1.162626 (0.137s/step)
[pursuit-b] step 5900/20000 loss -1.179395 (0.137s/step)
[pursuit-b] step 5925/20000 loss -1.239067 (0.137s/step)
[pursuit-b] step 5950/20000 loss -1.188202 (0.137s/step)
[pursuit-b] step 5975/20000 loss -1.153801 (0.137s/step)
[pursuit-b] step 6000/20000 loss -1.191441 (0.137s/step)
[pursuit-b] step 6025/20000 loss -1.189272 (0.137s/step)
[pursuit-b] step 6050/20000 loss -1.209009 (0.137s/step)
[pursuit-b] step 6075/20000 loss -1.201867 (0.137s/step)
[pursuit-b] step 6100/20000 loss -1.171963 (0.137s/step)
[pursuit-b] step 6125/20000 loss -1.258864 (0.137s/step)
[pursuit-b] step 6150/20000 loss -1.187361 (0.137s/step)
[pursuit-b] step 6175/20000 loss -1.217370 (0.137s/step)
[pursuit-b] step 6200/20000 loss -1.241295 (0.137s/step)
[pursuit-b] step 6225/20000 loss -1.174944 (0.137s/step)
[pursuit-b] step 6250/20000 loss -1.198771 (0.137s/step)
[pursuit-b] step 6275/20000 loss -1.226306 (0.137s/step)
[pursuit-b] step 6300/20000 loss -1.202176 (0.137s/step)
[pursuit-b] step 6325/20000 loss -1.218114 (0.137s/step)
[pursuit-b] step 6350/20000 loss -1.184611 (0.137s/step)
[pursuit-b] step 6375/20000 loss -1.156027 (0.137s/step)
[pursuit-b] step 6400/20000 loss -1.195357 (0.137s/step)
[pursuit-b] step 6425/20000 loss -1.214648 (0.137s/step)
[pursuit-b] step 6450/20000 loss -1.185672 (0.137s/step)
[pursuit-b] step 6475/20000 loss -1.180318 (0.137s/step)
[pursuit-b] step 6500/20000 loss -1.199801 (0.137s/step)
[pursuit-b] step 6525/20000 loss -1.203758 (0.137s/step)
[pursuit-b] step 6550/20000 loss -1.216827 (0.137s/step)
[pursuit-b] step 6575/20000 loss -1.223610 (0.137s/step)
[pursuit-b] step 6600/20000 loss -1.187490 (0.137s/step)
[pursuit-b] step 6625/20000 loss -1.260791 (0.137s/step)
[pursuit-b] step 6650/20000 loss -1.189452 (0.137s/step)
[pursuit-b] step 6675/20000 loss -1.236248 (0.137s/step)
[pursuit-b] step 6700/20000 loss -1.234826 (0.137s/step)
[pursuit-b] step 6725/20000 loss -1.190059 (0.137s/step)
[pursuit-b] step 6750/20000 loss -1.209967 (0.137s/step)
[pursuit-b] step 6775/20000 loss -1.239782 (0.137s/step)
[pursuit-b] step 6800/20000 loss -1.209491 (0.137s/step)
[pursuit-b] step 6825/20000 loss -1.217553 (0.137s/step)
[pursuit-b] step 6850/20000 loss -1.166806 (0.137s/step)
[pursuit-b] step 6875/20000 loss -1.149366 (0.137s/step)
[pursuit-b] step 6900/20000 loss -1.186984 (0.137s/step)
[pursuit-b] step 6925/20000 loss -1.223779 (0.137s/step)
[pursuit-b] step 6950/20000 loss -1.184059 (0.137s/step)
[pursuit-b] step 6975/20000 loss -1.183260 (0.137s/step)
[pursuit-b] step 7000/20000 loss -1.206234 (0.137s/step)
[pursuit-b] step 7025/20000 loss -1.205813 (0.137s/step)
[pursuit-b] step 7050/20000 loss -1.228963 (0.137s/step)
[pursuit-b] step 7075/20000 loss -1.226691 (0.137s/step)
[pursuit-b] step 7100/20000 loss -1.210120 (0.137s/step)
[pursuit-b] step 7125/20000 loss -1.260881 (0.137s/step)
[pursuit-b] step 7150/20000 loss -1.226384 (0.137s/step)
[pursuit-b] step 7175/20000 loss -1.253395 (0.137s/step)
[pursuit-b] step 7200/20000 loss -1.263828 (0.137s/step)
[pursuit-b] step 7225/20000 loss -1.205474 (0.137s/step)
[pursuit-b] step 7250/20000 loss -1.219507 (0.137s/step)
[pursuit-b] step 7275/20000 loss -1.233354 (0.137s/step)
[pursuit-b] step 7300/20000 loss -1.203198 (0.137s/step)
[pursuit-b] step 7325/20000 loss -1.231138 (0.137s/step)
[pursuit-b] step 7350/20000 loss -1.149957 (0.137s/step)
[pursuit-b] step 7375/20000 loss -1.137312 (0.137s/step)
[pursuit-b] step 7400/20000 loss -1.188574 (0.137s/step)
[pursuit-b] step 7425/20000 loss -1.218132 (0.137s/step)
[pursuit-b] step 7450/20000 loss -1.153205 (0.137s/step)
[pursuit-b] step 7475/20000 loss -1.181127 (0.137s/step)
[pursuit-b] step 7500/20000 loss -1.201373 (0.137s/step)
[pursuit-b] step 7525/20000 loss -1.216554 (0.137s/step)
[pursuit-b] step 7550/20000 loss -1.241263 (0.137s/step)
[pursuit-b] step 7575/20000 loss -1.214827 (0.137s/step)
[pursuit-b] step 7600/20000 loss -1.210611 (0.137s/step)
[pursuit-b] step 7625/20000 loss -1.268447 (0.137s/step)
[pursuit-b] step 7650/20000 loss -1.219569 (0.137s/step)
[pursuit-b] step 7675/20000 loss -1.237825 (0.137s/step)
[pursuit-b] step 7700/20000 loss -1.256943 (0.137s/step)
[pursuit-b] step 7725/20000 loss -1.179676 (0.137s/step)
[pursuit-b] step 7750/20000 loss -1.206292 (0.137s/step)
[pursuit-b] step 7775/20000 loss -1.213874 (0.137s/step)
[pursuit-b] step 7800/20000 loss -1.210330 (0.137s/step)
[pursuit-b] step 7825/20000 loss -1.194912 (0.137s/step)
[pursuit-b] step 7850/20000 loss -1.159418 (0.137s/step)
[pursuit-b] step 7875/20000 loss -1.155044 (0.137s/step)
[pursuit-b] step 7900/20000 loss -1.187822 (0.137s/step)
[pursuit-b] step 7925/20000 loss -1.207803 (0.137s/step)
[pursuit-b] step 7950/20000 loss -1.168564 (0.137s/step)
[pursuit-b] step 7975/20000 loss -1.202227 (0.137s/step)
[pursuit-b] step 8000/20000 loss -1.199270 (0.137s/step)
[pursuit-b] step 8025/20000 loss -1.205062 (0.137s/step)
[pursuit-b] step 8050/20000 loss -1.248349 (0.137s/step)
[pursuit-b] step 8075/20000 loss -1.219827 (0.137s/step)
[pursuit-b] step 8100/20000 loss -1.214707 (0.137s/step)
[pursuit-b] step 8125/20000 loss -1.255404 (0.137s/step)
[pursuit-b] step 8150/20000 loss -1.233622 (0.137s/step)
[pursuit-b] step 8175/20000 loss -1.232302 (0.137s/step)
[pursuit-b] step 8200/20000 loss -1.250623 (0.137s/step)
[pursuit-b] step 8225/20000 loss -1.194698 (0.137s/step)
[pursuit-b] step 8250/20000 loss -1.220860 (0.137s/step)
[pursuit-b] step 8275/20000 loss -1.233503 (0.137s/step)
[pursuit-b] step 8300/20000 loss -1.234813 (0.137s/step)
[pursuit-b] step 8325/20000 loss -1.249813 (0.137s/step)
[pursuit-b] step 8350/20000 loss -1.183382 (0.137s/step)
[pursuit-b] step 8375/20000 loss -1.201567 (0.137s/step)
[pursuit-b] step 8400/20000 loss -1.204812 (0.137s/step)
[pursuit-b] step 8425/20000 loss -1.216327 (0.137s/step)
[pursuit-b] step 8450/20000 loss -1.173738 (0.137s/step)
[pursuit-b] step 8475/20000 loss -1.184638 (0.137s/step)
[pursuit-b] step 8500/20000 loss -1.217859 (0.137s/step)
[pursuit-b] step 8525/20000 loss -1.204823 (0.137s/step)
[pursuit-b] step 8550/20000 loss -1.235999 (0.137s/step)
[pursuit-b] step 8575/20000 loss -1.225864 (0.137s/step)
[pursuit-b] step 8600/20000 loss -1.208923 (0.137s/step)
[pursuit-b] step 8625/20000 loss -1.248544 (0.137s/step)
[pursuit-b] step 8650/20000 loss -1.201812 (0.137s/step)
[pursuit-b] step 8675/20000 loss -1.239807 (0.137s/step)
[pursuit-b] step 8700/20000 loss -1.257160 (0.137s/step)
[pursuit-b] step 8725/20000 loss -1.207828 (0.137s/step)
[pursuit-b] step 8750/20000 loss -1.215621 (0.137s/step)
[pursuit-b] step 8775/20000 loss -1.242074 (0.137s/step)
[pursuit-b] step 8800/20000 loss -1.247517 (0.137s/step)
[pursuit-b] step 8825/20000 loss -1.228886 (0.137s/step)
[pursuit-b] step 8850/20000 loss -1.177336 (0.137s/step)
[pursuit-b] step 8875/20000 loss -1.217600 (0.137s/step)
[pursuit-b] step 8900/20000 loss -1.209638 (0.137s/step)
[pursuit-b] step 8925/20000 loss -1.221809 (0.137s/step)
[pursuit-b] step 8950/20000 loss -1.214986 (0.137s/step)
[pursuit-b] step 8975/20000 loss -1.203182 (0.137s/step)
[pursuit-b] step 9000/20000 loss -1.218750 (0.137s/step)
[pursuit-b] step 9025/20000 loss -1.205598 (0.137s/step)
[pursuit-b] step 9050/20000 loss -1.246424 (0.137s/step)
[pursuit-b] step 9075/20000 loss -1.242348 (0.137s/step)
[pursuit-b] step 9100/20000 loss -1.216035 (0.137s/step)
[pursuit-b] step 9125/20000 loss -1.283815 (0.137s/step)
[pursuit-b] step 9150/20000 loss -1.233880 (0.137s/step)
[pursuit-b] step 9175/20000 loss -1.242197 (0.137s/step)
[pursuit-b] step 9200/20000 loss -1.267151 (0.137s/step)
[pursuit-b] step 9225/20000 loss -1.199332 (0.137s/step)
[pursuit-b] step 9250/20000 loss -1.218374 (0.137s/step)
[pursuit-b] step 9275/20000 loss -1.241777 (0.137s/step)
[pursuit-b] step 9300/20000 loss -1.235079 (0.137s/step)
[pursuit-b] step 9325/20000 loss -1.234425 (0.137s/step)
[pursuit-b] step 9350/20000 loss -1.185925 (0.137s/step)
[pursuit-b] step 9375/20000 loss -1.200162 (0.137s/step)
[pursuit-b] step 9400/20000 loss -1.206517 (0.137s/step)
[pursuit-b] step 9425/20000 loss -1.227461 (0.137s/step)
[pursuit-b] step 9450/20000 loss -1.205937 (0.137s/step)
[pursuit-b] step 9475/20000 loss -1.194289 (0.137s/step)
[pursuit-b] step 9500/20000 loss -1.231677 (0.137s/step)
[pursuit-b] step 9525/20000 loss -1.207804 (0.137s/step)
[pursuit-b] step 9550/20000 loss -1.247795 (0.137s/step)
[pursuit-b] step 9575/20000 loss -1.223968 (0.137s/step)
[pursuit-b] step 9600/20000 loss -1.237788 (0.137s/step)
[pursuit-b] step 9625/20000 loss -1.282438 (0.137s/step)
[pursuit-b] step 9650/20000 loss -1.208689 (0.137s/step)
[pursuit-b] step 9675/20000 loss -1.247104 (0.137s/step)
[pursuit-b] step 9700/20000 loss -1.263964 (0.137s/step)
[pursuit-b] step 9725/20000 loss -1.194531 (0.137s/step)
[pursuit-b] step 9750/20000 loss -1.203163 (0.137s/step)
[pursuit-b] step 9775/20000 loss -1.244762 (0.137s/step)
[pursuit-b] step 9800/20000 loss -1.247279 (0.137s/step)
[pursuit-b] step 9825/20000 loss -1.219405 (0.137s/step)
[pursuit-b] step 9850/20000 loss -1.178881 (0.137s/step)
[pursuit-b] step 9875/20000 loss -1.210465 (0.137s/step)
[pursuit-b] step 9900/20000 loss -1.209589 (0.137s/step)
[pursuit-b] step 9925/20000 loss -1.231806 (0.137s/step)
[pursuit-b] step 9950/20000 loss -1.205571 (0.137s/step)
[pursuit-b] step 9975/20000 loss -1.210126 (0.137s/step)
[pursuit-b] step 10000/20000 loss -1.228928 (0.137s/step)
[pursuit-b] step 10025/20000 loss -1.221722 (0.137s/step)
[pursuit-b] step 10050/20000 loss -1.242591 (0.137s/step)
[pursuit-b] step 10075/20000 loss -1.238171 (0.137s/step)
[pursuit-b] step 10100/20000 loss -1.241024 (0.137s/step)
[pursuit-b] step 10125/20000 loss -1.272619 (0.137s/step)
[pursuit-b] step 10150/20000 loss -1.228318 (0.136s/step)
[pursuit-b] step 10175/20000 loss -1.277849 (0.136s/step)
[pursuit-b] step 10200/20000 loss -1.277206 (0.136s/step)
[pursuit-b] step 10225/20000 loss -1.225480 (0.136s/step)
[pursuit-b] step 10250/20000 loss -1.225009 (0.136s/step)
[pursuit-b] step 10275/20000 loss -1.251652 (0.136s/step)
[pursuit-b] step 10300/20000 loss -1.254327 (0.136s/step)
[pursuit-b] step 10325/20000 loss -1.246456 (0.136s/step)
[pursuit-b] step 10350/20000 loss -1.189507 (0.136s/step)
[pursuit-b] step 10375/20000 loss -1.214730 (0.136s/step)
[pursuit-b] step 10400/20000 loss -1.193355 (0.136s/step)
[pursuit-b] step 10425/20000 loss -1.235572 (0.136s/step)
[pursuit-b] step 10450/20000 loss -1.221161 (0.136s/step)
[pursuit-b] step 10475/20000 loss -1.209642 (0.136s/step)
[pursuit-b] step 10500/20000 loss -1.236283 (0.136s/step)
[pursuit-b] step 10525/20000 loss -1.212659 (0.136s/step)
[pursuit-b] step 10550/20000 loss -1.250328 (0.136s/step)
[pursuit-b] step 10575/20000 loss -1.250038 (0.136s/step)
[pursuit-b] step 10600/20000 loss -1.244337 (0.136s/step)
[pursuit-b] step 10625/20000 loss -1.288993 (0.136s/step)
[pursuit-b] step 10650/20000 loss -1.234586 (0.136s/step)
[pursuit-b] step 10675/20000 loss -1.264544 (0.136s/step)
[pursuit-b] step 10700/20000 loss -1.272407 (0.136s/step)
[pursuit-b] step 10725/20000 loss -1.215788 (0.136s/step)
[pursuit-b] step 10750/20000 loss -1.233862 (0.136s/step)
[pursuit-b] step 10775/20000 loss -1.249979 (0.136s/step)
[pursuit-b] step 10800/20000 loss -1.255704 (0.136s/step)
[pursuit-b] step 10825/20000 loss -1.235270 (0.136s/step)
[pursuit-b] step 10850/20000 loss -1.197412 (0.136s/step)
[pursuit-b] step 10875/20000 loss -1.220580 (0.136s/step)
[pursuit-b] step 10900/20000 loss -1.216668 (0.136s/step)
[pursuit-b] step 10925/20000 loss -1.228279 (0.136s/step)
[pursuit-b] step 10950/20000 loss -1.200413 (0.136s/step)
[pursuit-b] step 10975/20000 loss -1.223729 (0.136s/step)
[pursuit-b] step 11000/20000 loss -1.235659 (0.136s/step)
[pursuit-b] step 11025/20000 loss -1.201607 (0.136s/step)
[pursuit-b] step 11050/20000 loss -1.264060 (0.136s/step)
[pursuit-b] step 11075/20000 loss -1.230381 (0.136s/step)
[pursuit-b] step 11100/20000 loss -1.242212 (0.136s/step)
[pursuit-b] step 11125/20000 loss -1.269630 (0.136s/step)
[pursuit-b] step 11150/20000 loss -1.242807 (0.136s/step)
[pursuit-b] step 11175/20000 loss -1.264327 (0.136s/step)
[pursuit-b] step 11200/20000 loss -1.279459 (0.136s/step)
[pursuit-b] step 11225/20000 loss -1.213310 (0.136s/step)
[pursuit-b] step 11250/20000 loss -1.225376 (0.136s/step)
[pursuit-b] step 11275/20000 loss -1.248061 (0.136s/step)
[pursuit-b] step 11300/20000 loss -1.264257 (0.136s/step)
[pursuit-b] step 11325/20000 loss -1.249859 (0.136s/step)
[pursuit-b] step 11350/20000 loss -1.206223 (0.136s/step)
[pursuit-b] step 11375/20000 loss -1.224708 (0.136s/step)
[pursuit-b] step 11400/20000 loss -1.229063 (0.136s/step)
[pursuit-b] step 11425/20000 loss -1.238112 (0.136s/step)
[pursuit-b] step 11450/20000 loss -1.216048 (0.136s/step)
[pursuit-b] step 11475/20000 loss -1.228988 (0.136s/step)
[pursuit-b] step 11500/20000 loss -1.248964 (0.136s/step)
[pursuit-b] step 11525/20000 loss -1.206342 (0.136s/step)
[pursuit-b] step 11550/20000 loss -1.277827 (0.136s/step)
[pursuit-b] step 11575/20000 loss -1.252906 (0.136s/step)
[pursuit-b] step 11600/20000 loss -1.253514 (0.136s/step)
[pursuit-b] step 11625/20000 loss -1.286025 (0.136s/step)
[pursuit-b] step 11650/20000 loss -1.240963 (0.136s/step)
[pursuit-b] step 11675/20000 loss -1.263511 (0.136s/step)
[pursuit-b] step 11700/20000 loss -1.286258 (0.136s/step)
[pursuit-b] step 11725/20000 loss -1.237232 (0.136s/step)
[pursuit-b] step 11750/20000 loss -1.227797 (0.136s/step)
[pursuit-b] step 11775/20000 loss -1.264695 (0.136s/step)
[pursuit-b] step 11800/20000 loss -1.262142 (0.136s/step)
[pursuit-b] step 11825/20000 loss -1.239240 (0.136s/step)
[pursuit-b] step 11850/20000 loss -1.196508 (0.136s/step)
[pursuit-b] step 11875/20000 loss -1.239917 (0.136s/step)
[pursuit-b] step 11900/20000 loss -1.250071 (0.136s/step)
[pursuit-b] step 11925/20000 loss -1.240373 (0.136s/step)
[pursuit-b] step 11950/20000 loss -1.232837 (0.136s/step)
[pursuit-b] step 11975/20000 loss -1.239276 (0.136s/step)
[pursuit-b] step 12000/20000 loss -1.256073 (0.136s/step)
[pursuit-b] step 12025/20000 loss -1.235968 (0.136s/step)
[pursuit-b] step 12050/20000 loss -1.278234 (0.136s/step)
[pursuit-b] step 12075/20000 loss -1.263426 (0.136s/step)
[pursuit-b] step 12100/20000 loss -1.261698 (0.136s/step)
[pursuit-b] step 12125/20000 loss -1.285235 (0.136s/step)
[pursuit-b] step 12150/20000 loss -1.258478 (0.136s/step)
[pursuit-b] step 12175/20000 loss -1.285716 (0.136s/step)
[pursuit-b] step 12200/20000 loss -1.292410 (0.136s/step)
[pursuit-b] step 12225/20000 loss -1.212785 (0.136s/step)
[pursuit-b] step 12250/20000 loss -1.244377 (0.136s/step)
[pursuit-b] step 12275/20000 loss -1.259677 (0.136s/step)
[pursuit-b] step 12300/20000 loss -1.269990 (0.136s/step)
[pursuit-b] step 12325/20000 loss -1.251763 (0.136s/step)
[pursuit-b] step 12350/20000 loss -1.198578 (0.136s/step)
[pursuit-b] step 12375/20000 loss -1.225081 (0.136s/step)
[pursuit-b] step 12400/20000 loss -1.222635 (0.136s/step)
[pursuit-b] step 12425/20000 loss -1.242044 (0.136s/step)
[pursuit-b] step 12450/20000 loss -1.216560 (0.136s/step)
[pursuit-b] step 12475/20000 loss -1.242199 (0.136s/step)
[pursuit-b] step 12500/20000 loss -1.268746 (0.136s/step)
[pursuit-b] step 12525/20000 loss -1.211328 (0.136s/step)
[pursuit-b] step 12550/20000 loss -1.265746 (0.136s/step)
[pursuit-b] step 12575/20000 loss -1.246718 (0.136s/step)
[pursuit-b] step 12600/20000 loss -1.239596 (0.136s/step)
[pursuit-b] step 12625/20000 loss -1.286812 (0.136s/step)
[pursuit-b] step 12650/20000 loss -1.252388 (0.136s/step)
[pursuit-b] step 12675/20000 loss -1.277818 (0.136s/step)
[pursuit-b] step 12700/20000 loss -1.283786 (0.136s/step)
[pursuit-b] step 12725/20000 loss -1.235011 (0.136s/step)
[pursuit-b] step 12750/20000 loss -1.247857 (0.136s/step)
[pursuit-b] step 12775/20000 loss -1.285178 (0.136s/step)
[pursuit-b] step 12800/20000 loss -1.258016 (0.136s/step)
[pursuit-b] step 12825/20000 loss -1.250296 (0.136s/step)
[pursuit-b] step 12850/20000 loss -1.206144 (0.136s/step)
[pursuit-b] step 12875/20000 loss -1.231809 (0.136s/step)
[pursuit-b] step 12900/20000 loss -1.248349 (0.136s/step)
[pursuit-b] step 12925/20000 loss -1.227613 (0.136s/step)
[pursuit-b] step 12950/20000 loss -1.234625 (0.136s/step)
[pursuit-b] step 12975/20000 loss -1.219762 (0.136s/step)
[pursuit-b] step 13000/20000 loss -1.277586 (0.136s/step)
[pursuit-b] step 13025/20000 loss -1.243472 (0.136s/step)
[pursuit-b] step 13050/20000 loss -1.269275 (0.136s/step)
[pursuit-b] step 13075/20000 loss -1.258282 (0.136s/step)
[pursuit-b] step 13100/20000 loss -1.253608 (0.136s/step)
[pursuit-b] step 13125/20000 loss -1.278917 (0.136s/step)
[pursuit-b] step 13150/20000 loss -1.256872 (0.136s/step)
[pursuit-b] step 13175/20000 loss -1.290334 (0.136s/step)
[pursuit-b] step 13200/20000 loss -1.301033 (0.136s/step)
[pursuit-b] step 13225/20000 loss -1.223533 (0.136s/step)
[pursuit-b] step 13250/20000 loss -1.238501 (0.136s/step)
[pursuit-b] step 13275/20000 loss -1.279229 (0.136s/step)
[pursuit-b] step 13300/20000 loss -1.286010 (0.136s/step)
[pursuit-b] step 13325/20000 loss -1.266380 (0.136s/step)
[pursuit-b] step 13350/20000 loss -1.210908 (0.136s/step)
[pursuit-b] step 13375/20000 loss -1.233837 (0.136s/step)
[pursuit-b] step 13400/20000 loss -1.253832 (0.136s/step)
[pursuit-b] step 13425/20000 loss -1.240189 (0.136s/step)
[pursuit-b] step 13450/20000 loss -1.232843 (0.136s/step)
[pursuit-b] step 13475/20000 loss -1.229014 (0.136s/step)
[pursuit-b] step 13500/20000 loss -1.263654 (0.136s/step)
[pursuit-b] step 13525/20000 loss -1.243111 (0.136s/step)
[pursuit-b] step 13550/20000 loss -1.271852 (0.136s/step)
[pursuit-b] step 13575/20000 loss -1.246646 (0.136s/step)
[pursuit-b] step 13600/20000 loss -1.280732 (0.136s/step)
[pursuit-b] step 13625/20000 loss -1.299712 (0.136s/step)
[pursuit-b] step 13650/20000 loss -1.268720 (0.136s/step)
[pursuit-b] step 13675/20000 loss -1.289936 (0.136s/step)
[pursuit-b] step 13700/20000 loss -1.289073 (0.136s/step)
[pursuit-b] step 13725/20000 loss -1.226763 (0.136s/step)
[pursuit-b] step 13750/20000 loss -1.252004 (0.136s/step)
[pursuit-b] step 13775/20000 loss -1.272710 (0.136s/step)
[pursuit-b] step 13800/20000 loss -1.288909 (0.136s/step)
[pursuit-b] step 13825/20000 loss -1.252264 (0.136s/step)
[pursuit-b] step 13850/20000 loss -1.200143 (0.136s/step)
[pursuit-b] step 13875/20000 loss -1.224812 (0.136s/step)
[pursuit-b] step 13900/20000 loss -1.257472 (0.136s/step)
[pursuit-b] step 13925/20000 loss -1.237297 (0.136s/step)
[pursuit-b] step 13950/20000 loss -1.218696 (0.136s/step)
[pursuit-b] step 13975/20000 loss -1.221753 (0.136s/step)
[pursuit-b] step 14000/20000 loss -1.273987 (0.136s/step)
[pursuit-b] step 14025/20000 loss -1.237078 (0.136s/step)
[pursuit-b] step 14050/20000 loss -1.281065 (0.136s/step)
[pursuit-b] step 14075/20000 loss -1.251278 (0.136s/step)
[pursuit-b] step 14100/20000 loss -1.258748 (0.136s/step)
[pursuit-b] step 14125/20000 loss -1.281791 (0.136s/step)
[pursuit-b] step 14150/20000 loss -1.260476 (0.136s/step)
[pursuit-b] step 14175/20000 loss -1.292939 (0.136s/step)
[pursuit-b] step 14200/20000 loss -1.275190 (0.136s/step)
[pursuit-b] step 14225/20000 loss -1.219944 (0.136s/step)
[pursuit-b] step 14250/20000 loss -1.238246 (0.136s/step)
[pursuit-b] step 14275/20000 loss -1.276653 (0.136s/step)
[pursuit-b] step 14300/20000 loss -1.280702 (0.136s/step)
[pursuit-b] step 14325/20000 loss -1.267371 (0.136s/step)
[pursuit-b] step 14350/20000 loss -1.209744 (0.136s/step)
[pursuit-b] step 14375/20000 loss -1.254482 (0.136s/step)
[pursuit-b] step 14400/20000 loss -1.260996 (0.136s/step)
[pursuit-b] step 14425/20000 loss -1.259995 (0.136s/step)
[pursuit-b] step 14450/20000 loss -1.241356 (0.136s/step)
[pursuit-b] step 14475/20000 loss -1.230243 (0.136s/step)
[pursuit-b] step 14500/20000 loss -1.270160 (0.136s/step)
[pursuit-b] step 14525/20000 loss -1.241818 (0.136s/step)
[pursuit-b] step 14550/20000 loss -1.283130 (0.136s/step)
[pursuit-b] step 14575/20000 loss -1.261434 (0.136s/step)
[pursuit-b] step 14600/20000 loss -1.244051 (0.136s/step)
[pursuit-b] step 14625/20000 loss -1.295594 (0.136s/step)
[pursuit-b] step 14650/20000 loss -1.259959 (0.136s/step)
[pursuit-b] step 14675/20000 loss -1.308479 (0.136s/step)
[pursuit-b] step 14700/20000 loss -1.299393 (0.136s/step)
[pursuit-b] step 14725/20000 loss -1.245984 (0.136s/step)
[pursuit-b] step 14750/20000 loss -1.242199 (0.136s/step)
[pursuit-b] step 14775/20000 loss -1.278932 (0.136s/step)
[pursuit-b] step 14800/20000 loss -1.291026 (0.136s/step)
[pursuit-b] step 14825/20000 loss -1.259371 (0.136s/step)
[pursuit-b] step 14850/20000 loss -1.219936 (0.136s/step)
[pursuit-b] step 14875/20000 loss -1.262989 (0.136s/step)
[pursuit-b] step 14900/20000 loss -1.271910 (0.136s/step)
[pursuit-b] step 14925/20000 loss -1.259314 (0.136s/step)
[pursuit-b] step 14950/20000 loss -1.253579 (0.136s/step)
[pursuit-b] step 14975/20000 loss -1.231544 (0.136s/step)
[pursuit-b] step 15000/20000 loss -1.266259 (0.136s/step)
[pursuit-b] step 15025/20000 loss -1.246646 (0.136s/step)
[pursuit-b] step 15050/20000 loss -1.292845 (0.136s/step)
[pursuit-b] step 15075/20000 loss -1.262431 (0.136s/step)
[pursuit-b] step 15100/20000 loss -1.259518 (0.136s/step)
[pursuit-b] step 15125/20000 loss -1.298983 (0.136s/step)
[pursuit-b] step 15150/20000 loss -1.276773 (0.136s/step)
[pursuit-b] step 15175/20000 loss -1.305744 (0.136s/step)
[pursuit-b] step 15200/20000 loss -1.296926 (0.136s/step)
[pursuit-b] step 15225/20000 loss -1.236811 (0.136s/step)
[pursuit-b] step 15250/20000 loss -1.249001 (0.136s/step)
[pursuit-b] step 15275/20000 loss -1.281594 (0.136s/step)
[pursuit-b] step 15300/20000 loss -1.279340 (0.136s/step)
[pursuit-b] step 15325/20000 loss -1.258056 (0.136s/step)
[pursuit-b] step 15350/20000 loss -1.239422 (0.136s/step)
[pursuit-b] step 15375/20000 loss -1.260825 (0.136s/step)
[pursuit-b] step 15400/20000 loss -1.277668 (0.136s/step)
[pursuit-b] step 15425/20000 loss -1.272996 (0.136s/step)
[pursuit-b] step 15450/20000 loss -1.253282 (0.136s/step)
[pursuit-b] step 15475/20000 loss -1.254540 (0.136s/step)
[pursuit-b] step 15500/20000 loss -1.281456 (0.136s/step)
[pursuit-b] step 15525/20000 loss -1.258773 (0.136s/step)
[pursuit-b] step 15550/20000 loss -1.285192 (0.136s/step)
[pursuit-b] step 15575/20000 loss -1.261663 (0.136s/step)
[pursuit-b] step 15600/20000 loss -1.277288 (0.136s/step)
[pursuit-b] step 15625/20000 loss -1.291207 (0.136s/step)
[pursuit-b] step 15650/20000 loss -1.278928 (0.136s/step)
[pursuit-b] step 15675/20000 loss -1.315130 (0.136s/step)
[pursuit-b] step 15700/20000 loss -1.305954 (0.136s/step)
[pursuit-b] step 15725/20000 loss -1.258244 (0.136s/step)
[pursuit-b] step 15750/20000 loss -1.259117 (0.136s/step)
[pursuit-b] step 15775/20000 loss -1.279715 (0.136s/step)
[pursuit-b] step 15800/20000 loss -1.298114 (0.136s/step)
[pursuit-b] step 15825/20000 loss -1.267677 (0.136s/step)
[pursuit-b] step 15850/20000 loss -1.218082 (0.136s/step)
[pursuit-b] step 15875/20000 loss -1.244927 (0.136s/step)
[pursuit-b] step 15900/20000 loss -1.271949 (0.136s/step)
[pursuit-b] step 15925/20000 loss -1.277469 (0.136s/step)
[pursuit-b] step 15950/20000 loss -1.233633 (0.136s/step)
[pursuit-b] step 15975/20000 loss -1.241552 (0.136s/step)
[pursuit-b] step 16000/20000 loss -1.255315 (0.136s/step)
[pursuit-b] step 16025/20000 loss -1.254309 (0.136s/step)
[pursuit-b] step 16050/20000 loss -1.280406 (0.136s/step)
[pursuit-b] step 16075/20000 loss -1.249547 (0.136s/step)
[pursuit-b] step 16100/20000 loss -1.268803 (0.136s/step)
[pursuit-b] step 16125/20000 loss -1.247918 (0.136s/step)
[pursuit-b] step 16150/20000 loss -1.251548 (0.136s/step)
[pursuit-b] step 16175/20000 loss -1.286368 (0.136s/step)
[pursuit-b] step 16200/20000 loss -1.299950 (0.136s/step)
[pursuit-b] step 16225/20000 loss -1.251024 (0.136s/step)
[pursuit-b] step 16250/20000 loss -1.262055 (0.136s/step)
[pursuit-b] step 16275/20000 loss -1.276150 (0.136s/step)
[pursuit-b] step 16300/20000 loss -1.304026 (0.136s/step)
[pursuit-b] step 16325/20000 loss -1.261819 (0.136s/step)
[pursuit-b] step 16350/20000 loss -1.217135 (0.136s/step)
[pursuit-b] step 16375/20000 loss -1.281901 (0.136s/step)
[pursuit-b] step 16400/20000 loss -1.264394 (0.136s/step)
[pursuit-b] step 16425/20000 loss -1.243662 (0.136s/step)
[pursuit-b] step 16450/20000 loss -1.254493 (0.136s/step)
[pursuit-b] step 16475/20000 loss -1.247180 (0.136s/step)
[pursuit-b] step 16500/20000 loss -1.274510 (0.136s/step)
[pursuit-b] step 16525/20000 loss -1.243853 (0.137s/step)
[pursuit-b] step 16550/20000 loss -1.282106 (0.137s/step)
[pursuit-b] step 16575/20000 loss -1.258883 (0.137s/step)
[pursuit-b] step 16600/20000 loss -1.292294 (0.137s/step)
[pursuit-b] step 16625/20000 loss -1.290360 (0.137s/step)
[pursuit-b] step 16650/20000 loss -1.273380 (0.137s/step)
[pursuit-b] step 16675/20000 loss -1.290449 (0.137s/step)
[pursuit-b] step 16700/20000 loss -1.290306 (0.137s/step)
[pursuit-b] step 16725/20000 loss -1.262331 (0.137s/step)
[pursuit-b] step 16750/20000 loss -1.256584 (0.137s/step)
[pursuit-b] step 16775/20000 loss -1.281913 (0.137s/step)
[pursuit-b] step 16800/20000 loss -1.301342 (0.137s/step)
[pursuit-b] step 16825/20000 loss -1.279561 (0.137s/step)
[pursuit-b] step 16850/20000 loss -1.218227 (0.137s/step)
[pursuit-b] step 16875/20000 loss -1.274797 (0.137s/step)
[pursuit-b] step 16900/20000 loss -1.260412 (0.137s/step)
[pursuit-b] step 16925/20000 loss -1.276678 (0.137s/step)
[pursuit-b] step 16950/20000 loss -1.254513 (0.137s/step)
[pursuit-b] step 16975/20000 loss -1.258080 (0.137s/step)
[pursuit-b] step 17000/20000 loss -1.288932 (0.137s/step)
[pursuit-b] step 17025/20000 loss -1.253757 (0.137s/step)
[pursuit-b] step 17050/20000 loss -1.288918 (0.137s/step)
[pursuit-b] step 17075/20000 loss -1.272694 (0.137s/step)
[pursuit-b] step 17100/20000 loss -1.301938 (0.137s/step)
[pursuit-b] step 17125/20000 loss -1.289058 (0.137s/step)
[pursuit-b] step 17150/20000 loss -1.281474 (0.137s/step)
[pursuit-b] step 17175/20000 loss -1.301818 (0.137s/step)
[pursuit-b] step 17200/20000 loss -1.288065 (0.137s/step)
[pursuit-b] step 17225/20000 loss -1.246235 (0.137s/step)
[pursuit-b] step 17250/20000 loss -1.261466 (0.137s/step)
[pursuit-b] step 17275/20000 loss -1.283807 (0.137s/step)
[pursuit-b] step 17300/20000 loss -1.292264 (0.137s/step)
[pursuit-b] step 17325/20000 loss -1.280112 (0.137s/step)
[pursuit-b] step 17350/20000 loss -1.234006 (0.137s/step)
[pursuit-b] step 17375/20000 loss -1.255346 (0.137s/step)
[pursuit-b] step 17400/20000 loss -1.262354 (0.137s/step)
[pursuit-b] step 17425/20000 loss -1.276211 (0.137s/step)
[pursuit-b] step 17450/20000 loss -1.258973 (0.137s/step)
[pursuit-b] step 17475/20000 loss -1.255953 (0.137s/step)
[pursuit-b] step 17500/20000 loss -1.288815 (0.137s/step)
[pursuit-b] step 17525/20000 loss -1.259945 (0.137s/step)
[pursuit-b] step 17550/20000 loss -1.290623 (0.137s/step)
[pursuit-b] step 17575/20000 loss -1.274191 (0.137s/step)
[pursuit-b] step 17600/20000 loss -1.284618 (0.137s/step)
[pursuit-b] step 17625/20000 loss -1.279550 (0.137s/step)
[pursuit-b] step 17650/20000 loss -1.269314 (0.137s/step)
[pursuit-b] step 17675/20000 loss -1.295795 (0.137s/step)
[pursuit-b] step 17700/20000 loss -1.291956 (0.137s/step)
[pursuit-b] step 17725/20000 loss -1.265167 (0.137s/step)
[pursuit-b] step 17750/20000 loss -1.269467 (0.137s/step)
[pursuit-b] step 17775/20000 loss -1.296774 (0.137s/step)
[pursuit-b] step 17800/20000 loss -1.291766 (0.137s/step)
[pursuit-b] step 17825/20000 loss -1.291264 (0.137s/step)
[pursuit-b] step 17850/20000 loss -1.243222 (0.137s/step)
[pursuit-b] step 17875/20000 loss -1.262355 (0.137s/step)
[pursuit-b] step 17900/20000 loss -1.270151 (0.137s/step)
[pursuit-b] step 17925/20000 loss -1.278237 (0.137s/step)
[pursuit-b] step 17950/20000 loss -1.273031 (0.137s/step)
[pursuit-b] step 17975/20000 loss -1.263162 (0.137s/step)
[pursuit-b] step 18000/20000 loss -1.289341 (0.137s/step)
[pursuit-b] step 18025/20000 loss -1.256460 (0.137s/step)
[pursuit-b] step 18050/20000 loss -1.300925 (0.137s/step)
[pursuit-b] step 18075/20000 loss -1.286983 (0.137s/step)
[pursuit-b] step 18100/20000 loss -1.281485 (0.137s/step)
[pursuit-b] step 18125/20000 loss -1.281911 (0.137s/step)
[pursuit-b] step 18150/20000 loss -1.285202 (0.137s/step)
[pursuit-b] step 18175/20000 loss -1.298645 (0.137s/step)
[pursuit-b] step 18200/20000 loss -1.301376 (0.137s/step)
[pursuit-b] step 18225/20000 loss -1.270472 (0.137s/step)
[pursuit-b] step 18250/20000 loss -1.276655 (0.137s/step)
[pursuit-b] step 18275/20000 loss -1.297212 (0.137s/step)
[pursuit-b] step 18300/20000 loss -1.305909 (0.137s/step)
[pursuit-b] step 18325/20000 loss -1.293890 (0.137s/step)
[pursuit-b] step 18350/20000 loss -1.235461 (0.137s/step)
[pursuit-b] step 18375/20000 loss -1.270286 (0.137s/step)
[pursuit-b] step 18400/20000 loss -1.253635 (0.137s/step)
[pursuit-b] step 18425/20000 loss -1.278505 (0.137s/step)
[pursuit-b] step 18450/20000 loss -1.285937 (0.137s/step)
[pursuit-b] step 18475/20000 loss -1.257983 (0.137s/step)
[pursuit-b] step 18500/20000 loss -1.289553 (0.137s/step)
[pursuit-b] step 18525/20000 loss -1.265735 (0.137s/step)
[pursuit-b] step 18550/20000 loss -1.290907 (0.137s/step)
[pursuit-b] step 18575/20000 loss -1.276137 (0.137s/step)
[pursuit-b] step 18600/20000 loss -1.277054 (0.137s/step)
[pursuit-b] step 18625/20000 loss -1.274185 (0.137s/step)
[pursuit-b] step 18650/20000 loss -1.289573 (0.137s/step)
[pursuit-b] step 18675/20000 loss -1.293445 (0.137s/step)
[pursuit-b] step 18700/20000 loss -1.289978 (0.137s/step)
[pursuit-b] step 18725/20000 loss -1.272157 (0.137s/step)
[pursuit-b] step 18750/20000 loss -1.278234 (0.137s/step)
[pursuit-b] step 18775/20000 loss -1.298609 (0.137s/step)
[pursuit-b] step 18800/20000 loss -1.298643 (0.137s/step)
[pursuit-b] step 18825/20000 loss -1.292989 (0.137s/step)
[pursuit-b] step 18850/20000 loss -1.237244 (0.137s/step)
[pursuit-b] step 18875/20000 loss -1.257410 (0.137s/step)
[pursuit-b] step 18900/20000 loss -1.272969 (0.137s/step)
[pursuit-b] step 18925/20000 loss -1.291623 (0.137s/step)
[pursuit-b] step 18950/20000 loss -1.280702 (0.137s/step)
[pursuit-b] step 18975/20000 loss -1.251122 (0.137s/step)
[pursuit-b] step 19000/20000 loss -1.287841 (0.137s/step)
[pursuit-b] step 19025/20000 loss -1.274426 (0.137s/step)
[pursuit-b] step 19050/20000 loss -1.297447 (0.137s/step)
[pursuit-b] step 19075/20000 loss -1.285130 (0.137s/step)
[pursuit-b] step 19100/20000 loss -1.292596 (0.137s/step)
[pursuit-b] step 19125/20000 loss -1.298422 (0.137s/step)
[pursuit-b] step 19150/20000 loss -1.289971 (0.137s/step)
[pursuit-b] step 19175/20000 loss -1.312431 (0.137s/step)
[pursuit-b] step 19200/20000 loss -1.305466 (0.137s/step)
[pursuit-b] step 19225/20000 loss -1.270224 (0.137s/step)
[pursuit-b] step 19250/20000 loss -1.272858 (0.137s/step)
[pursuit-b] step 19275/20000 loss -1.300045 (0.137s/step)
[pursuit-b] step 19300/20000 loss -1.292659 (0.137s/step)
[pursuit-b] step 19325/20000 loss -1.304248 (0.137s/step)
[pursuit-b] step 19350/20000 loss -1.236766 (0.137s/step)
[pursuit-b] step 19375/20000 loss -1.263779 (0.137s/step)
[pursuit-b] step 19400/20000 loss -1.259451 (0.137s/step)
[pursuit-b] step 19425/20000 loss -1.258532 (0.137s/step)
[pursuit-b] step 19450/20000 loss -1.287031 (0.137s/step)
[pursuit-b] step 19475/20000 loss -1.248961 (0.137s/step)
[pursuit-b] step 19500/20000 loss -1.274438 (0.137s/step)
[pursuit-b] step 19525/20000 loss -1.263831 (0.137s/step)
[pursuit-b] step 19550/20000 loss -1.291793 (0.137s/step)
[pursuit-b] step 19575/20000 loss -1.275265 (0.137s/step)
[pursuit-b] step 19600/20000 loss -1.305521 (0.137s/step)
[pursuit-b] step 19625/20000 loss -1.296731 (0.137s/step)
[pursuit-b] step 19650/20000 loss -1.283107 (0.137s/step)
[pursuit-b] step 19675/20000 loss -1.302926 (0.137s/step)
[pursuit-b] step 19700/20000 loss -1.306018 (0.137s/step)
[pursuit-b] step 19725/20000 loss -1.277781 (0.137s/step)
[pursuit-b] step 19750/20000 loss -1.286292 (0.137s/step)
[pursuit-b] step 19775/20000 loss -1.283796 (0.137s/step)
[pursuit-b] step 19800/20000 loss -1.291717 (0.137s/step)
[pursuit-b] step 19825/20000 loss -1.308141 (0.137s/step)
[pursuit-b] step 19850/20000 loss -1.241598 (0.137s/step)
[pursuit-b] step 19875/20000 loss -1.275388 (0.137s/step)
[pursuit-b] step 19900/20000 loss -1.280246 (0.137s/step)
[pursuit-b] step 19925/20000 loss -1.272722 (0.137s/step)
[pursuit-b] step 19950/20000 loss -1.287992 (0.137s/step)
[pursuit-b] step 19975/20000 loss -1.251336 (0.137s/step)
[pursuit-b] step 20000/20000 loss -1.296059 (0.137s/step)
[pursuit-b] saved trained K_2, delta_omega, and optimizer state to outputs/ckpt-3shapes-20000.pt
[pursuit-b] evaluating on val: 50 images, 10 seeds
[pursuit-b] eval seed 1: mean FG ARI +0.6574
[pursuit-b] eval seed 2: mean FG ARI +0.6741
[pursuit-b] eval seed 3: mean FG ARI +0.6606
[pursuit-b] eval seed 4: mean FG ARI +0.6654
[pursuit-b] eval seed 5: mean FG ARI +0.6609
[pursuit-b] eval seed 6: mean FG ARI +0.6713
[pursuit-b] eval seed 7: mean FG ARI +0.6630
[pursuit-b] eval seed 8: mean FG ARI +0.6654
[pursuit-b] eval seed 9: mean FG ARI +0.6705
[pursuit-b] eval seed 10: mean FG ARI +0.6653
[pursuit-b] wrote outputs/pursuit-b-3shapes-20000.json

FG ARI +0.6654 +/- 0.0050   (M0 at defaults 0.2395, cc 0.24)
P6 (above cc 0.16): True
diagnostic, above M0 at defaults 0.1209: True  (by >2 seed SD: True)
